==== p4 chain start 2026-10-08  2:54:23.13 
W1008 02:54:30.203000 134504 .venv\Lib\site-packages\torch\utils\flop_counter.py:29] triton not found; flop counting will not work for triton kernels
==== stage npb start 02:54:30
  [dense d=1 np s0] diverged at step 43: restore to 0 + lr -> 0.015 (backoff 1)
  [dense d=1 np s0] diverged at step 63: restore to 0 + lr -> 0.0075 (backoff 2)
  [dense d=1 np s0] diverged at step 98: restore to 0 + lr -> 0.00375 (backoff 3)
  [dense d=1 np s0] diverged at step 143: restore to 0 + lr -> 0.001875 (backoff 4)
  [dense d=1 np s0] diverged at step 228: restore to 0 + lr -> 0.0009375 (backoff 5)
  [dense d=1 np s0] FAILED after 5 backoffs at step 423
  -> results\p4\npb\lr\rownorm\lr0.03.json val 0.3612 test 0.3622 acc0 0.109 backoffs 6 perturbed 1,863,690 (2s)
  [dense d=1 np s0] diverged at step 63: restore to 0 + lr -> 0.0075 (backoff 1)
  [dense d=1 np s0] diverged at step 96: restore to 0 + lr -> 0.00375 (backoff 2)
  [dense d=1 np s0] diverged at step 150: restore to 0 + lr -> 0.001875 (backoff 3)
  [dense d=1 np s0] diverged at step 259: restore to 0 + lr -> 0.0009375 (backoff 4)
  [dense d=1 np lr=0.0009375 s0] step 1000/2150 val 0.6782 test 0.6993 loss 0.967 bo 4 (3s)
  [dense d=1 np lr=0.0009375 s0] step 2000/2150 val 0.8794 test 0.8786 loss 0.353 bo 4 (6s)
  [dense d=1 np lr=0.0009375 s0] step 2150/2150 val 0.8844 test 0.8845 loss 0.530 bo 4 (6s)
  -> results\p4\npb\lr\rownorm\lr0.015.json val 0.8826 test 0.8823 acc0 0.109 backoffs 4 perturbed 1,863,690 (6s)
  [dense d=1 np s0] diverged at step 98: restore to 0 + lr -> 0.0035 (backoff 1)
  [dense d=1 np s0] diverged at step 162: restore to 0 + lr -> 0.00175 (backoff 2)
  [dense d=1 np s0] diverged at step 254: restore to 0 + lr -> 0.000875 (backoff 3)
  [dense d=1 np lr=0.000875 s0] step 1000/2150 val 0.5804 test 0.5870 loss 1.936 bo 3 (3s)
  [dense d=1 np lr=0.000875 s0] step 2000/2150 val 0.8794 test 0.8800 loss 0.399 bo 3 (5s)
  [dense d=1 np lr=0.000875 s0] step 2150/2150 val 0.8838 test 0.8846 loss 0.364 bo 3 (6s)
  -> results\p4\npb\lr\rownorm\lr0.007.json val 0.8822 test 0.8828 acc0 0.109 backoffs 3 perturbed 1,863,690 (6s)
  [dense d=1 np s0] diverged at step 148: restore to 0 + lr -> 0.00175 (backoff 1)
  [dense d=1 np s0] diverged at step 281: restore to 0 + lr -> 0.000875 (backoff 2)
  [dense d=1 np lr=0.000875 s0] step 1000/2150 val 0.6118 test 0.6110 loss 1.483 bo 2 (3s)
  [dense d=1 np lr=0.000875 s0] step 2000/2150 val 0.8818 test 0.8867 loss 0.538 bo 2 (5s)
  [dense d=1 np lr=0.000875 s0] step 2150/2150 val 0.8842 test 0.8858 loss 0.466 bo 2 (5s)
  -> results\p4\npb\lr\rownorm\lr0.0035.json val 0.8835 test 0.8858 acc0 0.109 backoffs 2 perturbed 1,863,690 (5s)
  [dense d=1 np s0] diverged at step 250: restore to 0 + lr -> 0.00085 (backoff 1)
  [dense d=1 np lr=0.00085 s0] step 1000/2150 val 0.7042 test 0.7032 loss 1.331 bo 1 (3s)
  [dense d=1 np lr=0.00085 s0] step 2000/2150 val 0.8738 test 0.8797 loss 0.538 bo 1 (5s)
  [dense d=1 np lr=0.00085 s0] step 2150/2150 val 0.8794 test 0.8853 loss 0.185 bo 1 (5s)
  -> results\p4\npb\lr\rownorm\lr0.0017.json val 0.8777 test 0.8832 acc0 0.109 backoffs 1 perturbed 1,863,690 (5s)
  [dense d=1 np lr=0.0008 s0] step 1000/2150 val 0.5896 test 0.5918 loss 2.577 bo 0 (2s)
  [dense d=1 np lr=0.0008 s0] step 2000/2150 val 0.8758 test 0.8822 loss 0.384 bo 0 (4s)
  [dense d=1 np lr=0.0008 s0] step 2150/2150 val 0.8792 test 0.8827 loss 0.481 bo 0 (4s)
  -> results\p4\npb\lr\rownorm\lr0.0008.json val 0.8781 test 0.8825 acc0 0.109 backoffs 0 perturbed 1,863,690 (4s)
  [dense d=1 np lr=0.0004 s0] step 1000/2150 val 0.3180 test 0.3245 loss 2.861 bo 0 (2s)
  [dense d=1 np lr=0.0004 s0] step 2000/2150 val 0.8484 test 0.8519 loss 0.544 bo 0 (4s)
  [dense d=1 np lr=0.0004 s0] step 2150/2150 val 0.8482 test 0.8542 loss 0.597 bo 0 (5s)
  -> results\p4\npb\lr\rownorm\lr0.0004.json val 0.8483 test 0.8533 acc0 0.109 backoffs 0 perturbed 1,863,690 (5s)
  [dense d=1 np lr=0.0002 s0] step 1000/2150 val 0.7118 test 0.7194 loss 1.246 bo 0 (2s)
  [dense d=1 np lr=0.0002 s0] step 2000/2150 val 0.8140 test 0.8223 loss 0.904 bo 0 (5s)
  [dense d=1 np lr=0.0002 s0] step 2150/2150 val 0.8148 test 0.8189 loss 0.911 bo 0 (5s)
  -> results\p4\npb\lr\rownorm\lr0.0002.json val 0.8145 test 0.8200 acc0 0.109 backoffs 0 perturbed 1,863,690 (5s)
  [dense d=1 np lr=0.0001 s0] step 1000/2150 val 0.7286 test 0.7225 loss 1.813 bo 0 (2s)
  [dense d=1 np lr=0.0001 s0] step 2000/2150 val 0.7616 test 0.7695 loss 1.487 bo 0 (4s)
  [dense d=1 np lr=0.0001 s0] step 2150/2150 val 0.7606 test 0.7698 loss 1.479 bo 0 (5s)
  -> results\p4\npb\lr\rownorm\lr0.0001.json val 0.7609 test 0.7698 acc0 0.109 backoffs 0 perturbed 1,863,690 (5s)
[npb] rownorm lr -> (0.0035, 0.8834666666666666)
  [dense d=1 np s0] diverged at step 148: restore to 0 + lr -> 0.00175 (backoff 1)
  [dense d=1 np s0] diverged at step 281: restore to 0 + lr -> 0.000875 (backoff 2)
  [dense d=1 np lr=0.000875 s0] step 1000/6450 val 0.4292 test 0.4244 loss 4.383 bo 2 (3s)
  [dense d=1 np lr=0.000875 s0] step 2000/6450 val 0.6696 test 0.6764 loss 2.447 bo 2 (6s)
  [dense d=1 np lr=0.000875 s0] step 3000/6450 val 0.8262 test 0.8237 loss 0.672 bo 2 (8s)
  [dense d=1 np lr=0.000875 s0] step 4000/6450 val 0.7542 test 0.7668 loss 0.495 bo 2 (10s)
  [dense d=1 np lr=0.000875 s0] step 5000/6450 val 0.9046 test 0.8985 loss 0.352 bo 2 (12s)
  [dense d=1 np lr=0.000875 s0] step 6000/6450 val 0.9080 test 0.9110 loss 0.287 bo 2 (14s)
  [dense d=1 np lr=0.000875 s0] step 6450/6450 val 0.9140 test 0.9124 loss 0.202 bo 2 (16s)
  -> results\p4\npb\rownorm\seed0.json val 0.9143 test 0.9123 acc0 0.109 backoffs 2 perturbed 1,863,690 (16s)
  [dense d=1 np s1] diverged at step 158: restore to 0 + lr -> 0.00175 (backoff 1)
  [dense d=1 np s1] diverged at step 251: restore to 0 + lr -> 0.000875 (backoff 2)
  [dense d=1 np lr=0.000875 s1] step 1000/6450 val 0.5974 test 0.5938 loss 3.035 bo 2 (3s)
  [dense d=1 np lr=0.000875 s1] step 2000/6450 val 0.5002 test 0.5155 loss 2.363 bo 2 (5s)
  [dense d=1 np lr=0.000875 s1] step 3000/6450 val 0.8014 test 0.8062 loss 0.584 bo 2 (8s)
  [dense d=1 np lr=0.000875 s1] step 4000/6450 val 0.8458 test 0.8456 loss 0.534 bo 2 (10s)
  [dense d=1 np lr=0.000875 s1] step 5000/6450 val 0.9116 test 0.9054 loss 0.327 bo 2 (12s)
  [dense d=1 np lr=0.000875 s1] step 6000/6450 val 0.9160 test 0.9141 loss 0.323 bo 2 (14s)
  [dense d=1 np lr=0.000875 s1] step 6450/6450 val 0.9180 test 0.9167 loss 0.242 bo 2 (15s)
  -> results\p4\npb\rownorm\seed1.json val 0.9180 test 0.9168 acc0 0.118 backoffs 2 perturbed 1,863,690 (15s)
  [dense d=1 np s2] diverged at step 161: restore to 0 + lr -> 0.00175 (backoff 1)
  [dense d=1 np s2] diverged at step 256: restore to 0 + lr -> 0.000875 (backoff 2)
  [dense d=1 np s2] diverged at step 412: restore to 200 + lr -> 0.0004375 (backoff 3)
  [dense d=1 np lr=0.0004375 s2] step 1000/6450 val 0.3712 test 0.3748 loss 3.036 bo 3 (3s)
  [dense d=1 np lr=0.0004375 s2] step 2000/6450 val 0.6456 test 0.6382 loss 1.353 bo 3 (5s)
  [dense d=1 np lr=0.0004375 s2] step 3000/6450 val 0.7464 test 0.7629 loss 0.649 bo 3 (8s)
  [dense d=1 np lr=0.0004375 s2] step 4000/6450 val 0.8832 test 0.8863 loss 0.524 bo 3 (10s)
  [dense d=1 np lr=0.0004375 s2] step 5000/6450 val 0.8858 test 0.8866 loss 0.279 bo 3 (12s)
  [dense d=1 np lr=0.0004375 s2] step 6000/6450 val 0.9060 test 0.9054 loss 0.283 bo 3 (14s)
  [dense d=1 np lr=0.0004375 s2] step 6450/6450 val 0.9068 test 0.9075 loss 0.423 bo 3 (15s)
  -> results\p4\npb\rownorm\seed2.json val 0.9071 test 0.9074 acc0 0.091 backoffs 3 perturbed 1,863,690 (15s)
  [dense d=1 np s0] diverged at step 42: restore to 0 + lr -> 0.015 (backoff 1)
  [dense d=1 np s0] diverged at step 60: restore to 0 + lr -> 0.0075 (backoff 2)
  [dense d=1 np s0] diverged at step 92: restore to 0 + lr -> 0.00375 (backoff 3)
  [dense d=1 np s0] diverged at step 138: restore to 0 + lr -> 0.001875 (backoff 4)
  [dense d=1 np s0] diverged at step 230: restore to 0 + lr -> 0.0009375 (backoff 5)
  [dense d=1 np s0] FAILED after 5 backoffs at step 376
  -> results\p4\npb\lr\wd\lr0.03.json val 0.2741 test 0.2803 acc0 0.109 backoffs 6 perturbed 1,863,690 (2s)
  [dense d=1 np s0] diverged at step 61: restore to 0 + lr -> 0.0075 (backoff 1)
  [dense d=1 np s0] diverged at step 90: restore to 0 + lr -> 0.00375 (backoff 2)
  [dense d=1 np s0] diverged at step 138: restore to 0 + lr -> 0.001875 (backoff 3)
  [dense d=1 np s0] diverged at step 228: restore to 0 + lr -> 0.0009375 (backoff 4)
  [dense d=1 np s0] diverged at step 363: restore to 100 + lr -> 0.00046875 (backoff 5)
  [dense d=1 np lr=0.00046875 s0] step 1000/2150 val 0.7762 test 0.7719 loss 0.869 bo 5 (3s)
  [dense d=1 np lr=0.00046875 s0] step 2000/2150 val 0.8732 test 0.8750 loss 0.270 bo 5 (5s)
  [dense d=1 np lr=0.00046875 s0] step 2150/2150 val 0.8786 test 0.8760 loss 0.336 bo 5 (5s)
  -> results\p4\npb\lr\wd\lr0.015.json val 0.8767 test 0.8759 acc0 0.109 backoffs 5 perturbed 1,863,690 (5s)
  [dense d=1 np s0] diverged at step 95: restore to 0 + lr -> 0.0035 (backoff 1)
  [dense d=1 np s0] diverged at step 150: restore to 0 + lr -> 0.00175 (backoff 2)
  [dense d=1 np s0] diverged at step 226: restore to 0 + lr -> 0.000875 (backoff 3)
  [dense d=1 np s0] diverged at step 369: restore to 100 + lr -> 0.0004375 (backoff 4)
  [dense d=1 np lr=0.0004375 s0] step 1000/2150 val 0.6786 test 0.6862 loss 1.432 bo 4 (3s)
  [dense d=1 np lr=0.0004375 s0] step 2000/2150 val 0.8744 test 0.8767 loss 0.552 bo 4 (5s)
  [dense d=1 np lr=0.0004375 s0] step 2150/2150 val 0.8780 test 0.8778 loss 0.288 bo 4 (5s)
  -> results\p4\npb\lr\wd\lr0.007.json val 0.8769 test 0.8773 acc0 0.109 backoffs 4 perturbed 1,863,690 (5s)
  [dense d=1 np s0] diverged at step 142: restore to 0 + lr -> 0.00175 (backoff 1)
  [dense d=1 np s0] diverged at step 227: restore to 0 + lr -> 0.000875 (backoff 2)
  [dense d=1 np s0] diverged at step 376: restore to 100 + lr -> 0.0004375 (backoff 3)
  [dense d=1 np lr=0.0004375 s0] step 1000/2150 val 0.5364 test 0.5412 loss 1.431 bo 3 (3s)
  [dense d=1 np lr=0.0004375 s0] step 2000/2150 val 0.8714 test 0.8762 loss 0.375 bo 3 (5s)
  [dense d=1 np lr=0.0004375 s0] step 2150/2150 val 0.8736 test 0.8800 loss 0.541 bo 3 (5s)
  -> results\p4\npb\lr\wd\lr0.0035.json val 0.8727 test 0.8787 acc0 0.109 backoffs 3 perturbed 1,863,690 (5s)
  [dense d=1 np s0] diverged at step 236: restore to 0 + lr -> 0.00085 (backoff 1)
  [dense d=1 np s0] diverged at step 400: restore to 100 + lr -> 0.000425 (backoff 2)
  [dense d=1 np lr=0.000425 s0] step 1000/2150 val 0.5358 test 0.5337 loss 2.108 bo 2 (3s)
  [dense d=1 np lr=0.000425 s0] step 2000/2150 val 0.8662 test 0.8691 loss 0.299 bo 2 (5s)
  [dense d=1 np lr=0.000425 s0] step 2150/2150 val 0.8660 test 0.8700 loss 0.382 bo 2 (5s)
  -> results\p4\npb\lr\wd\lr0.0017.json val 0.8661 test 0.8696 acc0 0.109 backoffs 2 perturbed 1,863,690 (5s)
  [dense d=1 np s0] diverged at step 417: restore to 200 + lr -> 0.0004 (backoff 1)
  [dense d=1 np lr=0.0004 s0] step 1000/2150 val 0.6258 test 0.6365 loss 1.643 bo 1 (2s)
  [dense d=1 np lr=0.0004 s0] step 2000/2150 val 0.8724 test 0.8743 loss 0.426 bo 1 (4s)
  [dense d=1 np lr=0.0004 s0] step 2150/2150 val 0.8718 test 0.8750 loss 0.465 bo 1 (4s)
  -> results\p4\npb\lr\wd\lr0.0008.json val 0.8719 test 0.8743 acc0 0.109 backoffs 1 perturbed 1,863,690 (4s)
  [dense d=1 np lr=0.0004 s0] step 1000/2150 val 0.5254 test 0.5432 loss 1.394 bo 0 (2s)
  [dense d=1 np lr=0.0004 s0] step 2000/2150 val 0.8734 test 0.8701 loss 0.449 bo 0 (4s)
  [dense d=1 np lr=0.0004 s0] step 2150/2150 val 0.8738 test 0.8703 loss 0.571 bo 0 (4s)
  -> results\p4\npb\lr\wd\lr0.0004.json val 0.8735 test 0.8704 acc0 0.109 backoffs 0 perturbed 1,863,690 (4s)
  [dense d=1 np lr=0.0002 s0] step 1000/2150 val 0.7286 test 0.7383 loss 1.132 bo 0 (2s)
  [dense d=1 np lr=0.0002 s0] step 2000/2150 val 0.8290 test 0.8315 loss 0.793 bo 0 (4s)
  [dense d=1 np lr=0.0002 s0] step 2150/2150 val 0.8272 test 0.8303 loss 0.801 bo 0 (4s)
  -> results\p4\npb\lr\wd\lr0.0002.json val 0.8278 test 0.8307 acc0 0.109 backoffs 0 perturbed 1,863,690 (4s)
  [dense d=1 np lr=0.0001 s0] step 1000/2150 val 0.7324 test 0.7283 loss 1.784 bo 0 (2s)
  [dense d=1 np lr=0.0001 s0] step 2000/2150 val 0.7602 test 0.7715 loss 1.412 bo 0 (4s)
  [dense d=1 np lr=0.0001 s0] step 2150/2150 val 0.7608 test 0.7712 loss 1.403 bo 0 (4s)
  -> results\p4\npb\lr\wd\lr0.0001.json val 0.7607 test 0.7713 acc0 0.109 backoffs 0 perturbed 1,863,690 (4s)
[npb] wd lr -> (0.007, 0.8769333333333332)
  [dense d=1 np s0] diverged at step 95: restore to 0 + lr -> 0.0035 (backoff 1)
  [dense d=1 np s0] diverged at step 150: restore to 0 + lr -> 0.00175 (backoff 2)
  [dense d=1 np s0] diverged at step 226: restore to 0 + lr -> 0.000875 (backoff 3)
  [dense d=1 np s0] diverged at step 373: restore to 100 + lr -> 0.0004375 (backoff 4)
  [dense d=1 np lr=0.0004375 s0] step 1000/6450 val 0.5710 test 0.5803 loss 3.199 bo 4 (3s)
  [dense d=1 np lr=0.0004375 s0] step 2000/6450 val 0.6556 test 0.6628 loss 4.145 bo 4 (5s)
  [dense d=1 np lr=0.0004375 s0] step 3000/6450 val 0.7816 test 0.7855 loss 2.364 bo 4 (7s)
  [dense d=1 np lr=0.0004375 s0] step 4000/6450 val 0.8494 test 0.8526 loss 1.772 bo 4 (8s)
  [dense d=1 np lr=0.0004375 s0] step 5000/6450 val 0.9010 test 0.9032 loss 0.208 bo 4 (10s)
  [dense d=1 np lr=0.0004375 s0] step 6000/6450 val 0.9274 test 0.9241 loss 0.325 bo 4 (12s)
  [dense d=1 np lr=0.0004375 s0] step 6450/6450 val 0.9272 test 0.9245 loss 0.386 bo 4 (13s)
  -> results\p4\npb\wd\seed0.json val 0.9273 test 0.9244 acc0 0.109 backoffs 4 perturbed 1,863,690 (13s)
  [dense d=1 np s1] diverged at step 99: restore to 0 + lr -> 0.0035 (backoff 1)
  [dense d=1 np s1] diverged at step 149: restore to 0 + lr -> 0.00175 (backoff 2)
  [dense d=1 np s1] diverged at step 239: restore to 0 + lr -> 0.000875 (backoff 3)
  [dense d=1 np s1] diverged at step 381: restore to 100 + lr -> 0.0004375 (backoff 4)
  [dense d=1 np lr=0.0004375 s1] step 1000/6450 val 0.5634 test 0.5706 loss 3.588 bo 4 (3s)
  [dense d=1 np lr=0.0004375 s1] step 2000/6450 val 0.6194 test 0.6180 loss 2.139 bo 4 (5s)
  [dense d=1 np s1] diverged at step 2647: restore to 2400 + lr -> 0.00021875 (backoff 5)
  [dense d=1 np lr=0.00021875 s1] step 3000/6450 val 0.8948 test 0.8887 loss 0.601 bo 5 (7s)
  [dense d=1 np lr=0.00021875 s1] step 4000/6450 val 0.9108 test 0.9091 loss 0.428 bo 5 (9s)
  [dense d=1 np lr=0.00021875 s1] step 5000/6450 val 0.9182 test 0.9183 loss 0.371 bo 5 (11s)
  [dense d=1 np lr=0.00021875 s1] step 6000/6450 val 0.9194 test 0.9210 loss 0.349 bo 5 (13s)
  [dense d=1 np lr=0.00021875 s1] step 6450/6450 val 0.9206 test 0.9220 loss 0.333 bo 5 (13s)
  -> results\p4\npb\wd\seed1.json val 0.9205 test 0.9220 acc0 0.118 backoffs 5 perturbed 1,863,690 (13s)
  [dense d=1 np s2] diverged at step 97: restore to 0 + lr -> 0.0035 (backoff 1)
  [dense d=1 np s2] diverged at step 143: restore to 0 + lr -> 0.00175 (backoff 2)
  [dense d=1 np s2] diverged at step 221: restore to 0 + lr -> 0.000875 (backoff 3)
  [dense d=1 np s2] diverged at step 434: restore to 200 + lr -> 0.0004375 (backoff 4)
  [dense d=1 np lr=0.0004375 s2] step 1000/6450 val 0.6474 test 0.6455 loss 1.905 bo 4 (3s)
  [dense d=1 np lr=0.0004375 s2] step 2000/6450 val 0.7114 test 0.7036 loss 2.737 bo 4 (5s)
  [dense d=1 np s2] diverged at step 2160: restore to 1900 + lr -> 0.00021875 (backoff 5)
  [dense d=1 np lr=0.00021875 s2] step 2000/6450 val 0.8280 test 0.8255 loss 1.401 bo 5 (6s)
  [dense d=1 np lr=0.00021875 s2] step 3000/6450 val 0.8608 test 0.8617 loss 0.596 bo 5 (8s)
  [dense d=1 np lr=0.00021875 s2] step 4000/6450 val 0.9136 test 0.9116 loss 0.320 bo 5 (10s)
  [dense d=1 np lr=0.00021875 s2] step 5000/6450 val 0.9178 test 0.9202 loss 0.401 bo 5 (11s)
  [dense d=1 np lr=0.00021875 s2] step 6000/6450 val 0.9236 test 0.9216 loss 0.335 bo 5 (13s)
  [dense d=1 np lr=0.00021875 s2] step 6450/6450 val 0.9252 test 0.9220 loss 0.302 bo 5 (14s)
  -> results\p4\npb\wd\seed2.json val 0.9250 test 0.9220 acc0 0.091 backoffs 5 perturbed 1,863,690 (14s)
==== stage npb end 02:57:20
==== stage lr start 02:57:20
  [p4 1024KB sparse10 bp lr=0.1 s0] b=1 r=1 buf=100 A_last 0.4595 A_auc 0.5605 forget 0.422 bo 0 (29s)
  [p4 1024KB sparse10 bp lr=0.03 s0] b=1 r=1 buf=100 A_last 0.4445 A_auc 0.4565 forget 0.155 bo 0 (20s)
  [p4 1024KB sparse10 bp lr=0.01 s0] b=1 r=1 buf=100 A_last 0.2500 A_auc 0.3750 forget 0.500 bo 0 (20s)
[lr] bp -> (0.1, 0.5605)
  [p4 1024KB sparse10 np lr=0.01 s0] b=1 r=1 buf=179 A_last 0.0000 A_auc nan forget 0.000 bo 6 FAILED (9s)
  [p4 1024KB sparse10 np lr=0.003 s0] b=1 r=1 buf=179 A_last 0.2500 A_auc 0.1255 forget 0.002 bo 5 (41s)
  [p4 1024KB sparse10 np lr=0.001 s0] b=1 r=1 buf=179 A_last 0.2500 A_auc 0.1465 forget 0.103 bo 4 (41s)
  [p4 1024KB sparse10 np lr=0.0003 s0] b=1 r=1 buf=179 A_last 0.2500 A_auc 0.2501 forget 0.499 bo 2 (40s)
  [p4 1024KB sparse10 np lr=0.0001 s0] b=1 r=1 buf=179 A_last 0.2485 A_auc 0.2492 forget 0.500 bo 0 (42s)
[lr] np -> (0.0003, 0.250125)
  [p4 1024KB sparse10 fg lr=0.01 s0] b=1 r=1 buf=106 A_last 0.2500 A_auc 0.3483 forget 0.500 bo 2 (148s)
  [p4 1024KB sparse10 fg lr=0.003 s0] b=1 r=1 buf=106 A_last 0.2500 A_auc 0.3758 forget 0.503 bo 1 (144s)
  [p4 1024KB sparse10 fg lr=0.001 s0] b=1 r=1 buf=106 A_last 0.2500 A_auc 0.3750 forget 0.500 bo 0 (144s)
  [p4 1024KB sparse10 fg lr=0.0003 s0] b=1 r=1 buf=106 A_last 0.2500 A_auc 0.3750 forget 0.000 bo 0 (141s)
[lr] fg -> (0.003, 0.37575000000000003)
==== stage lr end 03:11:02
==== stage main start 03:11:02
  [p4 384KB sparse10 bp_mem lr=0.1 s0] b=1 r=0 buf=0 A_last 0.1000 A_auc 0.2283 forget 0.500 bo 0 (86s)
  [p4 384KB sparse10 np lr=0.0003 s0] b=1 r=0 buf=0 A_last 0.0942 A_auc 0.1744 forget 0.252 bo 3 (96s)
  [p4 384KB sparse10 fg s0] does not fit (params 75KB)
  [p4 384KB sparse10 bp_mem lr=0.1 s1] b=1 r=0 buf=0 A_last 0.1000 A_auc 0.2283 forget 0.500 bo 0 (83s)
  [p4 384KB sparse10 np lr=0.0003 s1] b=1 r=0 buf=0 A_last 0.1088 A_auc 0.1252 forget 0.457 bo 4 (93s)
  [p4 384KB sparse10 fg s1] does not fit (params 75KB)
  [p4 384KB sparse10 bp_mem lr=0.1 s2] b=1 r=0 buf=0 A_last 0.1000 A_auc 0.2283 forget 0.500 bo 0 (82s)
  [p4 384KB sparse10 np lr=0.0003 s2] b=1 r=0 buf=0 A_last 0.1218 A_auc 0.0840 forget 0.289 bo 4 (94s)
  [p4 384KB sparse10 fg s2] does not fit (params 75KB)
  [p4 512KB sparse10 bp_mem lr=0.1 s0] b=1 r=0 buf=0 A_last 0.1000 A_auc 0.2283 forget 0.500 bo 0 (83s)
  [p4 512KB sparse10 np lr=0.0003 s0] b=1 r=1 buf=8 A_last 0.0969 A_auc 0.1315 forget 0.133 bo 6 FAILED (99s)
  [p4 512KB sparse10 fg lr=0.003 s0] b=1 r=0 buf=0 A_last 0.1353 A_auc 0.2310 forget 0.500 bo 2 (352s)
  [p4 512KB sparse10 bp_mem lr=0.1 s1] b=1 r=0 buf=0 A_last 0.1000 A_auc 0.2283 forget 0.500 bo 0 (84s)
  [p4 512KB sparse10 np lr=0.0003 s1] b=1 r=1 buf=8 A_last 0.0971 A_auc 0.2128 forget 0.124 bo 3 (102s)
  [p4 512KB sparse10 fg lr=0.003 s1] b=1 r=0 buf=0 A_last 0.0993 A_auc 0.1783 forget 0.500 bo 2 (355s)
  [p4 512KB sparse10 bp_mem lr=0.1 s2] b=1 r=0 buf=0 A_last 0.1000 A_auc 0.2283 forget 0.500 bo 0 (83s)
  [p4 512KB sparse10 np lr=0.0003 s2] b=1 r=1 buf=8 A_last 0.0741 A_auc 0.0735 forget 0.061 bo 2 (97s)
  [p4 512KB sparse10 fg lr=0.003 s2] b=1 r=0 buf=0 A_last 0.1000 A_auc 0.1783 forget 0.500 bo 2 (359s)
  [p4 4096KB sparse10 bp_mem lr=0.1 s0] b=1 r=1 buf=1170 A_last 0.1626 A_auc 0.3459 forget 0.583 bo 0 (88s)
  [p4 4096KB sparse10 np lr=0.0003 s0] b=1 r=1 buf=1203 A_last 0.1000 A_auc 0.1625 forget 0.320 bo 3 (104s)
  [p4 4096KB sparse10 bp lr=0.1 s0] b=1 r=1 buf=1123 A_last 0.2013 A_auc 0.3434 forget 0.585 bo 0 (51s)
  [p4 4096KB sparse10 fg lr=0.003 s0] b=1 r=1 buf=1129 A_last 0.1120 A_auc 0.2303 forget 0.510 bo 2 (359s)
  [p4 4096KB sparse10 bp_mem lr=0.1 s1] b=1 r=1 buf=1170 A_last 0.2609 A_auc 0.3535 forget 0.485 bo 0 (87s)
  [p4 4096KB sparse10 np lr=0.0003 s1] b=1 r=1 buf=1203 A_last 0.0951 A_auc 0.1475 forget 0.294 bo 3 (100s)
  [p4 4096KB sparse10 bp lr=0.1 s1] b=1 r=1 buf=1123 A_last 0.2160 A_auc 0.3188 forget 0.460 bo 0 (50s)
  [p4 4096KB sparse10 fg lr=0.003 s1] b=1 r=1 buf=1129 A_last 0.1202 A_auc 0.2326 forget 0.507 bo 2 (366s)
  [p4 4096KB sparse10 bp_mem lr=0.1 s2] b=1 r=1 buf=1170 A_last 0.2124 A_auc 0.3570 forget 0.495 bo 0 (86s)
  [p4 4096KB sparse10 np lr=0.0003 s2] b=1 r=1 buf=1203 A_last 0.1104 A_auc 0.0653 forget 0.103 bo 3 (101s)
  [p4 4096KB sparse10 bp lr=0.1 s2] b=1 r=1 buf=1123 A_last 0.2216 A_auc 0.3672 forget 0.512 bo 0 (51s)
  [p4 4096KB sparse10 fg lr=0.003 s2] b=1 r=1 buf=1129 A_last 0.0953 A_auc 0.2285 forget 0.510 bo 2 (360s)
  [p4 1024KB sparse10 bp_mem lr=0.1 s0] b=1 r=1 buf=147 A_last 0.1686 A_auc 0.3626 forget 0.536 bo 0 (85s)
  [p4 1024KB sparse10 np lr=0.0003 s0] b=1 r=1 buf=179 A_last 0.0986 A_auc 0.1785 forget 0.130 bo 3 (100s)
  [p4 1024KB sparse10 bp lr=0.1 s0] b=1 r=1 buf=100 A_last 0.1288 A_auc 0.3531 forget 0.631 bo 0 (51s)
  [p4 1024KB sparse10 fg lr=0.003 s0] b=1 r=1 buf=106 A_last 0.0995 A_auc 0.2359 forget 0.529 bo 2 (360s)
  [p4 1024KB sparse10 bp_mem lr=0.1 s1] b=1 r=1 buf=147 A_last 0.1686 A_auc 0.3129 forget 0.506 bo 0 (87s)
  [p4 1024KB sparse10 np lr=0.0003 s1] b=1 r=1 buf=179 A_last 0.1044 A_auc 0.0826 forget 0.374 bo 2 (102s)
  [p4 1024KB sparse10 bp lr=0.1 s1] b=1 r=1 buf=100 A_last 0.1939 A_auc 0.3131 forget 0.467 bo 0 (50s)
  [p4 1024KB sparse10 fg lr=0.003 s1] b=1 r=1 buf=106 A_last 0.1147 A_auc 0.2283 forget 0.499 bo 2 (359s)
  [p4 1024KB sparse10 bp_mem lr=0.1 s2] b=1 r=1 buf=147 A_last 0.1762 A_auc 0.3591 forget 0.643 bo 0 (87s)
  [p4 1024KB sparse10 np lr=0.0003 s2] b=1 r=1 buf=179 A_last 0.0840 A_auc 0.0652 forget 0.113 bo 3 (105s)
  [p4 1024KB sparse10 bp lr=0.1 s2] b=1 r=1 buf=100 A_last 0.1226 A_auc 0.3230 forget 0.478 bo 1 (50s)
  [p4 1024KB sparse10 fg lr=0.003 s2] b=1 r=1 buf=106 A_last 0.1002 A_auc 0.2284 forget 0.379 bo 2 (360s)
  [p4 4096KB dense bp_mem lr=0.1 s0] b=1 r=1 buf=939 A_last 0.1000 A_auc 0.2283 forget 0.500 bo 0 (87s)
  [p4 4096KB dense np lr=0.0003 s0] b=1 r=1 buf=971 A_last 0.1005 A_auc 0.1047 forget 0.179 bo 5 (98s)
  [p4 4096KB dense bp lr=0.1 s0] b=1 r=1 buf=808 A_last 0.1000 A_auc 0.2283 forget 0.500 bo 0 (50s)
  [p4 4096KB dense fg lr=0.003 s0] b=1 r=1 buf=654 A_last 0.1000 A_auc 0.2283 forget 0.000 bo 3 (358s)
  [p4 4096KB dense bp_mem lr=0.1 s1] b=1 r=1 buf=939 A_last 0.1000 A_auc 0.2283 forget 0.500 bo 0 (87s)
  [p4 4096KB dense np lr=0.0003 s1] b=1 r=1 buf=971 A_last 0.1000 A_auc 0.1822 forget 0.370 bo 6 FAILED (104s)
  [p4 4096KB dense bp lr=0.1 s1] b=1 r=1 buf=808 A_last 0.1540 A_auc 0.2442 forget 0.431 bo 1 (49s)
  [p4 4096KB dense fg lr=0.003 s1] b=1 r=1 buf=654 A_last 0.1000 A_auc 0.2284 forget 0.372 bo 3 (363s)
  [p4 4096KB dense bp_mem lr=0.1 s2] b=1 r=1 buf=939 A_last 0.1000 A_auc 0.2283 forget 0.500 bo 0 (87s)
  [p4 4096KB dense np lr=0.0003 s2] b=1 r=1 buf=971 A_last 0.1000 A_auc 0.0221 forget 0.009 bo 4 (101s)
  [p4 4096KB dense bp lr=0.1 s2] b=1 r=1 buf=808 A_last 0.1000 A_auc 0.2283 forget 0.500 bo 0 (52s)
  [p4 4096KB dense fg lr=0.003 s2] b=1 r=1 buf=654 A_last 0.1000 A_auc 0.2282 forget 0.249 bo 3 (365s)
  [p4 1024KB dense bp_mem s0] does not fit (params 540KB)
  [p4 1024KB dense np lr=0.0003 s0] b=1 r=0 buf=0 A_last 0.1000 A_auc 0.1468 forget 0.309 bo 5 (97s)
  [p4 1024KB dense bp s0] does not fit (params 540KB)
  [p4 1024KB dense fg s0] does not fit (params 540KB)
  [p4 1024KB dense bp_mem s1] does not fit (params 540KB)
  [p4 1024KB dense np lr=0.0003 s1] b=1 r=0 buf=0 A_last 0.1009 A_auc 0.0695 forget 0.253 bo 5 (96s)
  [p4 1024KB dense bp s1] does not fit (params 540KB)
  [p4 1024KB dense fg s1] does not fit (params 540KB)
  [p4 1024KB dense bp_mem s2] does not fit (params 540KB)
  [p4 1024KB dense np lr=0.0003 s2] b=1 r=0 buf=0 A_last 0.1006 A_auc 0.0411 forget 0.169 bo 5 (97s)
  [p4 1024KB dense bp s2] does not fit (params 540KB)
  [p4 1024KB dense fg s2] does not fit (params 540KB)
==== stage main end 05:21:47
==== stage summarize start 05:21:47
## P4-A 같은 메모리 상한 (Split CIFAR-10 온라인 클래스 증분, CNN16; 시험 정확도 %, 시드 평균±표준편차)

| 상한 | 망 | 학습기 | 들어감 | 배치 b / 재현 r / 버퍼 | A_AUC | A_last | 망각 | 순전파 등가/표본 | 시간(초) |
|---|---|---|---|---|---|---|---|---|---|
| 384KB | sparse10 | bp_mem | 예 | 1 / 0 / 0 | 22.8±0.0 (n3) | 10.0±0.0 | 50.0 | 4.0 | 84 |
| 384KB | sparse10 | fg | 아니오 | - | - | - | - | - | - |
| 384KB | sparse10 | np | 예 | 1 / 0 / 0 | 12.8±3.7 (n3) | 10.8±1.1 | 33.2 | 4.0 | 94 |
| 512KB | sparse10 | bp_mem | 예 | 1 / 0 / 0 | 22.8±0.0 (n3) | 10.0±0.0 | 50.0 | 4.0 | 83 |
| 512KB | sparse10 | fg | 예 | 1 / 0 / 0 | 19.6±2.5 (n3) | 11.2±1.7 | 50.0 | 12.0 | 355 |
| 512KB | sparse10 | np | 예 (실패 1) | 1 / 1 / 8 | 13.9±5.7 (n3) | 8.9±1.1 | 10.6 | 2.0 | 99 |
| 1024KB | dense | bp | 아니오 | - | - | - | - | - | - |
| 1024KB | dense | bp_mem | 아니오 | - | - | - | - | - | - |
| 1024KB | dense | fg | 아니오 | - | - | - | - | - | - |
| 1024KB | dense | np | 예 | 1 / 0 / 0 | 8.6±4.5 (n3) | 10.0±0.0 | 24.4 | 4.0 | 97 |
| 1024KB | sparse10 | bp | 예 | 1 / 1 / 100 | 33.0±1.7 (n3) | 14.8±3.2 | 52.5 | 1.5 | 50 |
| 1024KB | sparse10 | bp_mem | 예 | 1 / 1 / 147 | 34.5±2.3 (n3) | 17.1±0.4 | 56.2 | 2.0 | 86 |
| 1024KB | sparse10 | fg | 예 | 1 / 1 / 106 | 23.1±0.4 (n3) | 10.5±0.7 | 46.9 | 6.0 | 360 |
| 1024KB | sparse10 | np | 예 | 1 / 1 / 179 | 10.9±5.0 (n3) | 9.6±0.9 | 20.6 | 2.0 | 102 |
| 4096KB | dense | bp | 예 | 1 / 1 / 808 | 23.4±0.7 (n3) | 11.8±2.5 | 47.7 | 1.5 | 51 |
| 4096KB | dense | bp_mem | 예 | 1 / 1 / 939 | 22.8±0.0 (n3) | 10.0±0.0 | 50.0 | 2.0 | 87 |
| 4096KB | dense | fg | 예 | 1 / 1 / 654 | 22.8±0.0 (n3) | 10.0±0.0 | 20.7 | 6.0 | 362 |
| 4096KB | dense | np | 예 (실패 1) | 1 / 1 / 971 | 10.3±6.5 (n3) | 10.0±0.0 | 18.6 | 2.0 | 101 |
| 4096KB | sparse10 | bp | 예 | 1 / 1 / 1123 | 34.3±2.0 (n3) | 21.3±0.9 | 51.9 | 1.5 | 51 |
| 4096KB | sparse10 | bp_mem | 예 | 1 / 1 / 1170 | 35.2±0.5 (n3) | 21.2±4.0 | 52.1 | 2.0 | 87 |
| 4096KB | sparse10 | fg | 예 | 1 / 1 / 1129 | 23.0±0.2 (n3) | 10.9±1.0 | 50.9 | 6.0 | 362 |
| 4096KB | sparse10 | np | 예 | 1 / 1 / 1203 | 12.5±4.3 (n3) | 10.2±0.6 | 23.9 | 2.0 | 102 |

## P4-B 노드 섭동 안정성 대조 (MNIST 밀집 MLP, v3 프로토콜, 시험 정확도 %)

| 조건 | 정확도 | 실패 | 학습률 |
|---|---|---|---|
| 밀집 + 행별 가중치 정규화 | 91.2±0.4 (n3) | 0/3 | 0.0035 |
| 밀집 + 가중치 감쇠 5e-4 | 92.3±0.1 (n3) | 0/3 | 0.007 |
==== stage summarize end 05:21:48
P4_CHAIN_DONE 2026-10-08  5:21:48.80 
