==== chain4 start 2026-10-06  3:58:21.57 
W1006 03:58:23.208000 53960 .venv\Lib\site-packages\torch\utils\flop_counter.py:29] triton not found; flop counting will not work for triton kernels
[finetune_lr2e4 s0] task 0: 0.999 | avg 0.9991
[finetune_lr2e4 s0] task 1: 0.000 0.987 | avg 0.4934
[finetune_lr2e4 s0] task 2: 0.000 0.000 0.996 | avg 0.3321
[finetune_lr2e4 s0] task 3: 0.000 0.000 0.000 0.994 | avg 0.2486
[finetune_lr2e4 s0] task 4: 0.000 0.000 0.000 0.000 0.980 | avg 0.1960
[done] split_mnist/finetune_lr2e4 seed 0: avg_acc 0.1960 () forgetting 0.9941 retention 0.000 ece 0.712 train_flops 2.903e+11 (6s)
  (7s)
[finetune_lr2e4 s1] task 0: 0.999 | avg 0.9991
[finetune_lr2e4 s1] task 1: 0.000 0.986 | avg 0.4929
[finetune_lr2e4 s1] task 2: 0.000 0.000 0.994 | avg 0.3314
[finetune_lr2e4 s1] task 3: 0.000 0.000 0.000 0.995 | avg 0.2487
[finetune_lr2e4 s1] task 4: 0.000 0.000 0.000 0.000 0.978 | avg 0.1956
[done] split_mnist/finetune_lr2e4 seed 1: avg_acc 0.1956 () forgetting 0.9935 retention 0.000 ece 0.721 train_flops 2.903e+11 (3s)
  (3s)
[finetune_lr2e4 s2] task 0: 1.000 | avg 1.0000
[finetune_lr2e4 s2] task 1: 0.000 0.985 | avg 0.4924
[finetune_lr2e4 s2] task 2: 0.000 0.000 0.997 | avg 0.3324
[finetune_lr2e4 s2] task 3: 0.000 0.000 0.000 0.995 | avg 0.2489
[finetune_lr2e4 s2] task 4: 0.000 0.000 0.000 0.000 0.978 | avg 0.1957
[done] split_mnist/finetune_lr2e4 seed 2: avg_acc 0.1957 () forgetting 0.9944 retention 0.000 ece 0.711 train_flops 2.903e+11 (3s)
  (3s)
[finetune_lr2e4 s0] task 0: 0.964 | avg 0.9642
[finetune_lr2e4 s0] task 1: 0.932 0.971 | avg 0.9512
[finetune_lr2e4 s0] task 2: 0.907 0.949 0.973 | avg 0.9432
[finetune_lr2e4 s0] task 3: 0.742 0.900 0.952 0.973 | avg 0.8917
[finetune_lr2e4 s0] task 4: 0.554 0.777 0.924 0.961 0.971 | avg 0.8375
[finetune_lr2e4 s0] task 5: 0.478 0.602 0.877 0.945 0.956 0.974 | avg 0.8054
[finetune_lr2e4 s0] task 6: 0.294 0.434 0.780 0.904 0.927 0.953 0.973 | avg 0.7521
[finetune_lr2e4 s0] task 7: 0.310 0.359 0.562 0.820 0.856 0.920 0.949 0.970 | avg 0.7183
[finetune_lr2e4 s0] task 8: 0.203 0.270 0.482 0.661 0.768 0.820 0.922 0.956 0.970 | avg 0.6725
[finetune_lr2e4 s0] task 9: 0.177 0.260 0.397 0.597 0.637 0.745 0.782 0.943 0.934 0.972 | avg 0.6445
[done] permuted_mnist/finetune_lr2e4 seed 0: avg_acc 0.6445 () forgetting 0.3630 retention 0.626 ece 0.635 train_flops 2.903e+12 (24s)
  (24s)
[finetune_lr2e4 s1] task 0: 0.963 | avg 0.9634
[finetune_lr2e4 s1] task 1: 0.933 0.970 | avg 0.9517
[finetune_lr2e4 s1] task 2: 0.869 0.956 0.972 | avg 0.9324
[finetune_lr2e4 s1] task 3: 0.721 0.924 0.952 0.972 | avg 0.8924
[finetune_lr2e4 s1] task 4: 0.516 0.854 0.875 0.947 0.974 | avg 0.8330
[finetune_lr2e4 s1] task 5: 0.379 0.719 0.755 0.927 0.957 0.974 | avg 0.7851
[finetune_lr2e4 s1] task 6: 0.278 0.541 0.566 0.799 0.922 0.943 0.973 | avg 0.7175
[finetune_lr2e4 s1] task 7: 0.260 0.449 0.488 0.648 0.891 0.918 0.962 0.974 | avg 0.6989
[finetune_lr2e4 s1] task 8: 0.223 0.280 0.333 0.521 0.772 0.782 0.945 0.961 0.972 | avg 0.6432
[finetune_lr2e4 s1] task 9: 0.187 0.252 0.340 0.451 0.681 0.718 0.880 0.942 0.952 0.972 | avg 0.6375
[done] permuted_mnist/finetune_lr2e4 seed 1: avg_acc 0.6375 () forgetting 0.3713 retention 0.617 ece 0.661 train_flops 2.903e+12 (23s)
  (23s)
[finetune_lr2e4 s2] task 0: 0.964 | avg 0.9645
[finetune_lr2e4 s2] task 1: 0.944 0.972 | avg 0.9577
[finetune_lr2e4 s2] task 2: 0.893 0.958 0.973 | avg 0.9414
[finetune_lr2e4 s2] task 3: 0.750 0.928 0.955 0.970 | avg 0.9006
[finetune_lr2e4 s2] task 4: 0.577 0.852 0.917 0.943 0.972 | avg 0.8523
[finetune_lr2e4 s2] task 5: 0.536 0.779 0.848 0.897 0.961 0.973 | avg 0.8324
[finetune_lr2e4 s2] task 6: 0.392 0.625 0.688 0.856 0.923 0.958 0.973 | avg 0.7736
[finetune_lr2e4 s2] task 7: 0.329 0.610 0.578 0.693 0.904 0.936 0.962 0.973 | avg 0.7482
[finetune_lr2e4 s2] task 8: 0.203 0.453 0.452 0.568 0.855 0.855 0.949 0.962 0.972 | avg 0.6966
[finetune_lr2e4 s2] task 9: 0.248 0.344 0.355 0.513 0.737 0.803 0.891 0.938 0.955 0.972 | avg 0.6755
[done] permuted_mnist/finetune_lr2e4 seed 2: avg_acc 0.6755 () forgetting 0.3288 retention 0.661 ece 0.529 train_flops 2.903e+12 (23s)
  (23s)
{
 "P1": "틀림 (최대 3.00x)",
 "P2": "맞음 (4096, N=128, 밀도<=2% 최대 3.83x; N=1: 2.47x)",
 "P3": "맞음 (mnist net.0: 학습 0.35 vs 무작위 0.12; mnist net.2: 학습 0.12 vs 무작위 0.065; mnist net.4: 학습 0.00 vs 무작위 0.0; mnist net.0: 학습 0.53 vs 무작위 0.353)",
 "P4": {
  "cnn_d0.01": "bottom_up OK (sync 85.35, bu 85.46), top_down X (td 85.48, 차이 불확실)",
  "mnist_d0.005": "bottom_up OK (sync 98.12, bu 97.90), top_down OK (td 97.43, 확실히 낮음)"
 },
 "P5": {
  "mnist_d0.01": "맞음 (격차 during 2.02 vs oneshot 86.17)",
  "mnist_d0.005": "맞음 (격차 during 5.13 vs oneshot 83.16)",
  "cnn_d0.03": "맞음 (격차 during 6.72 vs oneshot 78.37)",
  "cnn_d0.01": "맞음 (격차 during 11.73 vs oneshot 71.13)"
 },
 "P6": {
  "mnist_d0.005": "two_waves OK (97.85 vs sync 98.12), gated X (97.79, 확실히 낮음, start 0.12485193082208007)",
  "cnn_d0.01": "two_waves OK (85.49 vs sync 85.35), gated OK (85.48, 차이 불확실, start 0.21219096334185847)"
 },
 "X1": "맞음 (가지치기망 k=5%: 97.09, k=100%: 97.82, 손실 0.73; 작은 dense k=5%: 87.34)",
 "X2": "틀림 (Split: finetune 19.7, fast/slow decay 19.9, merge 19.9, ER 85.1)"
}
--- e2
  mnist_d0.01: global=98.38±0.03, sync=98.47±0.03, bottom_up=98.41±0.04, top_down=98.13±0.05
  mnist_d0.005: global=97.82±0.07, sync=98.12±0.10, bottom_up=97.90±0.01, top_down=97.43±0.06
  cnn_d0.03: global=89.08±0.17, sync=88.09±0.26, bottom_up=89.07±0.02, top_down=88.80±0.27
  cnn_d0.01: global=85.70±0.20, sync=85.35±0.04, bottom_up=85.46±0.14, top_down=85.48±0.15
--- e3
  mnist_d0.005: sync=98.12±0.10, two_waves=97.85±0.03, progress_gated=97.79±0.06
  cnn_d0.01: sync=85.35±0.04, two_waves=85.49±0.15, progress_gated=85.48±0.21
--- e4
  mnist_d0.01: unstructured_during=98.44±0.03, unstructured_oneshot=97.52±0.20, block16_during=96.42±0.25, block16_oneshot=11.35±0.00, block16_during_pl=96.89±0.08, block16_oneshot_pl=87.97±2.90, gap_during_pl=1.55, gap_oneshot_pl=9.55, gap_during=2.02, gap_oneshot=86.17
  mnist_d0.005: unstructured_during=97.81±0.02, unstructured_oneshot=94.51±0.60, block16_during=92.68±1.15, block16_oneshot=11.35±0.00, block16_during_pl=93.94±0.81, block16_oneshot_pl=59.01±8.91, gap_during_pl=3.87, gap_oneshot_pl=35.50, gap_during=5.13, gap_oneshot=83.16
  cnn_d0.03: unstructured_during=89.08±0.17, unstructured_oneshot=88.37±0.12, block16_during=82.36±0.20, block16_oneshot=10.00±0.00, block16_during_pl=84.44±0.25, block16_oneshot_pl=78.71±1.16, gap_during_pl=4.64, gap_oneshot_pl=9.66, gap_during=6.72, gap_oneshot=78.37
  cnn_d0.01: unstructured_during=85.70±0.20, unstructured_oneshot=81.13±0.26, block16_during=73.98±1.67, block16_oneshot=10.00±0.00, block16_during_pl=76.83±0.45, block16_oneshot_pl=61.98±1.69, gap_during_pl=8.88, gap_oneshot_pl=19.15, gap_during=11.73, gap_oneshot=71.13
--- x1
  dense_k1: 98.71 ± 0.03 (n=3)
  dense_k0.1: 98.56 ± 0.09 (n=3)
  dense_k0.05: 98.33 ± 0.14 (n=3)
  dense_small_k1: 94.07 ± 0.10 (n=3)
  dense_small_k0.1: 87.34 ± 0.16 (n=3)
  dense_small_k0.05: 87.34 ± 0.16 (n=3)
  global_k1: 97.82 ± 0.07 (n=3)
  global_k0.1: 97.56 ± 0.03 (n=3)
  global_k0.05: 97.09 ± 0.05 (n=3)
--- x2
  split_mnist: finetune=19.69±0.04, finetune_lr2e4=19.57±0.02, er=85.15±0.43, fastslow_decay=19.87±0.15, fastslow_merge=19.95±0.19
  permuted_mnist: finetune=48.94±1.51, finetune_lr2e4=65.25±1.65, er=87.39±1.03, fastslow_decay=68.61±2.88, fastslow_merge=67.32±0.75
--- e1 ['semi24 fp16: RuntimeError: sparse_semi_structured_mad_op : CUTLASS not supported'] [(10.74350708163313, '4096', '1024', '0.005', 'block16', 'csr', 'fp32'), (7.737183551158299, '4096', '1024', '0.005', 'unstructured', 'csr', 'fp32'), (6.604790874153636, '4096', '1024', '0.005', 'block16', 'bsr16', 'fp32'), (6.13174083747099, '4096', '1024', '0.01', 'block16', 'csr', 'fp32'), (5.478063285902457, '4096', '1024', '0.01', 'unstructured', 'csr', 'fp32')]
P2_CHAIN4_DONE 2026-10-06  3:59:52.10 
