==== p2 chain1 start 2026-10-06  1:14:37.08 
W1006 01:14:38.898000 45068 .venv\Lib\site-packages\torch\utils\flop_counter.py:29] triton not found; flop counting will not work for triton kernels
==== stage e2 start 01:14:40
  [mnist global d=0.01 s0] step 1000/7035 acc 0.9754 active 1,611,871 ema 0.977 (3s)
  [mnist global d=0.01 s0] step 2000/7035 acc 0.9849 active 694,287 ema 0.994 (6s)
  [mnist global d=0.01 s0] step 3000/7035 acc 0.9856 active 220,910 ema 0.998 (8s)
  [mnist global d=0.01 s0] step 4000/7035 acc 0.9847 active 44,699 ema 0.993 (11s)
  [mnist global d=0.01 s0] step 5000/7035 acc 0.9823 active 18,616 ema 0.992 (14s)
  [mnist global d=0.01 s0] step 6000/7035 acc 0.9839 active 18,616 ema 0.994 (16s)
  [mnist global d=0.01 s0] step 7000/7035 acc 0.9840 active 18,616 ema 0.995 (18s)
[done] p2 mnist global d=0.01 s0: acc 0.9840 active 18,616 train 2.660e+12 (19s)
  [mnist sync d=0.01 s0] step 1000/7035 acc 0.9776 active 1,385,861 ema 0.978 (3s)
  [mnist sync d=0.01 s0] step 2000/7035 acc 0.9861 active 166,737 ema 0.991 (5s)
  [mnist sync d=0.01 s0] step 3000/7035 acc 0.9823 active 18,616 ema 0.989 (8s)
  [mnist sync d=0.01 s0] step 4000/7035 acc 0.9852 active 18,616 ema 0.994 (11s)
  [mnist sync d=0.01 s0] step 5000/7035 acc 0.9853 active 18,616 ema 0.996 (13s)
  [mnist sync d=0.01 s0] step 6000/7035 acc 0.9851 active 18,616 ema 0.996 (16s)
  [mnist sync d=0.01 s0] step 7000/7035 acc 0.9852 active 18,616 ema 0.996 (19s)
[done] p2 mnist sync d=0.01 s0: acc 0.9852 active 18,616 train 1.914e+12 (19s)
  [mnist bottom_up d=0.01 s0] step 1000/7035 acc 0.9765 active 1,656,116 ema 0.977 (3s)
  [mnist bottom_up d=0.01 s0] step 2000/7035 acc 0.9849 active 861,617 ema 0.992 (5s)
  [mnist bottom_up d=0.01 s0] step 3000/7035 acc 0.9841 active 109,968 ema 0.992 (7s)
  [mnist bottom_up d=0.01 s0] step 4000/7035 acc 0.9827 active 19,625 ema 0.992 (10s)
  [mnist bottom_up d=0.01 s0] step 5000/7035 acc 0.9838 active 18,616 ema 0.994 (12s)
  [mnist bottom_up d=0.01 s0] step 6000/7035 acc 0.9837 active 18,616 ema 0.995 (15s)
  [mnist bottom_up d=0.01 s0] step 7000/7035 acc 0.9838 active 18,616 ema 0.995 (17s)
[done] p2 mnist bottom_up d=0.01 s0: acc 0.9838 active 18,616 train 2.769e+12 (17s)
  [mnist top_down d=0.01 s0] step 1000/7035 acc 0.9762 active 1,859,257 ema 0.976 (2s)
  [mnist top_down d=0.01 s0] step 2000/7035 acc 0.9827 active 1,585,291 ema 0.991 (5s)
  [mnist top_down d=0.01 s0] step 3000/7035 acc 0.9846 active 790,221 ema 0.996 (8s)
  [mnist top_down d=0.01 s0] step 4000/7035 acc 0.9850 active 105,932 ema 0.997 (10s)
  [mnist top_down d=0.01 s0] step 5000/7035 acc 0.9802 active 18,616 ema 0.985 (13s)
  [mnist top_down d=0.01 s0] step 6000/7035 acc 0.9819 active 18,616 ema 0.989 (16s)
  [mnist top_down d=0.01 s0] step 7000/7035 acc 0.9820 active 18,616 ema 0.990 (18s)
[done] p2 mnist top_down d=0.01 s0: acc 0.9820 active 18,616 train 4.044e+12 (18s)
  [mnist global d=0.01 s1] step 1000/7035 acc 0.9781 active 1,611,871 ema 0.976 (3s)
  [mnist global d=0.01 s1] step 2000/7035 acc 0.9830 active 694,287 ema 0.993 (5s)
  [mnist global d=0.01 s1] step 3000/7035 acc 0.9856 active 220,910 ema 0.998 (8s)
  [mnist global d=0.01 s1] step 4000/7035 acc 0.9850 active 44,699 ema 0.993 (11s)
  [mnist global d=0.01 s1] step 5000/7035 acc 0.9833 active 18,616 ema 0.992 (13s)
  [mnist global d=0.01 s1] step 6000/7035 acc 0.9837 active 18,616 ema 0.994 (15s)
  [mnist global d=0.01 s1] step 7000/7035 acc 0.9834 active 18,616 ema 0.995 (18s)
[done] p2 mnist global d=0.01 s1: acc 0.9834 active 18,616 train 2.660e+12 (18s)
  [mnist sync d=0.01 s1] step 1000/7035 acc 0.9781 active 1,385,861 ema 0.978 (3s)
  [mnist sync d=0.01 s1] step 2000/7035 acc 0.9827 active 166,738 ema 0.991 (6s)
  [mnist sync d=0.01 s1] step 3000/7035 acc 0.9815 active 18,616 ema 0.989 (8s)
  [mnist sync d=0.01 s1] step 4000/7035 acc 0.9848 active 18,616 ema 0.994 (10s)
  [mnist sync d=0.01 s1] step 5000/7035 acc 0.9845 active 18,616 ema 0.996 (13s)
  [mnist sync d=0.01 s1] step 6000/7035 acc 0.9845 active 18,616 ema 0.996 (15s)
  [mnist sync d=0.01 s1] step 7000/7035 acc 0.9846 active 18,616 ema 0.997 (18s)
[done] p2 mnist sync d=0.01 s1: acc 0.9846 active 18,616 train 1.914e+12 (18s)
  [mnist bottom_up d=0.01 s1] step 1000/7035 acc 0.9775 active 1,656,133 ema 0.977 (3s)
  [mnist bottom_up d=0.01 s1] step 2000/7035 acc 0.9817 active 861,656 ema 0.992 (5s)
  [mnist bottom_up d=0.01 s1] step 3000/7035 acc 0.9825 active 109,955 ema 0.992 (7s)
  [mnist bottom_up d=0.01 s1] step 4000/7035 acc 0.9834 active 19,623 ema 0.992 (10s)
  [mnist bottom_up d=0.01 s1] step 5000/7035 acc 0.9836 active 18,616 ema 0.994 (13s)
  [mnist bottom_up d=0.01 s1] step 6000/7035 acc 0.9843 active 18,616 ema 0.995 (16s)
  [mnist bottom_up d=0.01 s1] step 7000/7035 acc 0.9847 active 18,616 ema 0.995 (18s)
[done] p2 mnist bottom_up d=0.01 s1: acc 0.9847 active 18,616 train 2.770e+12 (18s)
  [mnist top_down d=0.01 s1] step 1000/7035 acc 0.9773 active 1,859,263 ema 0.975 (2s)
  [mnist top_down d=0.01 s1] step 2000/7035 acc 0.9792 active 1,585,290 ema 0.991 (5s)
  [mnist top_down d=0.01 s1] step 3000/7035 acc 0.9852 active 790,170 ema 0.998 (7s)
  [mnist top_down d=0.01 s1] step 4000/7035 acc 0.9851 active 105,925 ema 0.997 (9s)
  [mnist top_down d=0.01 s1] step 5000/7035 acc 0.9793 active 18,616 ema 0.985 (13s)
  [mnist top_down d=0.01 s1] step 6000/7035 acc 0.9803 active 18,616 ema 0.989 (16s)
  [mnist top_down d=0.01 s1] step 7000/7035 acc 0.9807 active 18,616 ema 0.990 (19s)
[done] p2 mnist top_down d=0.01 s1: acc 0.9807 active 18,616 train 4.044e+12 (19s)
  [mnist global d=0.01 s2] step 1000/7035 acc 0.9753 active 1,611,871 ema 0.976 (2s)
  [mnist global d=0.01 s2] step 2000/7035 acc 0.9842 active 694,287 ema 0.994 (5s)
  [mnist global d=0.01 s2] step 3000/7035 acc 0.9866 active 220,910 ema 0.998 (7s)
  [mnist global d=0.01 s2] step 4000/7035 acc 0.9845 active 44,699 ema 0.992 (9s)
  [mnist global d=0.01 s2] step 5000/7035 acc 0.9837 active 18,616 ema 0.991 (11s)
  [mnist global d=0.01 s2] step 6000/7035 acc 0.9839 active 18,616 ema 0.994 (16s)
  [mnist global d=0.01 s2] step 7000/7035 acc 0.9839 active 18,616 ema 0.994 (19s)
[done] p2 mnist global d=0.01 s2: acc 0.9839 active 18,616 train 2.660e+12 (19s)
  [mnist sync d=0.01 s2] step 1000/7035 acc 0.9773 active 1,385,861 ema 0.977 (2s)
  [mnist sync d=0.01 s2] step 2000/7035 acc 0.9840 active 166,739 ema 0.992 (4s)
  [mnist sync d=0.01 s2] step 3000/7035 acc 0.9828 active 18,616 ema 0.989 (7s)
  [mnist sync d=0.01 s2] step 4000/7035 acc 0.9844 active 18,616 ema 0.993 (9s)
  [mnist sync d=0.01 s2] step 5000/7035 acc 0.9845 active 18,616 ema 0.995 (11s)
  [mnist sync d=0.01 s2] step 6000/7035 acc 0.9847 active 18,616 ema 0.996 (14s)
  [mnist sync d=0.01 s2] step 7000/7035 acc 0.9844 active 18,616 ema 0.997 (16s)
[done] p2 mnist sync d=0.01 s2: acc 0.9844 active 18,616 train 1.914e+12 (16s)
  [mnist bottom_up d=0.01 s2] step 1000/7035 acc 0.9763 active 1,656,151 ema 0.977 (2s)
  [mnist bottom_up d=0.01 s2] step 2000/7035 acc 0.9840 active 861,706 ema 0.992 (5s)
  [mnist bottom_up d=0.01 s2] step 3000/7035 acc 0.9835 active 109,973 ema 0.993 (7s)
  [mnist bottom_up d=0.01 s2] step 4000/7035 acc 0.9833 active 19,624 ema 0.991 (9s)
  [mnist bottom_up d=0.01 s2] step 5000/7035 acc 0.9833 active 18,616 ema 0.994 (12s)
  [mnist bottom_up d=0.01 s2] step 6000/7035 acc 0.9837 active 18,616 ema 0.995 (15s)
  [mnist bottom_up d=0.01 s2] step 7000/7035 acc 0.9839 active 18,616 ema 0.996 (17s)
[done] p2 mnist bottom_up d=0.01 s2: acc 0.9839 active 18,616 train 2.770e+12 (17s)
  [mnist top_down d=0.01 s2] step 1000/7035 acc 0.9738 active 1,859,259 ema 0.976 (2s)
  [mnist top_down d=0.01 s2] step 2000/7035 acc 0.9800 active 1,585,262 ema 0.990 (5s)
  [mnist top_down d=0.01 s2] step 3000/7035 acc 0.9850 active 790,115 ema 0.997 (7s)
  [mnist top_down d=0.01 s2] step 4000/7035 acc 0.9869 active 105,917 ema 0.996 (10s)
  [mnist top_down d=0.01 s2] step 5000/7035 acc 0.9799 active 18,616 ema 0.985 (12s)
  [mnist top_down d=0.01 s2] step 6000/7035 acc 0.9810 active 18,616 ema 0.989 (14s)
  [mnist top_down d=0.01 s2] step 7000/7035 acc 0.9812 active 18,616 ema 0.990 (17s)
[done] p2 mnist top_down d=0.01 s2: acc 0.9812 active 18,616 train 4.044e+12 (17s)
  [mnist global d=0.005 s0] step 1000/7035 acc 0.9766 active 1,610,610 ema 0.976 (3s)
  [mnist global d=0.005 s0] step 2000/7035 acc 0.9845 active 688,391 ema 0.994 (6s)
  [mnist global d=0.005 s0] step 3000/7035 acc 0.9853 active 212,623 ema 0.997 (8s)
  [mnist global d=0.005 s0] step 4000/7035 acc 0.9828 active 35,523 ema 0.991 (11s)
  [mnist global d=0.005 s0] step 5000/7035 acc 0.9774 active 9,308 ema 0.979 (14s)
  [mnist global d=0.005 s0] step 6000/7035 acc 0.9789 active 9,308 ema 0.983 (16s)
  [mnist global d=0.005 s0] step 7000/7035 acc 0.9789 active 9,308 ema 0.982 (19s)
[done] p2 mnist global d=0.005 s0: acc 0.9789 active 9,308 train 2.622e+12 (19s)
  [mnist sync d=0.005 s0] step 1000/7035 acc 0.9783 active 1,383,458 ema 0.978 (3s)
  [mnist sync d=0.005 s0] step 2000/7035 acc 0.9839 active 158,178 ema 0.991 (5s)
  [mnist sync d=0.005 s0] step 3000/7035 acc 0.9781 active 9,308 ema 0.980 (8s)
  [mnist sync d=0.005 s0] step 4000/7035 acc 0.9806 active 9,308 ema 0.987 (10s)
  [mnist sync d=0.005 s0] step 5000/7035 acc 0.9808 active 9,308 ema 0.988 (12s)
  [mnist sync d=0.005 s0] step 6000/7035 acc 0.9813 active 9,308 ema 0.988 (15s)
  [mnist sync d=0.005 s0] step 7000/7035 acc 0.9808 active 9,308 ema 0.988 (17s)
[done] p2 mnist sync d=0.005 s0: acc 0.9808 active 9,308 train 1.873e+12 (17s)
  [mnist bottom_up d=0.005 s0] step 1000/7035 acc 0.9762 active 1,655,231 ema 0.977 (2s)
  [mnist bottom_up d=0.005 s0] step 2000/7035 acc 0.9830 active 857,032 ema 0.992 (5s)
  [mnist bottom_up d=0.005 s0] step 3000/7035 acc 0.9821 active 101,384 ema 0.986 (7s)
  [mnist bottom_up d=0.005 s0] step 4000/7035 acc 0.9783 active 10,352 ema 0.983 (10s)
  [mnist bottom_up d=0.005 s0] step 5000/7035 acc 0.9786 active 9,308 ema 0.984 (13s)
  [mnist bottom_up d=0.005 s0] step 6000/7035 acc 0.9790 active 9,308 ema 0.986 (15s)
  [mnist bottom_up d=0.005 s0] step 7000/7035 acc 0.9789 active 9,308 ema 0.986 (18s)
[done] p2 mnist bottom_up d=0.005 s0: acc 0.9789 active 9,308 train 2.733e+12 (18s)
  [mnist top_down d=0.005 s0] step 1000/7035 acc 0.9757 active 1,859,174 ema 0.975 (2s)
  [mnist top_down d=0.005 s0] step 2000/7035 acc 0.9818 active 1,583,561 ema 0.991 (5s)
  [mnist top_down d=0.005 s0] step 3000/7035 acc 0.9839 active 784,321 ema 0.997 (7s)
  [mnist top_down d=0.005 s0] step 4000/7035 acc 0.9845 active 97,000 ema 0.996 (9s)
  [mnist top_down d=0.005 s0] step 5000/7035 acc 0.9717 active 9,308 ema 0.971 (12s)
  [mnist top_down d=0.005 s0] step 6000/7035 acc 0.9749 active 9,308 ema 0.976 (14s)
  [mnist top_down d=0.005 s0] step 7000/7035 acc 0.9752 active 9,308 ema 0.975 (16s)
[done] p2 mnist top_down d=0.005 s0: acc 0.9752 active 9,308 train 4.013e+12 (16s)
  [mnist global d=0.005 s1] step 1000/7035 acc 0.9773 active 1,610,610 ema 0.976 (2s)
  [mnist global d=0.005 s1] step 2000/7035 acc 0.9816 active 688,391 ema 0.994 (5s)
  [mnist global d=0.005 s1] step 3000/7035 acc 0.9854 active 212,623 ema 0.998 (8s)
  [mnist global d=0.005 s1] step 4000/7035 acc 0.9842 active 35,523 ema 0.990 (10s)
  [mnist global d=0.005 s1] step 5000/7035 acc 0.9753 active 9,308 ema 0.981 (13s)
  [mnist global d=0.005 s1] step 6000/7035 acc 0.9772 active 9,308 ema 0.983 (15s)
  [mnist global d=0.005 s1] step 7000/7035 acc 0.9773 active 9,308 ema 0.984 (18s)
[done] p2 mnist global d=0.005 s1: acc 0.9773 active 9,308 train 2.622e+12 (18s)
  [mnist sync d=0.005 s1] step 1000/7035 acc 0.9786 active 1,383,458 ema 0.978 (3s)
  [mnist sync d=0.005 s1] step 2000/7035 acc 0.9843 active 158,178 ema 0.990 (5s)
  [mnist sync d=0.005 s1] step 3000/7035 acc 0.9774 active 9,308 ema 0.978 (8s)
  [mnist sync d=0.005 s1] step 4000/7035 acc 0.9796 active 9,308 ema 0.987 (10s)
  [mnist sync d=0.005 s1] step 5000/7035 acc 0.9797 active 9,308 ema 0.989 (12s)
  [mnist sync d=0.005 s1] step 6000/7035 acc 0.9804 active 9,308 ema 0.988 (15s)
  [mnist sync d=0.005 s1] step 7000/7035 acc 0.9802 active 9,308 ema 0.989 (18s)
[done] p2 mnist sync d=0.005 s1: acc 0.9802 active 9,308 train 1.873e+12 (18s)
  [mnist bottom_up d=0.005 s1] step 1000/7035 acc 0.9776 active 1,655,229 ema 0.977 (3s)
  [mnist bottom_up d=0.005 s1] step 2000/7035 acc 0.9809 active 857,023 ema 0.992 (5s)
  [mnist bottom_up d=0.005 s1] step 3000/7035 acc 0.9799 active 101,377 ema 0.987 (7s)
  [mnist bottom_up d=0.005 s1] step 4000/7035 acc 0.9771 active 10,351 ema 0.983 (10s)
  [mnist bottom_up d=0.005 s1] step 5000/7035 acc 0.9784 active 9,308 ema 0.985 (12s)
  [mnist bottom_up d=0.005 s1] step 6000/7035 acc 0.9791 active 9,308 ema 0.986 (15s)
  [mnist bottom_up d=0.005 s1] step 7000/7035 acc 0.9791 active 9,308 ema 0.986 (18s)
[done] p2 mnist bottom_up d=0.005 s1: acc 0.9791 active 9,308 train 2.733e+12 (18s)
  [mnist top_down d=0.005 s1] step 1000/7035 acc 0.9760 active 1,859,176 ema 0.975 (2s)
  [mnist top_down d=0.005 s1] step 2000/7035 acc 0.9788 active 1,583,569 ema 0.990 (5s)
  [mnist top_down d=0.005 s1] step 3000/7035 acc 0.9856 active 784,330 ema 0.998 (7s)
  [mnist top_down d=0.005 s1] step 4000/7035 acc 0.9856 active 97,001 ema 0.995 (10s)
  [mnist top_down d=0.005 s1] step 5000/7035 acc 0.9724 active 9,308 ema 0.973 (13s)
  [mnist top_down d=0.005 s1] step 6000/7035 acc 0.9737 active 9,308 ema 0.978 (15s)
  [mnist top_down d=0.005 s1] step 7000/7035 acc 0.9737 active 9,308 ema 0.978 (17s)
[done] p2 mnist top_down d=0.005 s1: acc 0.9737 active 9,308 train 4.013e+12 (17s)
  [mnist global d=0.005 s2] step 1000/7035 acc 0.9759 active 1,610,610 ema 0.977 (2s)
  [mnist global d=0.005 s2] step 2000/7035 acc 0.9846 active 688,391 ema 0.994 (5s)
  [mnist global d=0.005 s2] step 3000/7035 acc 0.9863 active 212,623 ema 0.997 (7s)
  [mnist global d=0.005 s2] step 4000/7035 acc 0.9844 active 35,523 ema 0.989 (9s)
  [mnist global d=0.005 s2] step 5000/7035 acc 0.9770 active 9,308 ema 0.981 (11s)
  [mnist global d=0.005 s2] step 6000/7035 acc 0.9783 active 9,308 ema 0.984 (14s)
  [mnist global d=0.005 s2] step 7000/7035 acc 0.9783 active 9,308 ema 0.984 (16s)
[done] p2 mnist global d=0.005 s2: acc 0.9783 active 9,308 train 2.622e+12 (16s)
  [mnist sync d=0.005 s2] step 1000/7035 acc 0.9773 active 1,383,458 ema 0.977 (3s)
  [mnist sync d=0.005 s2] step 2000/7035 acc 0.9848 active 158,178 ema 0.992 (6s)
  [mnist sync d=0.005 s2] step 3000/7035 acc 0.9786 active 9,308 ema 0.980 (8s)
  [mnist sync d=0.005 s2] step 4000/7035 acc 0.9807 active 9,308 ema 0.987 (11s)
  [mnist sync d=0.005 s2] step 5000/7035 acc 0.9824 active 9,308 ema 0.988 (13s)
  [mnist sync d=0.005 s2] step 6000/7035 acc 0.9822 active 9,308 ema 0.989 (15s)
  [mnist sync d=0.005 s2] step 7000/7035 acc 0.9825 active 9,308 ema 0.990 (18s)
[done] p2 mnist sync d=0.005 s2: acc 0.9825 active 9,308 train 1.873e+12 (18s)
  [mnist bottom_up d=0.005 s2] step 1000/7035 acc 0.9767 active 1,655,252 ema 0.977 (3s)
  [mnist bottom_up d=0.005 s2] step 2000/7035 acc 0.9859 active 857,079 ema 0.991 (5s)
  [mnist bottom_up d=0.005 s2] step 3000/7035 acc 0.9792 active 101,379 ema 0.987 (7s)
  [mnist bottom_up d=0.005 s2] step 4000/7035 acc 0.9782 active 10,350 ema 0.982 (9s)
  [mnist bottom_up d=0.005 s2] step 5000/7035 acc 0.9777 active 9,308 ema 0.984 (12s)
  [mnist bottom_up d=0.005 s2] step 6000/7035 acc 0.9791 active 9,308 ema 0.986 (15s)
  [mnist bottom_up d=0.005 s2] step 7000/7035 acc 0.9790 active 9,308 ema 0.987 (17s)
[done] p2 mnist bottom_up d=0.005 s2: acc 0.9790 active 9,308 train 2.733e+12 (17s)
  [mnist top_down d=0.005 s2] step 1000/7035 acc 0.9726 active 1,859,178 ema 0.976 (2s)
  [mnist top_down d=0.005 s2] step 2000/7035 acc 0.9793 active 1,583,551 ema 0.990 (5s)
  [mnist top_down d=0.005 s2] step 3000/7035 acc 0.9852 active 784,261 ema 0.997 (7s)
  [mnist top_down d=0.005 s2] step 4000/7035 acc 0.9863 active 96,991 ema 0.994 (10s)
  [mnist top_down d=0.005 s2] step 5000/7035 acc 0.9715 active 9,308 ema 0.972 (12s)
  [mnist top_down d=0.005 s2] step 6000/7035 acc 0.9739 active 9,308 ema 0.977 (15s)
  [mnist top_down d=0.005 s2] step 7000/7035 acc 0.9741 active 9,308 ema 0.978 (17s)
[done] p2 mnist top_down d=0.005 s2: acc 0.9741 active 9,308 train 4.013e+12 (17s)
  [cnn sync d=0.03 s0] step 1000/7820 acc 0.7433 active 1,696,065 ema 0.734 (30s)
  [cnn sync d=0.03 s0] step 2000/7820 acc 0.8077 active 314,129 ema 0.825 (45s)
  [cnn sync d=0.03 s0] step 3000/7820 acc 0.8212 active 66,381 ema 0.850 (58s)
  [cnn sync d=0.03 s0] step 4000/7820 acc 0.8554 active 65,869 ema 0.872 (72s)
  [cnn sync d=0.03 s0] step 5000/7820 acc 0.8643 active 65,869 ema 0.886 (86s)
  [cnn sync d=0.03 s0] step 6000/7820 acc 0.8704 active 65,869 ema 0.901 (100s)
  [cnn sync d=0.03 s0] step 7000/7820 acc 0.8763 active 65,869 ema 0.909 (114s)
[done] p2 cnn sync d=0.03 s0: acc 0.8777 active 65,869 train 2.396e+14 (126s)
  [cnn bottom_up d=0.03 s0] step 1000/7820 acc 0.7330 active 2,195,524 ema 0.730 (14s)
  [cnn bottom_up d=0.03 s0] step 2000/7820 acc 0.7962 active 2,108,747 ema 0.821 (28s)
  [cnn bottom_up d=0.03 s0] step 3000/7820 acc 0.8156 active 1,241,789 ema 0.866 (42s)
  [cnn bottom_up d=0.03 s0] step 4000/7820 acc 0.8524 active 217,713 ema 0.882 (56s)
  [cnn bottom_up d=0.03 s0] step 5000/7820 acc 0.8671 active 66,143 ema 0.888 (69s)
  [cnn bottom_up d=0.03 s0] step 6000/7820 acc 0.8814 active 65,869 ema 0.905 (83s)
  [cnn bottom_up d=0.03 s0] step 7000/7820 acc 0.8903 active 65,869 ema 0.916 (96s)
[done] p2 cnn bottom_up d=0.03 s0: acc 0.8909 active 65,869 train 3.508e+14 (108s)
  [cnn top_down d=0.03 s0] step 1000/7820 acc 0.7210 active 2,195,184 ema 0.729 (14s)
  [cnn top_down d=0.03 s0] step 2000/7820 acc 0.7725 active 1,092,412 ema 0.823 (28s)
  [cnn top_down d=0.03 s0] step 3000/7820 acc 0.8286 active 233,053 ema 0.862 (42s)
  [cnn top_down d=0.03 s0] step 4000/7820 acc 0.8553 active 74,341 ema 0.870 (56s)
  [cnn top_down d=0.03 s0] step 5000/7820 acc 0.8612 active 65,883 ema 0.892 (70s)
  [cnn top_down d=0.03 s0] step 6000/7820 acc 0.8820 active 65,869 ema 0.906 (84s)
  [cnn top_down d=0.03 s0] step 7000/7820 acc 0.8894 active 65,869 ema 0.917 (97s)
[done] p2 cnn top_down d=0.03 s0: acc 0.8896 active 65,869 train 3.787e+14 (109s)
  [cnn sync d=0.03 s1] step 1000/7820 acc 0.7240 active 1,696,064 ema 0.736 (14s)
  [cnn sync d=0.03 s1] step 2000/7820 acc 0.8199 active 314,127 ema 0.827 (28s)
  [cnn sync d=0.03 s1] step 3000/7820 acc 0.8457 active 66,381 ema 0.853 (42s)
  [cnn sync d=0.03 s1] step 4000/7820 acc 0.8578 active 65,869 ema 0.874 (56s)
  [cnn sync d=0.03 s1] step 5000/7820 acc 0.8639 active 65,869 ema 0.884 (70s)
  [cnn sync d=0.03 s1] step 6000/7820 acc 0.8789 active 65,869 ema 0.899 (84s)
  [cnn sync d=0.03 s1] step 7000/7820 acc 0.8829 active 65,869 ema 0.913 (98s)
[done] p2 cnn sync d=0.03 s1: acc 0.8840 active 65,869 train 2.409e+14 (109s)
  [cnn bottom_up d=0.03 s1] step 1000/7820 acc 0.7096 active 2,195,524 ema 0.730 (14s)
  [cnn bottom_up d=0.03 s1] step 2000/7820 acc 0.8224 active 2,109,017 ema 0.821 (28s)
  [cnn bottom_up d=0.03 s1] step 3000/7820 acc 0.8567 active 1,242,353 ema 0.870 (42s)
  [cnn bottom_up d=0.03 s1] step 4000/7820 acc 0.8562 active 217,816 ema 0.888 (56s)
  [cnn bottom_up d=0.03 s1] step 5000/7820 acc 0.8682 active 66,143 ema 0.889 (70s)
  [cnn bottom_up d=0.03 s1] step 6000/7820 acc 0.8816 active 65,869 ema 0.907 (84s)
  [cnn bottom_up d=0.03 s1] step 7000/7820 acc 0.8872 active 65,869 ema 0.921 (97s)
[done] p2 cnn bottom_up d=0.03 s1: acc 0.8907 active 65,869 train 3.520e+14 (109s)
  [cnn top_down d=0.03 s1] step 1000/7820 acc 0.7243 active 2,195,179 ema 0.732 (14s)
  [cnn top_down d=0.03 s1] step 2000/7820 acc 0.8273 active 1,091,848 ema 0.822 (28s)
  [cnn top_down d=0.03 s1] step 3000/7820 acc 0.8438 active 232,749 ema 0.865 (42s)
  [cnn top_down d=0.03 s1] step 4000/7820 acc 0.8523 active 74,313 ema 0.873 (56s)
  [cnn top_down d=0.03 s1] step 5000/7820 acc 0.8701 active 65,883 ema 0.891 (70s)
  [cnn top_down d=0.03 s1] step 6000/7820 acc 0.8777 active 65,869 ema 0.907 (84s)
  [cnn top_down d=0.03 s1] step 7000/7820 acc 0.8830 active 65,869 ema 0.918 (97s)
[done] p2 cnn top_down d=0.03 s1: acc 0.8841 active 65,869 train 3.797e+14 (109s)
  [cnn sync d=0.03 s2] step 1000/7820 acc 0.7404 active 1,696,065 ema 0.740 (14s)
  [cnn sync d=0.03 s2] step 2000/7820 acc 0.8130 active 314,128 ema 0.830 (27s)
  [cnn sync d=0.03 s2] step 3000/7820 acc 0.8314 active 66,381 ema 0.850 (41s)
  [cnn sync d=0.03 s2] step 4000/7820 acc 0.8588 active 65,869 ema 0.872 (56s)
  [cnn sync d=0.03 s2] step 5000/7820 acc 0.8640 active 65,869 ema 0.888 (70s)
  [cnn sync d=0.03 s2] step 6000/7820 acc 0.8727 active 65,869 ema 0.903 (84s)
  [cnn sync d=0.03 s2] step 7000/7820 acc 0.8810 active 65,869 ema 0.912 (98s)
[done] p2 cnn sync d=0.03 s2: acc 0.8809 active 65,869 train 2.414e+14 (109s)
  [cnn bottom_up d=0.03 s2] step 1000/7820 acc 0.7196 active 2,195,533 ema 0.736 (14s)
  [cnn bottom_up d=0.03 s2] step 2000/7820 acc 0.8035 active 2,109,049 ema 0.822 (27s)
  [cnn bottom_up d=0.03 s2] step 3000/7820 acc 0.8393 active 1,242,254 ema 0.866 (41s)
  [cnn bottom_up d=0.03 s2] step 4000/7820 acc 0.8677 active 217,791 ema 0.882 (55s)
  [cnn bottom_up d=0.03 s2] step 5000/7820 acc 0.8697 active 66,143 ema 0.887 (70s)
  [cnn bottom_up d=0.03 s2] step 6000/7820 acc 0.8834 active 65,869 ema 0.910 (84s)
  [cnn bottom_up d=0.03 s2] step 7000/7820 acc 0.8883 active 65,869 ema 0.919 (98s)
[done] p2 cnn bottom_up d=0.03 s2: acc 0.8904 active 65,869 train 3.525e+14 (109s)
  [cnn top_down d=0.03 s2] step 1000/7820 acc 0.7237 active 2,195,188 ema 0.738 (14s)
  [cnn top_down d=0.03 s2] step 2000/7820 acc 0.8096 active 1,091,956 ema 0.827 (28s)
  [cnn top_down d=0.03 s2] step 3000/7820 acc 0.8370 active 232,729 ema 0.860 (41s)
  [cnn top_down d=0.03 s2] step 4000/7820 acc 0.8592 active 74,298 ema 0.868 (55s)
  [cnn top_down d=0.03 s2] step 5000/7820 acc 0.8701 active 65,882 ema 0.890 (69s)
  [cnn top_down d=0.03 s2] step 6000/7820 acc 0.8843 active 65,869 ema 0.911 (83s)
  [cnn top_down d=0.03 s2] step 7000/7820 acc 0.8903 active 65,869 ema 0.916 (98s)
[done] p2 cnn top_down d=0.03 s2: acc 0.8902 active 65,869 train 3.800e+14 (109s)
  [cnn sync d=0.01 s0] step 1000/7820 acc 0.7438 active 1,685,764 ema 0.735 (14s)
  [cnn sync d=0.01 s0] step 2000/7820 acc 0.8084 active 275,334 ema 0.821 (27s)
  [cnn sync d=0.01 s0] step 3000/7820 acc 0.7885 active 22,480 ema 0.806 (41s)
  [cnn sync d=0.01 s0] step 4000/7820 acc 0.8235 active 21,956 ema 0.824 (55s)
  [cnn sync d=0.01 s0] step 5000/7820 acc 0.8383 active 21,956 ema 0.839 (69s)
  [cnn sync d=0.01 s0] step 6000/7820 acc 0.8432 active 21,956 ema 0.852 (83s)
  [cnn sync d=0.01 s0] step 7000/7820 acc 0.8537 active 21,956 ema 0.858 (97s)
[done] p2 cnn sync d=0.01 s0: acc 0.8530 active 21,956 train 1.959e+14 (109s)
  [cnn bottom_up d=0.01 s0] step 1000/7820 acc 0.7157 active 2,195,479 ema 0.731 (14s)
  [cnn bottom_up d=0.01 s0] step 2000/7820 acc 0.8007 active 2,100,711 ema 0.817 (27s)
  [cnn bottom_up d=0.01 s0] step 3000/7820 acc 0.8028 active 1,212,932 ema 0.859 (41s)
  [cnn bottom_up d=0.01 s0] step 4000/7820 acc 0.8428 active 175,466 ema 0.855 (54s)
  [cnn bottom_up d=0.01 s0] step 5000/7820 acc 0.8242 active 22,235 ema 0.828 (68s)
  [cnn bottom_up d=0.01 s0] step 6000/7820 acc 0.8438 active 21,956 ema 0.849 (82s)
  [cnn bottom_up d=0.01 s0] step 7000/7820 acc 0.8538 active 21,956 ema 0.858 (96s)
[done] p2 cnn bottom_up d=0.01 s0: acc 0.8527 active 21,956 train 3.117e+14 (108s)
  [cnn top_down d=0.01 s0] step 1000/7820 acc 0.7356 active 2,195,152 ema 0.729 (14s)
  [cnn top_down d=0.01 s0] step 2000/7820 acc 0.8034 active 1,079,333 ema 0.820 (28s)
  [cnn top_down d=0.01 s0] step 3000/7820 acc 0.8257 active 199,060 ema 0.857 (41s)
  [cnn top_down d=0.01 s0] step 4000/7820 acc 0.7926 active 31,344 ema 0.822 (55s)
  [cnn top_down d=0.01 s0] step 5000/7820 acc 0.8279 active 21,973 ema 0.836 (69s)
  [cnn top_down d=0.01 s0] step 6000/7820 acc 0.8412 active 21,956 ema 0.855 (83s)
  [cnn top_down d=0.01 s0] step 7000/7820 acc 0.8558 active 21,956 ema 0.863 (97s)
[done] p2 cnn top_down d=0.01 s0: acc 0.8550 active 21,956 train 3.465e+14 (109s)
  [cnn sync d=0.01 s1] step 1000/7820 acc 0.7368 active 1,685,765 ema 0.737 (14s)
  [cnn sync d=0.01 s1] step 2000/7820 acc 0.8041 active 275,334 ema 0.824 (28s)
  [cnn sync d=0.01 s1] step 3000/7820 acc 0.8094 active 22,480 ema 0.806 (42s)
  [cnn sync d=0.01 s1] step 4000/7820 acc 0.8252 active 21,956 ema 0.829 (56s)
  [cnn sync d=0.01 s1] step 5000/7820 acc 0.8353 active 21,956 ema 0.839 (69s)
  [cnn sync d=0.01 s1] step 6000/7820 acc 0.8471 active 21,956 ema 0.853 (83s)
  [cnn sync d=0.01 s1] step 7000/7820 acc 0.8524 active 21,956 ema 0.861 (97s)
[done] p2 cnn sync d=0.01 s1: acc 0.8538 active 21,956 train 1.959e+14 (109s)
  [cnn bottom_up d=0.01 s1] step 1000/7820 acc 0.6992 active 2,195,483 ema 0.732 (14s)
  [cnn bottom_up d=0.01 s1] step 2000/7820 acc 0.8170 active 2,100,708 ema 0.821 (28s)
  [cnn bottom_up d=0.01 s1] step 3000/7820 acc 0.8497 active 1,212,962 ema 0.864 (42s)
  [cnn bottom_up d=0.01 s1] step 4000/7820 acc 0.8456 active 175,478 ema 0.860 (56s)
  [cnn bottom_up d=0.01 s1] step 5000/7820 acc 0.8248 active 22,235 ema 0.832 (69s)
  [cnn bottom_up d=0.01 s1] step 6000/7820 acc 0.8425 active 21,956 ema 0.849 (83s)
  [cnn bottom_up d=0.01 s1] step 7000/7820 acc 0.8521 active 21,956 ema 0.865 (97s)
[done] p2 cnn bottom_up d=0.01 s1: acc 0.8552 active 21,956 train 3.117e+14 (109s)
  [cnn top_down d=0.01 s1] step 1000/7820 acc 0.7026 active 2,195,144 ema 0.731 (14s)
  [cnn top_down d=0.01 s1] step 2000/7820 acc 0.8195 active 1,079,313 ema 0.823 (28s)
  [cnn top_down d=0.01 s1] step 3000/7820 acc 0.8445 active 199,056 ema 0.859 (42s)
  [cnn top_down d=0.01 s1] step 4000/7820 acc 0.8172 active 31,344 ema 0.824 (56s)
  [cnn top_down d=0.01 s1] step 5000/7820 acc 0.8284 active 21,973 ema 0.832 (70s)
  [cnn top_down d=0.01 s1] step 6000/7820 acc 0.8469 active 21,956 ema 0.850 (83s)
  [cnn top_down d=0.01 s1] step 7000/7820 acc 0.8530 active 21,956 ema 0.864 (97s)
[done] p2 cnn top_down d=0.01 s1: acc 0.8529 active 21,956 train 3.465e+14 (108s)
  [cnn sync d=0.01 s2] step 1000/7820 acc 0.7392 active 1,685,763 ema 0.740 (14s)
  [cnn sync d=0.01 s2] step 2000/7820 acc 0.8044 active 275,334 ema 0.824 (28s)
  [cnn sync d=0.01 s2] step 3000/7820 acc 0.7897 active 22,480 ema 0.800 (43s)
  [cnn sync d=0.01 s2] step 4000/7820 acc 0.8186 active 21,956 ema 0.825 (56s)
  [cnn sync d=0.01 s2] step 5000/7820 acc 0.8356 active 21,956 ema 0.840 (70s)
  [cnn sync d=0.01 s2] step 6000/7820 acc 0.8455 active 21,956 ema 0.855 (83s)
  [cnn sync d=0.01 s2] step 7000/7820 acc 0.8536 active 21,956 ema 0.861 (97s)
[done] p2 cnn sync d=0.01 s2: acc 0.8537 active 21,956 train 1.964e+14 (108s)
  [cnn bottom_up d=0.01 s2] step 1000/7820 acc 0.7242 active 2,195,492 ema 0.734 (14s)
  [cnn bottom_up d=0.01 s2] step 2000/7820 acc 0.8257 active 2,100,816 ema 0.821 (28s)
  [cnn bottom_up d=0.01 s2] step 3000/7820 acc 0.8235 active 1,213,101 ema 0.858 (42s)
  [cnn bottom_up d=0.01 s2] step 4000/7820 acc 0.8355 active 175,501 ema 0.857 (56s)
  [cnn bottom_up d=0.01 s2] step 5000/7820 acc 0.8213 active 22,235 ema 0.829 (70s)
  [cnn bottom_up d=0.01 s2] step 6000/7820 acc 0.8508 active 21,956 ema 0.855 (84s)
  [cnn bottom_up d=0.01 s2] step 7000/7820 acc 0.8562 active 21,956 ema 0.861 (97s)
[done] p2 cnn bottom_up d=0.01 s2: acc 0.8560 active 21,956 train 3.122e+14 (109s)
  [cnn top_down d=0.01 s2] step 1000/7820 acc 0.7300 active 2,195,145 ema 0.735 (14s)
  [cnn top_down d=0.01 s2] step 2000/7820 acc 0.8226 active 1,079,169 ema 0.824 (28s)
  [cnn top_down d=0.01 s2] step 3000/7820 acc 0.8180 active 198,947 ema 0.856 (42s)
  [cnn top_down d=0.01 s2] step 4000/7820 acc 0.8230 active 31,325 ema 0.821 (56s)
  [cnn top_down d=0.01 s2] step 5000/7820 acc 0.8235 active 21,972 ema 0.836 (70s)
  [cnn top_down d=0.01 s2] step 6000/7820 acc 0.8480 active 21,956 ema 0.859 (84s)
  [cnn top_down d=0.01 s2] step 7000/7820 acc 0.8564 active 21,956 ema 0.863 (97s)
[done] p2 cnn top_down d=0.01 s2: acc 0.8566 active 21,956 train 3.468e+14 (109s)
==== stage e2 end 01:54:50
==== stage e4 start 01:54:50
  [mnist block16_during d=0.01 s0] step 1000/7035 acc 0.9777 active 1,611,776 ema 0.976 (3s)
  [mnist block16_during d=0.01 s0] step 2000/7035 acc 0.9808 active 694,176 ema 0.989 (5s)
  [mnist block16_during d=0.01 s0] step 3000/7035 acc 0.9780 active 220,928 ema 0.990 (8s)
  [mnist block16_during d=0.01 s0] step 4000/7035 acc 0.9650 active 44,640 ema 0.963 (10s)
  [mnist block16_during d=0.01 s0] step 5000/7035 acc 0.9595 active 18,592 ema 0.955 (12s)
  [mnist block16_during d=0.01 s0] step 6000/7035 acc 0.9616 active 18,592 ema 0.964 (14s)
  [mnist block16_during d=0.01 s0] step 7000/7035 acc 0.9631 active 18,592 ema 0.965 (17s)
[done] p2 mnist block16_during d=0.01 s0: acc 0.9631 active 18,592 train 2.660e+12 (17s)
  [mnist block16_oneshot d=0.01 s0] step 1000/7035 acc 0.9760 active 1,861,632 ema 0.975 (3s)
  [mnist block16_oneshot d=0.01 s0] step 2000/7035 acc 0.9806 active 1,861,632 ema 0.987 (5s)
  [mnist block16_oneshot d=0.01 s0] step 3000/7035 acc 0.9834 active 1,861,632 ema 0.995 (8s)
  [mnist block16_oneshot d=0.01 s0] step 4000/7035 acc 0.9855 active 1,861,632 ema 0.999 (10s)
  [mnist block16_oneshot d=0.01 s0] step 5000/7035 acc 0.9870 active 1,861,632 ema 1.000 (12s)
  [mnist block16_oneshot d=0.01 s0] step 6000/7035 acc 0.9876 active 1,861,632 ema 1.000 (15s)
  [mnist block16_oneshot d=0.01 s0] step 7000/7035 acc 0.9875 active 1,861,632 ema 1.000 (18s)
  [mnist block16_oneshot d=0.01 s0] step 8000/7035 acc 0.1135 active 18,592 ema 0.113 (20s)
  [mnist block16_oneshot d=0.01 s0] step 9000/7035 acc 0.1135 active 18,592 ema 0.112 (23s)
  [mnist block16_oneshot d=0.01 s0] step 10000/7035 acc 0.1135 active 18,592 ema 0.112 (25s)
[done] p2 mnist block16_oneshot d=0.01 s0: acc 0.1135 active 18,592 train 1.010e+13 (26s)
  [mnist block16_during d=0.01 s1] step 1000/7035 acc 0.9756 active 1,611,776 ema 0.976 (3s)
  [mnist block16_during d=0.01 s1] step 2000/7035 acc 0.9795 active 694,272 ema 0.989 (5s)
  [mnist block16_during d=0.01 s1] step 3000/7035 acc 0.9787 active 220,832 ema 0.989 (8s)
  [mnist block16_during d=0.01 s1] step 4000/7035 acc 0.9651 active 44,800 ema 0.965 (10s)
  [mnist block16_during d=0.01 s1] step 5000/7035 acc 0.9564 active 18,688 ema 0.955 (12s)
  [mnist block16_during d=0.01 s1] step 6000/7035 acc 0.9612 active 18,688 ema 0.962 (15s)
  [mnist block16_during d=0.01 s1] step 7000/7035 acc 0.9619 active 18,688 ema 0.964 (17s)
[done] p2 mnist block16_during d=0.01 s1: acc 0.9619 active 18,688 train 2.660e+12 (17s)
  [mnist block16_oneshot d=0.01 s1] step 1000/7035 acc 0.9755 active 1,861,632 ema 0.975 (3s)
  [mnist block16_oneshot d=0.01 s1] step 2000/7035 acc 0.9742 active 1,861,632 ema 0.990 (5s)
  [mnist block16_oneshot d=0.01 s1] step 3000/7035 acc 0.9817 active 1,861,632 ema 0.995 (7s)
  [mnist block16_oneshot d=0.01 s1] step 4000/7035 acc 0.9848 active 1,861,632 ema 0.999 (10s)
  [mnist block16_oneshot d=0.01 s1] step 5000/7035 acc 0.9867 active 1,861,632 ema 1.000 (12s)
  [mnist block16_oneshot d=0.01 s1] step 6000/7035 acc 0.9873 active 1,861,632 ema 1.000 (15s)
  [mnist block16_oneshot d=0.01 s1] step 7000/7035 acc 0.9872 active 1,861,632 ema 1.000 (17s)
  [mnist block16_oneshot d=0.01 s1] step 8000/7035 acc 0.1135 active 18,688 ema 0.112 (19s)
  [mnist block16_oneshot d=0.01 s1] step 9000/7035 acc 0.1135 active 18,688 ema 0.115 (21s)
  [mnist block16_oneshot d=0.01 s1] step 10000/7035 acc 0.1135 active 18,688 ema 0.110 (24s)
[done] p2 mnist block16_oneshot d=0.01 s1: acc 0.1135 active 18,688 train 1.010e+13 (25s)
  [mnist block16_during d=0.01 s2] step 1000/7035 acc 0.9747 active 1,611,776 ema 0.976 (3s)
  [mnist block16_during d=0.01 s2] step 2000/7035 acc 0.9792 active 694,240 ema 0.990 (5s)
  [mnist block16_during d=0.01 s2] step 3000/7035 acc 0.9798 active 221,024 ema 0.990 (8s)
  [mnist block16_during d=0.01 s2] step 4000/7035 acc 0.9662 active 44,576 ema 0.967 (10s)
  [mnist block16_during d=0.01 s2] step 5000/7035 acc 0.9643 active 18,592 ema 0.961 (13s)
  [mnist block16_during d=0.01 s2] step 6000/7035 acc 0.9678 active 18,592 ema 0.968 (15s)
  [mnist block16_during d=0.01 s2] step 7000/7035 acc 0.9676 active 18,592 ema 0.969 (18s)
[done] p2 mnist block16_during d=0.01 s2: acc 0.9676 active 18,592 train 2.660e+12 (18s)
  [mnist block16_oneshot d=0.01 s2] step 1000/7035 acc 0.9741 active 1,861,632 ema 0.976 (3s)
  [mnist block16_oneshot d=0.01 s2] step 2000/7035 acc 0.9784 active 1,861,632 ema 0.989 (5s)
  [mnist block16_oneshot d=0.01 s2] step 3000/7035 acc 0.9850 active 1,861,632 ema 0.995 (8s)
  [mnist block16_oneshot d=0.01 s2] step 4000/7035 acc 0.9844 active 1,861,632 ema 0.998 (10s)
  [mnist block16_oneshot d=0.01 s2] step 5000/7035 acc 0.9861 active 1,861,632 ema 0.999 (13s)
  [mnist block16_oneshot d=0.01 s2] step 6000/7035 acc 0.9865 active 1,861,632 ema 1.000 (15s)
  [mnist block16_oneshot d=0.01 s2] step 7000/7035 acc 0.9867 active 1,861,632 ema 1.000 (18s)
  [mnist block16_oneshot d=0.01 s2] step 8000/7035 acc 0.1135 active 18,688 ema 0.114 (21s)
  [mnist block16_oneshot d=0.01 s2] step 9000/7035 acc 0.1135 active 18,688 ema 0.111 (23s)
  [mnist block16_oneshot d=0.01 s2] step 10000/7035 acc 0.1135 active 18,688 ema 0.113 (25s)
[done] p2 mnist block16_oneshot d=0.01 s2: acc 0.1135 active 18,688 train 1.010e+13 (27s)
  [mnist block16_during d=0.005 s0] step 1000/7035 acc 0.9771 active 1,610,496 ema 0.976 (3s)
  [mnist block16_during d=0.005 s0] step 2000/7035 acc 0.9810 active 688,448 ema 0.989 (5s)
  [mnist block16_during d=0.005 s0] step 3000/7035 acc 0.9798 active 212,512 ema 0.989 (8s)
  [mnist block16_during d=0.005 s0] step 4000/7035 acc 0.9662 active 35,520 ema 0.962 (10s)
  [mnist block16_during d=0.005 s0] step 5000/7035 acc 0.9284 active 9,184 ema 0.920 (13s)
  [mnist block16_during d=0.005 s0] step 6000/7035 acc 0.9362 active 9,184 ema 0.933 (15s)
  [mnist block16_during d=0.005 s0] step 7000/7035 acc 0.9370 active 9,184 ema 0.934 (18s)
[done] p2 mnist block16_during d=0.005 s0: acc 0.9370 active 9,184 train 2.622e+12 (18s)
  [mnist block16_oneshot d=0.005 s0] step 1000/7035 acc 0.9760 active 1,861,632 ema 0.975 (3s)
  [mnist block16_oneshot d=0.005 s0] step 2000/7035 acc 0.9806 active 1,861,632 ema 0.987 (5s)
  [mnist block16_oneshot d=0.005 s0] step 3000/7035 acc 0.9834 active 1,861,632 ema 0.995 (7s)
  [mnist block16_oneshot d=0.005 s0] step 4000/7035 acc 0.9855 active 1,861,632 ema 0.999 (10s)
  [mnist block16_oneshot d=0.005 s0] step 5000/7035 acc 0.9870 active 1,861,632 ema 1.000 (12s)
  [mnist block16_oneshot d=0.005 s0] step 6000/7035 acc 0.9876 active 1,861,632 ema 1.000 (14s)
  [mnist block16_oneshot d=0.005 s0] step 7000/7035 acc 0.9875 active 1,861,632 ema 1.000 (17s)
  [mnist block16_oneshot d=0.005 s0] step 8000/7035 acc 0.1135 active 9,216 ema 0.113 (19s)
  [mnist block16_oneshot d=0.005 s0] step 9000/7035 acc 0.1135 active 9,216 ema 0.112 (21s)
  [mnist block16_oneshot d=0.005 s0] step 10000/7035 acc 0.1135 active 9,216 ema 0.112 (23s)
[done] p2 mnist block16_oneshot d=0.005 s0: acc 0.1135 active 9,216 train 1.008e+13 (25s)
  [mnist block16_during d=0.005 s1] step 1000/7035 acc 0.9754 active 1,610,496 ema 0.976 (3s)
  [mnist block16_during d=0.005 s1] step 2000/7035 acc 0.9799 active 688,448 ema 0.990 (6s)
  [mnist block16_during d=0.005 s1] step 3000/7035 acc 0.9789 active 212,736 ema 0.989 (8s)
  [mnist block16_during d=0.005 s1] step 4000/7035 acc 0.9668 active 35,520 ema 0.966 (11s)
  [mnist block16_during d=0.005 s1] step 5000/7035 acc 0.8992 active 9,248 ema 0.893 (13s)
  [mnist block16_during d=0.005 s1] step 6000/7035 acc 0.9102 active 9,248 ema 0.905 (15s)
  [mnist block16_during d=0.005 s1] step 7000/7035 acc 0.9108 active 9,248 ema 0.906 (18s)
[done] p2 mnist block16_during d=0.005 s1: acc 0.9108 active 9,248 train 2.622e+12 (18s)
  [mnist block16_oneshot d=0.005 s1] step 1000/7035 acc 0.9755 active 1,861,632 ema 0.975 (3s)
  [mnist block16_oneshot d=0.005 s1] step 2000/7035 acc 0.9742 active 1,861,632 ema 0.990 (5s)
  [mnist block16_oneshot d=0.005 s1] step 3000/7035 acc 0.9817 active 1,861,632 ema 0.995 (7s)
  [mnist block16_oneshot d=0.005 s1] step 4000/7035 acc 0.9848 active 1,861,632 ema 0.999 (9s)
  [mnist block16_oneshot d=0.005 s1] step 5000/7035 acc 0.9867 active 1,861,632 ema 1.000 (12s)
  [mnist block16_oneshot d=0.005 s1] step 6000/7035 acc 0.9873 active 1,861,632 ema 1.000 (15s)
  [mnist block16_oneshot d=0.005 s1] step 7000/7035 acc 0.9872 active 1,861,632 ema 1.000 (18s)
  [mnist block16_oneshot d=0.005 s1] step 8000/7035 acc 0.1135 active 9,216 ema 0.112 (20s)
  [mnist block16_oneshot d=0.005 s1] step 9000/7035 acc 0.1135 active 9,216 ema 0.115 (22s)
  [mnist block16_oneshot d=0.005 s1] step 10000/7035 acc 0.1135 active 9,216 ema 0.110 (25s)
[done] p2 mnist block16_oneshot d=0.005 s1: acc 0.1135 active 9,216 train 1.008e+13 (26s)
  [mnist block16_during d=0.005 s2] step 1000/7035 acc 0.9760 active 1,610,496 ema 0.976 (3s)
  [mnist block16_during d=0.005 s2] step 2000/7035 acc 0.9780 active 688,448 ema 0.989 (5s)
  [mnist block16_during d=0.005 s2] step 3000/7035 acc 0.9795 active 212,512 ema 0.990 (8s)
  [mnist block16_during d=0.005 s2] step 4000/7035 acc 0.9612 active 35,488 ema 0.957 (10s)
  [mnist block16_during d=0.005 s2] step 5000/7035 acc 0.9237 active 9,312 ema 0.914 (12s)
  [mnist block16_during d=0.005 s2] step 6000/7035 acc 0.9309 active 9,312 ema 0.926 (15s)
  [mnist block16_during d=0.005 s2] step 7000/7035 acc 0.9327 active 9,312 ema 0.929 (17s)
[done] p2 mnist block16_during d=0.005 s2: acc 0.9327 active 9,312 train 2.622e+12 (18s)
  [mnist block16_oneshot d=0.005 s2] step 1000/7035 acc 0.9741 active 1,861,632 ema 0.976 (3s)
  [mnist block16_oneshot d=0.005 s2] step 2000/7035 acc 0.9784 active 1,861,632 ema 0.989 (5s)
  [mnist block16_oneshot d=0.005 s2] step 3000/7035 acc 0.9850 active 1,861,632 ema 0.995 (7s)
  [mnist block16_oneshot d=0.005 s2] step 4000/7035 acc 0.9844 active 1,861,632 ema 0.998 (9s)
  [mnist block16_oneshot d=0.005 s2] step 5000/7035 acc 0.9861 active 1,861,632 ema 0.999 (12s)
  [mnist block16_oneshot d=0.005 s2] step 6000/7035 acc 0.9865 active 1,861,632 ema 1.000 (14s)
  [mnist block16_oneshot d=0.005 s2] step 7000/7035 acc 0.9867 active 1,861,632 ema 1.000 (17s)
  [mnist block16_oneshot d=0.005 s2] step 8000/7035 acc 0.1135 active 9,216 ema 0.114 (19s)
  [mnist block16_oneshot d=0.005 s2] step 9000/7035 acc 0.1135 active 9,216 ema 0.111 (22s)
  [mnist block16_oneshot d=0.005 s2] step 10000/7035 acc 0.1135 active 9,216 ema 0.113 (24s)
[done] p2 mnist block16_oneshot d=0.005 s2: acc 0.1135 active 9,216 train 1.008e+13 (26s)
  [cnn block16_during d=0.03 s0] step 1000/7820 acc 0.7143 active 1,934,784 ema 0.730 (14s)
  [cnn block16_during d=0.03 s0] step 2000/7820 acc 0.7973 active 943,808 ema 0.810 (28s)
  [cnn block16_during d=0.03 s0] step 3000/7820 acc 0.7840 active 384,960 ema 0.820 (43s)
  [cnn block16_during d=0.03 s0] step 4000/7820 acc 0.7194 active 134,368 ema 0.775 (56s)
  [cnn block16_during d=0.03 s0] step 5000/7820 acc 0.7184 active 68,352 ema 0.757 (70s)
  [cnn block16_during d=0.03 s0] step 6000/7820 acc 0.7956 active 65,888 ema 0.803 (83s)
  [cnn block16_during d=0.03 s0] step 7000/7820 acc 0.8223 active 65,888 ema 0.828 (97s)
[done] p2 cnn block16_during d=0.03 s0: acc 0.8223 active 65,888 train 4.573e+14 (109s)
  [cnn block16_oneshot d=0.03 s0] step 1000/7820 acc 0.7372 active 2,195,648 ema 0.732 (14s)
  [cnn block16_oneshot d=0.03 s0] step 2000/7820 acc 0.7821 active 2,195,648 ema 0.814 (28s)
  [cnn block16_oneshot d=0.03 s0] step 3000/7820 acc 0.8144 active 2,195,648 ema 0.861 (42s)
  [cnn block16_oneshot d=0.03 s0] step 4000/7820 acc 0.8689 active 2,195,648 ema 0.892 (56s)
  [cnn block16_oneshot d=0.03 s0] step 5000/7820 acc 0.8893 active 2,195,648 ema 0.922 (70s)
  [cnn block16_oneshot d=0.03 s0] step 6000/7820 acc 0.9007 active 2,195,648 ema 0.948 (83s)
  [cnn block16_oneshot d=0.03 s0] step 7000/7820 acc 0.9095 active 2,195,648 ema 0.964 (97s)
  [cnn block16_oneshot d=0.03 s0] step 8000/7820 acc 0.1000 active 65,984 ema 0.240 (111s)
  [cnn block16_oneshot d=0.03 s0] step 9000/7820 acc 0.1000 active 65,984 ema 0.102 (125s)
  [cnn block16_oneshot d=0.03 s0] step 10000/7820 acc 0.1000 active 65,984 ema 0.096 (139s)
  [cnn block16_oneshot d=0.03 s0] step 11000/7820 acc 0.1000 active 65,984 ema 0.100 (153s)
[done] p2 cnn block16_oneshot d=0.03 s0: acc 0.1000 active 65,984 train 1.033e+15 (164s)
  [cnn block16_during d=0.03 s1] step 1000/7820 acc 0.6791 active 1,934,784 ema 0.731 (14s)
  [cnn block16_during d=0.03 s1] step 2000/7820 acc 0.8060 active 943,808 ema 0.815 (27s)
  [cnn block16_during d=0.03 s1] step 3000/7820 acc 0.7815 active 384,960 ema 0.822 (41s)
  [cnn block16_during d=0.03 s1] step 4000/7820 acc 0.6829 active 134,272 ema 0.782 (55s)
  [cnn block16_during d=0.03 s1] step 5000/7820 acc 0.7072 active 68,256 ema 0.736 (68s)
  [cnn block16_during d=0.03 s1] step 6000/7820 acc 0.7893 active 65,952 ema 0.798 (82s)
  [cnn block16_during d=0.03 s1] step 7000/7820 acc 0.8157 active 65,952 ema 0.822 (96s)
[done] p2 cnn block16_during d=0.03 s1: acc 0.8220 active 65,952 train 4.567e+14 (108s)
  [cnn block16_oneshot d=0.03 s1] step 1000/7820 acc 0.6983 active 2,195,648 ema 0.732 (14s)
  [cnn block16_oneshot d=0.03 s1] step 2000/7820 acc 0.8165 active 2,195,648 ema 0.818 (28s)
  [cnn block16_oneshot d=0.03 s1] step 3000/7820 acc 0.8412 active 2,195,648 ema 0.862 (41s)
  [cnn block16_oneshot d=0.03 s1] step 4000/7820 acc 0.8675 active 2,195,648 ema 0.898 (55s)
  [cnn block16_oneshot d=0.03 s1] step 5000/7820 acc 0.8857 active 2,195,648 ema 0.918 (69s)
  [cnn block16_oneshot d=0.03 s1] step 6000/7820 acc 0.8997 active 2,195,648 ema 0.947 (82s)
  [cnn block16_oneshot d=0.03 s1] step 7000/7820 acc 0.9089 active 2,195,648 ema 0.963 (97s)
  [cnn block16_oneshot d=0.03 s1] step 8000/7820 acc 0.1000 active 65,984 ema 0.243 (111s)
  [cnn block16_oneshot d=0.03 s1] step 9000/7820 acc 0.1000 active 65,984 ema 0.100 (125s)
  [cnn block16_oneshot d=0.03 s1] step 10000/7820 acc 0.1000 active 65,984 ema 0.098 (139s)
  [cnn block16_oneshot d=0.03 s1] step 11000/7820 acc 0.1000 active 65,984 ema 0.098 (153s)
[done] p2 cnn block16_oneshot d=0.03 s1: acc 0.1000 active 65,984 train 1.036e+15 (163s)
  [cnn block16_during d=0.03 s2] step 1000/7820 acc 0.6870 active 1,934,784 ema 0.737 (13s)
  [cnn block16_during d=0.03 s2] step 2000/7820 acc 0.8000 active 943,808 ema 0.814 (27s)
  [cnn block16_during d=0.03 s2] step 3000/7820 acc 0.7854 active 384,960 ema 0.818 (41s)
  [cnn block16_during d=0.03 s2] step 4000/7820 acc 0.6643 active 134,464 ema 0.761 (55s)
  [cnn block16_during d=0.03 s2] step 5000/7820 acc 0.7148 active 68,448 ema 0.755 (69s)
  [cnn block16_during d=0.03 s2] step 6000/7820 acc 0.7887 active 65,888 ema 0.810 (84s)
  [cnn block16_during d=0.03 s2] step 7000/7820 acc 0.8236 active 65,888 ema 0.829 (97s)
[done] p2 cnn block16_during d=0.03 s2: acc 0.8264 active 65,888 train 4.564e+14 (108s)
  [cnn block16_oneshot d=0.03 s2] step 1000/7820 acc 0.7183 active 2,195,648 ema 0.737 (14s)
  [cnn block16_oneshot d=0.03 s2] step 2000/7820 acc 0.7837 active 2,195,648 ema 0.818 (27s)
  [cnn block16_oneshot d=0.03 s2] step 3000/7820 acc 0.8317 active 2,195,648 ema 0.861 (41s)
  [cnn block16_oneshot d=0.03 s2] step 4000/7820 acc 0.8712 active 2,195,648 ema 0.892 (55s)
  [cnn block16_oneshot d=0.03 s2] step 5000/7820 acc 0.8871 active 2,195,648 ema 0.919 (69s)
  [cnn block16_oneshot d=0.03 s2] step 6000/7820 acc 0.8994 active 2,195,648 ema 0.947 (83s)
  [cnn block16_oneshot d=0.03 s2] step 7000/7820 acc 0.9130 active 2,195,648 ema 0.963 (97s)
  [cnn block16_oneshot d=0.03 s2] step 8000/7820 acc 0.1000 active 65,824 ema 0.241 (111s)
  [cnn block16_oneshot d=0.03 s2] step 9000/7820 acc 0.1000 active 65,824 ema 0.100 (125s)
  [cnn block16_oneshot d=0.03 s2] step 10000/7820 acc 0.1000 active 65,824 ema 0.101 (138s)
  [cnn block16_oneshot d=0.03 s2] step 11000/7820 acc 0.1000 active 65,824 ema 0.097 (152s)
[done] p2 cnn block16_oneshot d=0.03 s2: acc 0.1000 active 65,824 train 1.033e+15 (162s)
  [cnn block16_during d=0.01 s0] step 1000/7820 acc 0.7376 active 1,929,408 ema 0.731 (14s)
  [cnn block16_during d=0.01 s0] step 2000/7820 acc 0.7920 active 917,952 ema 0.810 (28s)
  [cnn block16_during d=0.01 s0] step 3000/7820 acc 0.7418 active 347,584 ema 0.814 (42s)
  [cnn block16_during d=0.01 s0] step 4000/7820 acc 0.6708 active 91,808 ema 0.735 (56s)
  [cnn block16_during d=0.01 s0] step 5000/7820 acc 0.5198 active 24,352 ema 0.616 (70s)
  [cnn block16_during d=0.01 s0] step 6000/7820 acc 0.6506 active 22,048 ema 0.676 (84s)
  [cnn block16_during d=0.01 s0] step 7000/7820 acc 0.7125 active 22,048 ema 0.705 (97s)
[done] p2 cnn block16_during d=0.01 s0: acc 0.7164 active 22,048 train 4.030e+14 (109s)
  [cnn block16_oneshot d=0.01 s0] step 1000/7820 acc 0.7372 active 2,195,648 ema 0.732 (14s)
  [cnn block16_oneshot d=0.01 s0] step 2000/7820 acc 0.7821 active 2,195,648 ema 0.814 (28s)
  [cnn block16_oneshot d=0.01 s0] step 3000/7820 acc 0.8144 active 2,195,648 ema 0.861 (42s)
  [cnn block16_oneshot d=0.01 s0] step 4000/7820 acc 0.8689 active 2,195,648 ema 0.892 (56s)
  [cnn block16_oneshot d=0.01 s0] step 5000/7820 acc 0.8893 active 2,195,648 ema 0.922 (70s)
  [cnn block16_oneshot d=0.01 s0] step 6000/7820 acc 0.9007 active 2,195,648 ema 0.948 (84s)
  [cnn block16_oneshot d=0.01 s0] step 7000/7820 acc 0.9095 active 2,195,648 ema 0.964 (97s)
  [cnn block16_oneshot d=0.01 s0] step 8000/7820 acc 0.1000 active 22,048 ema 0.241 (111s)
  [cnn block16_oneshot d=0.01 s0] step 9000/7820 acc 0.1000 active 22,048 ema 0.102 (124s)
  [cnn block16_oneshot d=0.01 s0] step 10000/7820 acc 0.1000 active 22,048 ema 0.096 (139s)
  [cnn block16_oneshot d=0.01 s0] step 11000/7820 acc 0.1000 active 22,048 ema 0.100 (153s)
[done] p2 cnn block16_oneshot d=0.01 s0: acc 0.1000 active 22,048 train 9.726e+14 (163s)
  [cnn block16_during d=0.01 s1] step 1000/7820 acc 0.7184 active 1,929,408 ema 0.730 (14s)
  [cnn block16_during d=0.01 s1] step 2000/7820 acc 0.7885 active 917,952 ema 0.811 (28s)
  [cnn block16_during d=0.01 s1] step 3000/7820 acc 0.7940 active 347,584 ema 0.813 (42s)
  [cnn block16_during d=0.01 s1] step 4000/7820 acc 0.6791 active 91,872 ema 0.738 (55s)
  [cnn block16_during d=0.01 s1] step 5000/7820 acc 0.6335 active 24,512 ema 0.652 (69s)
  [cnn block16_during d=0.01 s1] step 6000/7820 acc 0.7088 active 21,952 ema 0.704 (82s)
  [cnn block16_during d=0.01 s1] step 7000/7820 acc 0.7425 active 21,952 ema 0.733 (97s)
[done] p2 cnn block16_during d=0.01 s1: acc 0.7488 active 21,952 train 4.033e+14 (108s)
  [cnn block16_oneshot d=0.01 s1] step 1000/7820 acc 0.6983 active 2,195,648 ema 0.732 (14s)
  [cnn block16_oneshot d=0.01 s1] step 2000/7820 acc 0.8165 active 2,195,648 ema 0.818 (28s)
  [cnn block16_oneshot d=0.01 s1] step 3000/7820 acc 0.8412 active 2,195,648 ema 0.862 (42s)
  [cnn block16_oneshot d=0.01 s1] step 4000/7820 acc 0.8675 active 2,195,648 ema 0.898 (55s)
  [cnn block16_oneshot d=0.01 s1] step 5000/7820 acc 0.8857 active 2,195,648 ema 0.918 (69s)
  [cnn block16_oneshot d=0.01 s1] step 6000/7820 acc 0.8997 active 2,195,648 ema 0.947 (83s)
  [cnn block16_oneshot d=0.01 s1] step 7000/7820 acc 0.9089 active 2,195,648 ema 0.963 (97s)
  [cnn block16_oneshot d=0.01 s1] step 8000/7820 acc 0.1000 active 22,048 ema 0.244 (111s)
  [cnn block16_oneshot d=0.01 s1] step 9000/7820 acc 0.1000 active 22,048 ema 0.100 (126s)
  [cnn block16_oneshot d=0.01 s1] step 10000/7820 acc 0.1000 active 22,048 ema 0.098 (139s)
  [cnn block16_oneshot d=0.01 s1] step 11000/7820 acc 0.1000 active 22,048 ema 0.097 (153s)
[done] p2 cnn block16_oneshot d=0.01 s1: acc 0.1000 active 22,048 train 9.750e+14 (163s)
  [cnn block16_during d=0.01 s2] step 1000/7820 acc 0.7023 active 1,929,408 ema 0.736 (14s)
  [cnn block16_during d=0.01 s2] step 2000/7820 acc 0.8098 active 917,952 ema 0.814 (27s)
  [cnn block16_during d=0.01 s2] step 3000/7820 acc 0.7729 active 347,584 ema 0.812 (41s)
  [cnn block16_during d=0.01 s2] step 4000/7820 acc 0.6530 active 91,872 ema 0.746 (55s)
  [cnn block16_during d=0.01 s2] step 5000/7820 acc 0.6369 active 24,384 ema 0.656 (69s)
  [cnn block16_during d=0.01 s2] step 6000/7820 acc 0.7176 active 22,080 ema 0.717 (83s)
  [cnn block16_during d=0.01 s2] step 7000/7820 acc 0.7522 active 22,080 ema 0.735 (97s)
[done] p2 cnn block16_during d=0.01 s2: acc 0.7541 active 22,080 train 4.023e+14 (109s)
  [cnn block16_oneshot d=0.01 s2] step 1000/7820 acc 0.7183 active 2,195,648 ema 0.737 (14s)
  [cnn block16_oneshot d=0.01 s2] step 2000/7820 acc 0.7837 active 2,195,648 ema 0.818 (27s)
  [cnn block16_oneshot d=0.01 s2] step 3000/7820 acc 0.8317 active 2,195,648 ema 0.861 (41s)
  [cnn block16_oneshot d=0.01 s2] step 4000/7820 acc 0.8712 active 2,195,648 ema 0.892 (55s)
  [cnn block16_oneshot d=0.01 s2] step 5000/7820 acc 0.8871 active 2,195,648 ema 0.919 (68s)
  [cnn block16_oneshot d=0.01 s2] step 6000/7820 acc 0.8994 active 2,195,648 ema 0.947 (82s)
  [cnn block16_oneshot d=0.01 s2] step 7000/7820 acc 0.9130 active 2,195,648 ema 0.963 (97s)
  [cnn block16_oneshot d=0.01 s2] step 8000/7820 acc 0.1000 active 21,888 ema 0.241 (111s)
  [cnn block16_oneshot d=0.01 s2] step 9000/7820 acc 0.1000 active 21,888 ema 0.100 (124s)
  [cnn block16_oneshot d=0.01 s2] step 10000/7820 acc 0.1000 active 21,888 ema 0.101 (138s)
  [cnn block16_oneshot d=0.01 s2] step 11000/7820 acc 0.1000 active 21,888 ema 0.097 (152s)
[done] p2 cnn block16_oneshot d=0.01 s2: acc 0.1000 active 21,888 train 9.721e+14 (162s)
==== stage e4 end 02:26:22
==== stage e3 start 02:26:22
  [mnist two_waves d=0.005 s0] step 1000/7035 acc 0.9775 active 1,335,166 ema 0.978 (2s)
  [mnist two_waves d=0.005 s0] step 2000/7035 acc 0.9856 active 184,254 ema 0.993 (5s)
  [mnist two_waves d=0.005 s0] step 3000/7035 acc 0.9858 active 128,633 ema 0.999 (8s)
  [mnist two_waves d=0.005 s0] step 4000/7035 acc 0.9797 active 28,645 ema 0.987 (10s)
  [mnist two_waves d=0.005 s0] step 5000/7035 acc 0.9778 active 9,308 ema 0.982 (13s)
  [mnist two_waves d=0.005 s0] step 6000/7035 acc 0.9789 active 9,308 ema 0.984 (15s)
  [mnist two_waves d=0.005 s0] step 7000/7035 acc 0.9790 active 9,308 ema 0.984 (18s)
[done] p2 mnist two_waves d=0.005 s0: acc 0.9790 active 9,308 train 1.974e+12 (18s)
  [mnist progress_gated d=0.005 s0] step 1000/7035 acc 0.9759 active 1,727,264 ema 0.976 (3s)
  [mnist progress_gated d=0.005 s0] step 2000/7035 acc 0.9825 active 721,979 ema 0.993 (5s)
  [mnist progress_gated d=0.005 s0] step 3000/7035 acc 0.9819 active 213,425 ema 0.996 (8s)
  [mnist progress_gated d=0.005 s0] step 4000/7035 acc 0.9731 active 32,299 ema 0.986 (10s)
  [mnist progress_gated d=0.005 s0] step 5000/7035 acc 0.9766 active 9,308 ema 0.980 (12s)
  [mnist progress_gated d=0.005 s0] step 6000/7035 acc 0.9786 active 9,308 ema 0.984 (15s)
  [mnist progress_gated d=0.005 s0] step 7000/7035 acc 0.9786 active 9,308 ema 0.983 (17s)
[done] p2 mnist progress_gated d=0.005 s0: acc 0.9786 active 9,308 train 2.822e+12 (18s)
  [mnist two_waves d=0.005 s1] step 1000/7035 acc 0.9782 active 1,335,149 ema 0.978 (3s)
  [mnist two_waves d=0.005 s1] step 2000/7035 acc 0.9853 active 184,201 ema 0.993 (6s)
  [mnist two_waves d=0.005 s1] step 3000/7035 acc 0.9861 active 128,579 ema 0.999 (8s)
  [mnist two_waves d=0.005 s1] step 4000/7035 acc 0.9789 active 28,636 ema 0.989 (10s)
  [mnist two_waves d=0.005 s1] step 5000/7035 acc 0.9776 active 9,308 ema 0.983 (13s)
  [mnist two_waves d=0.005 s1] step 6000/7035 acc 0.9782 active 9,308 ema 0.984 (15s)
  [mnist two_waves d=0.005 s1] step 7000/7035 acc 0.9783 active 9,308 ema 0.986 (18s)
[done] p2 mnist two_waves d=0.005 s1: acc 0.9783 active 9,308 train 1.974e+12 (18s)
  [mnist progress_gated d=0.005 s1] step 1000/7035 acc 0.9755 active 1,728,392 ema 0.976 (2s)
  [mnist progress_gated d=0.005 s1] step 2000/7035 acc 0.9821 active 728,897 ema 0.993 (5s)
  [mnist progress_gated d=0.005 s1] step 3000/7035 acc 0.9847 active 219,198 ema 0.997 (7s)
  [mnist progress_gated d=0.005 s1] step 4000/7035 acc 0.9827 active 34,324 ema 0.989 (10s)
  [mnist progress_gated d=0.005 s1] step 5000/7035 acc 0.9775 active 9,308 ema 0.982 (13s)
  [mnist progress_gated d=0.005 s1] step 6000/7035 acc 0.9782 active 9,308 ema 0.984 (15s)
  [mnist progress_gated d=0.005 s1] step 7000/7035 acc 0.9781 active 9,308 ema 0.985 (18s)
[done] p2 mnist progress_gated d=0.005 s1: acc 0.9781 active 9,308 train 2.784e+12 (18s)
  [mnist two_waves d=0.005 s2] step 1000/7035 acc 0.9765 active 1,335,159 ema 0.976 (2s)
  [mnist two_waves d=0.005 s2] step 2000/7035 acc 0.9851 active 184,230 ema 0.993 (5s)
  [mnist two_waves d=0.005 s2] step 3000/7035 acc 0.9862 active 128,608 ema 0.999 (7s)
  [mnist two_waves d=0.005 s2] step 4000/7035 acc 0.9804 active 28,640 ema 0.988 (9s)
  [mnist two_waves d=0.005 s2] step 5000/7035 acc 0.9772 active 9,308 ema 0.982 (12s)
  [mnist two_waves d=0.005 s2] step 6000/7035 acc 0.9776 active 9,308 ema 0.985 (14s)
  [mnist two_waves d=0.005 s2] step 7000/7035 acc 0.9783 active 9,308 ema 0.985 (17s)
[done] p2 mnist two_waves d=0.005 s2: acc 0.9783 active 9,308 train 1.974e+12 (17s)
  [mnist progress_gated d=0.005 s2] step 1000/7035 acc 0.9745 active 1,727,266 ema 0.976 (2s)
  [mnist progress_gated d=0.005 s2] step 2000/7035 acc 0.9805 active 721,980 ema 0.994 (5s)
  [mnist progress_gated d=0.005 s2] step 3000/7035 acc 0.9821 active 213,424 ema 0.996 (8s)
  [mnist progress_gated d=0.005 s2] step 4000/7035 acc 0.9763 active 32,299 ema 0.988 (11s)
  [mnist progress_gated d=0.005 s2] step 5000/7035 acc 0.9761 active 9,308 ema 0.981 (13s)
  [mnist progress_gated d=0.005 s2] step 6000/7035 acc 0.9771 active 9,308 ema 0.984 (16s)
  [mnist progress_gated d=0.005 s2] step 7000/7035 acc 0.9771 active 9,308 ema 0.984 (18s)
[done] p2 mnist progress_gated d=0.005 s2: acc 0.9771 active 9,308 train 2.822e+12 (18s)
  [cnn two_waves d=0.01 s0] step 1000/7820 acc 0.7491 active 1,642,086 ema 0.733 (14s)
  [cnn two_waves d=0.01 s0] step 2000/7820 acc 0.8208 active 309,469 ema 0.827 (28s)
  [cnn two_waves d=0.01 s0] step 3000/7820 acc 0.8362 active 194,192 ema 0.868 (42s)
  [cnn two_waves d=0.01 s0] step 4000/7820 acc 0.8601 active 108,626 ema 0.879 (56s)
  [cnn two_waves d=0.01 s0] step 5000/7820 acc 0.8210 active 25,896 ema 0.829 (69s)
  [cnn two_waves d=0.01 s0] step 6000/7820 acc 0.8469 active 21,956 ema 0.851 (83s)
  [cnn two_waves d=0.01 s0] step 7000/7820 acc 0.8544 active 21,956 ema 0.862 (97s)
[done] p2 cnn two_waves d=0.01 s0: acc 0.8564 active 21,956 train 2.269e+14 (109s)
  [cnn progress_gated d=0.01 s0] step 1000/7820 acc 0.7372 active 2,195,648 ema 0.732 (14s)
  [cnn progress_gated d=0.01 s0] step 2000/7820 acc 0.7925 active 1,719,595 ema 0.818 (28s)
  [cnn progress_gated d=0.01 s0] step 3000/7820 acc 0.8245 active 639,144 ema 0.871 (43s)
  [cnn progress_gated d=0.01 s0] step 4000/7820 acc 0.8510 active 154,520 ema 0.879 (56s)
  [cnn progress_gated d=0.01 s0] step 5000/7820 acc 0.8165 active 26,729 ema 0.833 (70s)
  [cnn progress_gated d=0.01 s0] step 6000/7820 acc 0.8449 active 21,956 ema 0.851 (83s)
  [cnn progress_gated d=0.01 s0] step 7000/7820 acc 0.8563 active 21,956 ema 0.860 (97s)
[done] p2 cnn progress_gated d=0.01 s0: acc 0.8558 active 21,956 train 3.391e+14 (109s)
  [cnn two_waves d=0.01 s1] step 1000/7820 acc 0.7399 active 1,642,138 ema 0.736 (14s)
  [cnn two_waves d=0.01 s1] step 2000/7820 acc 0.8262 active 309,642 ema 0.829 (28s)
  [cnn two_waves d=0.01 s1] step 3000/7820 acc 0.8652 active 194,374 ema 0.873 (42s)
  [cnn two_waves d=0.01 s1] step 4000/7820 acc 0.8592 active 108,720 ema 0.885 (56s)
  [cnn two_waves d=0.01 s1] step 5000/7820 acc 0.8307 active 25,901 ema 0.833 (70s)
  [cnn two_waves d=0.01 s1] step 6000/7820 acc 0.8432 active 21,956 ema 0.854 (83s)
  [cnn two_waves d=0.01 s1] step 7000/7820 acc 0.8560 active 21,956 ema 0.865 (97s)
[done] p2 cnn two_waves d=0.01 s1: acc 0.8555 active 21,956 train 2.269e+14 (109s)
  [cnn progress_gated d=0.01 s1] step 1000/7820 acc 0.6983 active 2,195,648 ema 0.732 (14s)
  [cnn progress_gated d=0.01 s1] step 2000/7820 acc 0.8233 active 1,726,975 ema 0.822 (28s)
  [cnn progress_gated d=0.01 s1] step 3000/7820 acc 0.8602 active 655,552 ema 0.875 (43s)
  [cnn progress_gated d=0.01 s1] step 4000/7820 acc 0.8584 active 165,113 ema 0.884 (57s)
  [cnn progress_gated d=0.01 s1] step 5000/7820 acc 0.8296 active 28,533 ema 0.838 (70s)
  [cnn progress_gated d=0.01 s1] step 6000/7820 acc 0.8480 active 21,956 ema 0.853 (84s)
  [cnn progress_gated d=0.01 s1] step 7000/7820 acc 0.8547 active 21,956 ema 0.869 (97s)
[done] p2 cnn progress_gated d=0.01 s1: acc 0.8568 active 21,956 train 3.335e+14 (109s)
  [cnn two_waves d=0.01 s2] step 1000/7820 acc 0.7215 active 1,641,830 ema 0.739 (14s)
  [cnn two_waves d=0.01 s2] step 2000/7820 acc 0.8189 active 308,596 ema 0.831 (28s)
  [cnn two_waves d=0.01 s2] step 3000/7820 acc 0.8319 active 193,264 ema 0.867 (43s)
  [cnn two_waves d=0.01 s2] step 4000/7820 acc 0.8577 active 108,161 ema 0.879 (57s)
  [cnn two_waves d=0.01 s2] step 5000/7820 acc 0.8269 active 25,876 ema 0.836 (71s)
  [cnn two_waves d=0.01 s2] step 6000/7820 acc 0.8426 active 21,956 ema 0.856 (84s)
  [cnn two_waves d=0.01 s2] step 7000/7820 acc 0.8514 active 21,956 ema 0.865 (98s)
[done] p2 cnn two_waves d=0.01 s2: acc 0.8528 active 21,956 train 2.275e+14 (110s)
  [cnn progress_gated d=0.01 s2] step 1000/7820 acc 0.7183 active 2,195,648 ema 0.737 (14s)
  [cnn progress_gated d=0.01 s2] step 2000/7820 acc 0.8068 active 1,719,593 ema 0.822 (28s)
  [cnn progress_gated d=0.01 s2] step 3000/7820 acc 0.8379 active 639,143 ema 0.871 (42s)
  [cnn progress_gated d=0.01 s2] step 4000/7820 acc 0.8499 active 154,519 ema 0.878 (56s)
  [cnn progress_gated d=0.01 s2] step 5000/7820 acc 0.8254 active 26,729 ema 0.836 (70s)
  [cnn progress_gated d=0.01 s2] step 6000/7820 acc 0.8460 active 21,956 ema 0.856 (84s)
  [cnn progress_gated d=0.01 s2] step 7000/7820 acc 0.8541 active 21,956 ema 0.863 (97s)
[done] p2 cnn progress_gated d=0.01 s2: acc 0.8519 active 21,956 train 3.395e+14 (109s)
==== stage e3 end 02:39:04
==== stage x1 start 02:39:04
  [mnist dense d=1 s0] step 1000/7035 acc 0.9760 active 1,861,632 ema 0.975 (2s)
  [mnist dense d=1 s0] step 2000/7035 acc 0.9806 active 1,861,632 ema 0.987 (3s)
  [mnist dense d=1 s0] step 3000/7035 acc 0.9834 active 1,861,632 ema 0.995 (5s)
  [mnist dense d=1 s0] step 4000/7035 acc 0.9855 active 1,861,632 ema 0.999 (7s)
  [mnist dense d=1 s0] step 5000/7035 acc 0.9870 active 1,861,632 ema 1.000 (9s)
  [mnist dense d=1 s0] step 6000/7035 acc 0.9876 active 1,861,632 ema 1.000 (11s)
  [mnist dense d=1 s0] step 7000/7035 acc 0.9875 active 1,861,632 ema 1.000 (13s)
[done] p2 mnist dense d=1 s0: acc 0.9875 active 1,861,632 train 1.005e+13 (13s)
  [mnist dense_small d=0.005 s0] step 1000/7035 acc 0.9140 active 9,672 ema 0.904 (2s)
  [mnist dense_small d=0.005 s0] step 2000/7035 acc 0.9268 active 9,672 ema 0.924 (3s)
  [mnist dense_small d=0.005 s0] step 3000/7035 acc 0.9345 active 9,672 ema 0.936 (5s)
  [mnist dense_small d=0.005 s0] step 4000/7035 acc 0.9390 active 9,672 ema 0.940 (7s)
  [mnist dense_small d=0.005 s0] step 5000/7035 acc 0.9382 active 9,672 ema 0.944 (9s)
  [mnist dense_small d=0.005 s0] step 6000/7035 acc 0.9403 active 9,672 ema 0.945 (11s)
  [mnist dense_small d=0.005 s0] step 7000/7035 acc 0.9402 active 9,672 ema 0.947 (13s)
[done] p2 mnist dense_small d=0.005 s0: acc 0.9402 active 9,672 train 5.223e+10 (13s)
  [mnist global d=0.005 s0] step 1000/7035 acc 0.9766 active 1,610,610 ema 0.976 (3s)
  [mnist global d=0.005 s0] step 2000/7035 acc 0.9845 active 688,391 ema 0.994 (5s)
  [mnist global d=0.005 s0] step 3000/7035 acc 0.9853 active 212,623 ema 0.997 (7s)
  [mnist global d=0.005 s0] step 4000/7035 acc 0.9828 active 35,523 ema 0.991 (10s)
  [mnist global d=0.005 s0] step 5000/7035 acc 0.9774 active 9,308 ema 0.979 (12s)
  [mnist global d=0.005 s0] step 6000/7035 acc 0.9789 active 9,308 ema 0.983 (15s)
  [mnist global d=0.005 s0] step 7000/7035 acc 0.9789 active 9,308 ema 0.982 (17s)
[done] p2 mnist global d=0.005 s0: acc 0.9789 active 9,308 train 2.622e+12 (17s)
  [mnist dense d=1 s0] step 1000/7035 acc 0.9720 active 1,861,632 ema 0.972 (2s)
  [mnist dense d=1 s0] step 2000/7035 acc 0.9809 active 1,861,632 ema 0.990 (4s)
  [mnist dense d=1 s0] step 3000/7035 acc 0.9826 active 1,861,632 ema 0.997 (7s)
  [mnist dense d=1 s0] step 4000/7035 acc 0.9843 active 1,861,632 ema 0.999 (9s)
  [mnist dense d=1 s0] step 5000/7035 acc 0.9854 active 1,861,632 ema 1.000 (12s)
  [mnist dense d=1 s0] step 6000/7035 acc 0.9853 active 1,861,632 ema 1.000 (14s)
  [mnist dense d=1 s0] step 7000/7035 acc 0.9852 active 1,861,632 ema 1.000 (17s)
[done] p2 mnist dense d=1 s0: acc 0.9852 active 1,861,632 train 1.005e+13 (17s)
  [mnist dense_small d=0.005 s0] step 1000/7035 acc 0.6156 active 9,672 ema 0.564 (2s)
  [mnist dense_small d=0.005 s0] step 2000/7035 acc 0.8131 active 9,672 ema 0.794 (4s)
  [mnist dense_small d=0.005 s0] step 3000/7035 acc 0.8625 active 9,672 ema 0.863 (7s)
  [mnist dense_small d=0.005 s0] step 4000/7035 acc 0.8711 active 9,672 ema 0.865 (8s)
  [mnist dense_small d=0.005 s0] step 5000/7035 acc 0.8714 active 9,672 ema 0.869 (10s)
  [mnist dense_small d=0.005 s0] step 6000/7035 acc 0.8722 active 9,672 ema 0.874 (12s)
  [mnist dense_small d=0.005 s0] step 7000/7035 acc 0.8721 active 9,672 ema 0.870 (14s)
[done] p2 mnist dense_small d=0.005 s0: acc 0.8721 active 9,672 train 5.223e+10 (14s)
  [mnist global d=0.005 s0] step 1000/7035 acc 0.9738 active 1,610,610 ema 0.973 (3s)
  [mnist global d=0.005 s0] step 2000/7035 acc 0.9838 active 688,391 ema 0.992 (6s)
  [mnist global d=0.005 s0] step 3000/7035 acc 0.9844 active 212,623 ema 0.998 (9s)
  [mnist global d=0.005 s0] step 4000/7035 acc 0.9803 active 35,523 ema 0.986 (12s)
  [mnist global d=0.005 s0] step 5000/7035 acc 0.9726 active 9,308 ema 0.975 (15s)
  [mnist global d=0.005 s0] step 6000/7035 acc 0.9757 active 9,308 ema 0.979 (18s)
  [mnist global d=0.005 s0] step 7000/7035 acc 0.9756 active 9,308 ema 0.979 (21s)
[done] p2 mnist global d=0.005 s0: acc 0.9756 active 9,308 train 2.622e+12 (21s)
  [mnist dense d=1 s0] step 1000/7035 acc 0.9685 active 1,861,632 ema 0.966 (3s)
  [mnist dense d=1 s0] step 2000/7035 acc 0.9794 active 1,861,632 ema 0.985 (5s)
  [mnist dense d=1 s0] step 3000/7035 acc 0.9782 active 1,861,632 ema 0.993 (7s)
  [mnist dense d=1 s0] step 4000/7035 acc 0.9838 active 1,861,632 ema 0.997 (10s)
  [mnist dense d=1 s0] step 5000/7035 acc 0.9848 active 1,861,632 ema 0.999 (12s)
  [mnist dense d=1 s0] step 6000/7035 acc 0.9842 active 1,861,632 ema 1.000 (14s)
  [mnist dense d=1 s0] step 7000/7035 acc 0.9846 active 1,861,632 ema 1.000 (17s)
[done] p2 mnist dense d=1 s0: acc 0.9846 active 1,861,632 train 1.005e+13 (17s)
  [mnist dense_small d=0.005 s0] step 1000/7035 acc 0.6156 active 9,672 ema 0.564 (3s)
  [mnist dense_small d=0.005 s0] step 2000/7035 acc 0.8131 active 9,672 ema 0.794 (5s)
  [mnist dense_small d=0.005 s0] step 3000/7035 acc 0.8625 active 9,672 ema 0.863 (7s)
  [mnist dense_small d=0.005 s0] step 4000/7035 acc 0.8711 active 9,672 ema 0.865 (9s)
  [mnist dense_small d=0.005 s0] step 5000/7035 acc 0.8714 active 9,672 ema 0.869 (11s)
  [mnist dense_small d=0.005 s0] step 6000/7035 acc 0.8722 active 9,672 ema 0.874 (13s)
  [mnist dense_small d=0.005 s0] step 7000/7035 acc 0.8721 active 9,672 ema 0.870 (15s)
[done] p2 mnist dense_small d=0.005 s0: acc 0.8721 active 9,672 train 5.223e+10 (15s)
  [mnist global d=0.005 s0] step 1000/7035 acc 0.9674 active 1,610,610 ema 0.966 (3s)
  [mnist global d=0.005 s0] step 2000/7035 acc 0.9787 active 688,391 ema 0.986 (6s)
  [mnist global d=0.005 s0] step 3000/7035 acc 0.9832 active 212,623 ema 0.993 (9s)
  [mnist global d=0.005 s0] step 4000/7035 acc 0.9775 active 35,523 ema 0.986 (12s)
  [mnist global d=0.005 s0] step 5000/7035 acc 0.9680 active 9,308 ema 0.968 (16s)
  [mnist global d=0.005 s0] step 6000/7035 acc 0.9706 active 9,308 ema 0.972 (18s)
  [mnist global d=0.005 s0] step 7000/7035 acc 0.9703 active 9,308 ema 0.973 (21s)
[done] p2 mnist global d=0.005 s0: acc 0.9703 active 9,308 train 2.622e+12 (21s)
  [mnist dense d=1 s1] step 1000/7035 acc 0.9755 active 1,861,632 ema 0.975 (2s)
  [mnist dense d=1 s1] step 2000/7035 acc 0.9742 active 1,861,632 ema 0.990 (3s)
  [mnist dense d=1 s1] step 3000/7035 acc 0.9817 active 1,861,632 ema 0.995 (5s)
  [mnist dense d=1 s1] step 4000/7035 acc 0.9848 active 1,861,632 ema 0.999 (7s)
  [mnist dense d=1 s1] step 5000/7035 acc 0.9867 active 1,861,632 ema 1.000 (9s)
  [mnist dense d=1 s1] step 6000/7035 acc 0.9873 active 1,861,632 ema 1.000 (10s)
  [mnist dense d=1 s1] step 7000/7035 acc 0.9872 active 1,861,632 ema 1.000 (12s)
[done] p2 mnist dense d=1 s1: acc 0.9872 active 1,861,632 train 1.005e+13 (12s)
  [mnist dense_small d=0.005 s1] step 1000/7035 acc 0.9155 active 9,672 ema 0.913 (2s)
  [mnist dense_small d=0.005 s1] step 2000/7035 acc 0.9303 active 9,672 ema 0.934 (3s)
  [mnist dense_small d=0.005 s1] step 3000/7035 acc 0.9350 active 9,672 ema 0.939 (5s)
  [mnist dense_small d=0.005 s1] step 4000/7035 acc 0.9385 active 9,672 ema 0.944 (7s)
  [mnist dense_small d=0.005 s1] step 5000/7035 acc 0.9414 active 9,672 ema 0.945 (9s)
  [mnist dense_small d=0.005 s1] step 6000/7035 acc 0.9421 active 9,672 ema 0.949 (11s)
  [mnist dense_small d=0.005 s1] step 7000/7035 acc 0.9421 active 9,672 ema 0.950 (13s)
[done] p2 mnist dense_small d=0.005 s1: acc 0.9421 active 9,672 train 5.223e+10 (13s)
  [mnist global d=0.005 s1] step 1000/7035 acc 0.9773 active 1,610,610 ema 0.976 (2s)
  [mnist global d=0.005 s1] step 2000/7035 acc 0.9816 active 688,391 ema 0.994 (5s)
  [mnist global d=0.005 s1] step 3000/7035 acc 0.9854 active 212,623 ema 0.998 (7s)
  [mnist global d=0.005 s1] step 4000/7035 acc 0.9842 active 35,523 ema 0.990 (10s)
  [mnist global d=0.005 s1] step 5000/7035 acc 0.9753 active 9,308 ema 0.981 (12s)
  [mnist global d=0.005 s1] step 6000/7035 acc 0.9772 active 9,308 ema 0.983 (15s)
  [mnist global d=0.005 s1] step 7000/7035 acc 0.9773 active 9,308 ema 0.984 (17s)
[done] p2 mnist global d=0.005 s1: acc 0.9773 active 9,308 train 2.622e+12 (17s)
  [mnist dense d=1 s1] step 1000/7035 acc 0.9707 active 1,861,632 ema 0.971 (2s)
  [mnist dense d=1 s1] step 2000/7035 acc 0.9786 active 1,861,632 ema 0.989 (4s)
  [mnist dense d=1 s1] step 3000/7035 acc 0.9831 active 1,861,632 ema 0.996 (7s)
  [mnist dense d=1 s1] step 4000/7035 acc 0.9838 active 1,861,632 ema 0.999 (10s)
  [mnist dense d=1 s1] step 5000/7035 acc 0.9845 active 1,861,632 ema 1.000 (12s)
  [mnist dense d=1 s1] step 6000/7035 acc 0.9846 active 1,861,632 ema 1.000 (14s)
  [mnist dense d=1 s1] step 7000/7035 acc 0.9847 active 1,861,632 ema 1.000 (17s)
[done] p2 mnist dense d=1 s1: acc 0.9847 active 1,861,632 train 1.005e+13 (17s)
  [mnist dense_small d=0.005 s1] step 1000/7035 acc 0.6522 active 9,672 ema 0.625 (2s)
  [mnist dense_small d=0.005 s1] step 2000/7035 acc 0.8608 active 9,672 ema 0.856 (5s)
  [mnist dense_small d=0.005 s1] step 3000/7035 acc 0.8703 active 9,672 ema 0.868 (7s)
  [mnist dense_small d=0.005 s1] step 4000/7035 acc 0.8740 active 9,672 ema 0.874 (9s)
  [mnist dense_small d=0.005 s1] step 5000/7035 acc 0.8721 active 9,672 ema 0.875 (11s)
  [mnist dense_small d=0.005 s1] step 6000/7035 acc 0.8728 active 9,672 ema 0.878 (13s)
  [mnist dense_small d=0.005 s1] step 7000/7035 acc 0.8725 active 9,672 ema 0.876 (15s)
[done] p2 mnist dense_small d=0.005 s1: acc 0.8725 active 9,672 train 5.223e+10 (15s)
  [mnist global d=0.005 s1] step 1000/7035 acc 0.9716 active 1,610,610 ema 0.972 (3s)
  [mnist global d=0.005 s1] step 2000/7035 acc 0.9810 active 688,391 ema 0.992 (6s)
  [mnist global d=0.005 s1] step 3000/7035 acc 0.9843 active 212,623 ema 0.997 (9s)
  [mnist global d=0.005 s1] step 4000/7035 acc 0.9802 active 35,523 ema 0.983 (12s)
  [mnist global d=0.005 s1] step 5000/7035 acc 0.9741 active 9,308 ema 0.975 (15s)
  [mnist global d=0.005 s1] step 6000/7035 acc 0.9756 active 9,308 ema 0.978 (18s)
  [mnist global d=0.005 s1] step 7000/7035 acc 0.9752 active 9,308 ema 0.979 (21s)
[done] p2 mnist global d=0.005 s1: acc 0.9752 active 9,308 train 2.622e+12 (21s)
  [mnist dense d=1 s1] step 1000/7035 acc 0.9675 active 1,861,632 ema 0.965 (2s)
  [mnist dense d=1 s1] step 2000/7035 acc 0.9761 active 1,861,632 ema 0.985 (5s)
  [mnist dense d=1 s1] step 3000/7035 acc 0.9797 active 1,861,632 ema 0.993 (7s)
  [mnist dense d=1 s1] step 4000/7035 acc 0.9840 active 1,861,632 ema 0.997 (9s)
  [mnist dense d=1 s1] step 5000/7035 acc 0.9841 active 1,861,632 ema 0.999 (12s)
  [mnist dense d=1 s1] step 6000/7035 acc 0.9839 active 1,861,632 ema 1.000 (15s)
  [mnist dense d=1 s1] step 7000/7035 acc 0.9840 active 1,861,632 ema 1.000 (17s)
[done] p2 mnist dense d=1 s1: acc 0.9840 active 1,861,632 train 1.005e+13 (17s)
  [mnist dense_small d=0.005 s1] step 1000/7035 acc 0.6522 active 9,672 ema 0.625 (2s)
  [mnist dense_small d=0.005 s1] step 2000/7035 acc 0.8608 active 9,672 ema 0.856 (4s)
  [mnist dense_small d=0.005 s1] step 3000/7035 acc 0.8703 active 9,672 ema 0.868 (6s)
  [mnist dense_small d=0.005 s1] step 4000/7035 acc 0.8740 active 9,672 ema 0.874 (8s)
  [mnist dense_small d=0.005 s1] step 5000/7035 acc 0.8721 active 9,672 ema 0.875 (10s)
  [mnist dense_small d=0.005 s1] step 6000/7035 acc 0.8728 active 9,672 ema 0.878 (13s)
  [mnist dense_small d=0.005 s1] step 7000/7035 acc 0.8725 active 9,672 ema 0.876 (15s)
[done] p2 mnist dense_small d=0.005 s1: acc 0.8725 active 9,672 train 5.223e+10 (15s)
  [mnist global d=0.005 s1] step 1000/7035 acc 0.9691 active 1,610,610 ema 0.966 (3s)
  [mnist global d=0.005 s1] step 2000/7035 acc 0.9760 active 688,391 ema 0.987 (6s)
  [mnist global d=0.005 s1] step 3000/7035 acc 0.9797 active 212,623 ema 0.994 (9s)
  [mnist global d=0.005 s1] step 4000/7035 acc 0.9765 active 35,523 ema 0.985 (12s)
  [mnist global d=0.005 s1] step 5000/7035 acc 0.9676 active 9,308 ema 0.969 (15s)
  [mnist global d=0.005 s1] step 6000/7035 acc 0.9705 active 9,308 ema 0.972 (18s)
  [mnist global d=0.005 s1] step 7000/7035 acc 0.9708 active 9,308 ema 0.973 (21s)
[done] p2 mnist global d=0.005 s1: acc 0.9708 active 9,308 train 2.622e+12 (21s)
  [mnist dense d=1 s2] step 1000/7035 acc 0.9741 active 1,861,632 ema 0.976 (2s)
  [mnist dense d=1 s2] step 2000/7035 acc 0.9784 active 1,861,632 ema 0.989 (4s)
  [mnist dense d=1 s2] step 3000/7035 acc 0.9850 active 1,861,632 ema 0.995 (5s)
  [mnist dense d=1 s2] step 4000/7035 acc 0.9844 active 1,861,632 ema 0.998 (7s)
  [mnist dense d=1 s2] step 5000/7035 acc 0.9861 active 1,861,632 ema 0.999 (9s)
  [mnist dense d=1 s2] step 6000/7035 acc 0.9865 active 1,861,632 ema 1.000 (11s)
  [mnist dense d=1 s2] step 7000/7035 acc 0.9867 active 1,861,632 ema 1.000 (12s)
[done] p2 mnist dense d=1 s2: acc 0.9867 active 1,861,632 train 1.005e+13 (12s)
  [mnist dense_small d=0.005 s2] step 1000/7035 acc 0.9152 active 9,672 ema 0.909 (2s)
  [mnist dense_small d=0.005 s2] step 2000/7035 acc 0.9284 active 9,672 ema 0.927 (4s)
  [mnist dense_small d=0.005 s2] step 3000/7035 acc 0.9323 active 9,672 ema 0.935 (6s)
  [mnist dense_small d=0.005 s2] step 4000/7035 acc 0.9372 active 9,672 ema 0.940 (8s)
  [mnist dense_small d=0.005 s2] step 5000/7035 acc 0.9397 active 9,672 ema 0.944 (10s)
  [mnist dense_small d=0.005 s2] step 6000/7035 acc 0.9395 active 9,672 ema 0.947 (11s)
  [mnist dense_small d=0.005 s2] step 7000/7035 acc 0.9399 active 9,672 ema 0.948 (13s)
[done] p2 mnist dense_small d=0.005 s2: acc 0.9399 active 9,672 train 5.223e+10 (13s)
  [mnist global d=0.005 s2] step 1000/7035 acc 0.9759 active 1,610,610 ema 0.977 (3s)
  [mnist global d=0.005 s2] step 2000/7035 acc 0.9846 active 688,391 ema 0.994 (5s)
  [mnist global d=0.005 s2] step 3000/7035 acc 0.9863 active 212,623 ema 0.997 (8s)
  [mnist global d=0.005 s2] step 4000/7035 acc 0.9844 active 35,523 ema 0.989 (10s)
  [mnist global d=0.005 s2] step 5000/7035 acc 0.9770 active 9,308 ema 0.981 (13s)
  [mnist global d=0.005 s2] step 6000/7035 acc 0.9783 active 9,308 ema 0.984 (15s)
  [mnist global d=0.005 s2] step 7000/7035 acc 0.9783 active 9,308 ema 0.984 (17s)
[done] p2 mnist global d=0.005 s2: acc 0.9783 active 9,308 train 2.622e+12 (17s)
  [mnist dense d=1 s2] step 1000/7035 acc 0.9732 active 1,861,632 ema 0.973 (2s)
  [mnist dense d=1 s2] step 2000/7035 acc 0.9807 active 1,861,632 ema 0.990 (5s)
  [mnist dense d=1 s2] step 3000/7035 acc 0.9833 active 1,861,632 ema 0.996 (8s)
  [mnist dense d=1 s2] step 4000/7035 acc 0.9845 active 1,861,632 ema 0.998 (10s)
  [mnist dense d=1 s2] step 5000/7035 acc 0.9866 active 1,861,632 ema 0.999 (13s)
  [mnist dense d=1 s2] step 6000/7035 acc 0.9866 active 1,861,632 ema 1.000 (15s)
  [mnist dense d=1 s2] step 7000/7035 acc 0.9868 active 1,861,632 ema 1.000 (17s)
[done] p2 mnist dense d=1 s2: acc 0.9868 active 1,861,632 train 1.005e+13 (17s)
  [mnist dense_small d=0.005 s2] step 1000/7035 acc 0.5811 active 9,672 ema 0.560 (2s)
  [mnist dense_small d=0.005 s2] step 2000/7035 acc 0.8202 active 9,672 ema 0.810 (4s)
  [mnist dense_small d=0.005 s2] step 3000/7035 acc 0.8446 active 9,672 ema 0.826 (7s)
  [mnist dense_small d=0.005 s2] step 4000/7035 acc 0.8371 active 9,672 ema 0.836 (9s)
  [mnist dense_small d=0.005 s2] step 5000/7035 acc 0.8647 active 9,672 ema 0.865 (11s)
  [mnist dense_small d=0.005 s2] step 6000/7035 acc 0.8746 active 9,672 ema 0.877 (13s)
  [mnist dense_small d=0.005 s2] step 7000/7035 acc 0.8757 active 9,672 ema 0.877 (15s)
[done] p2 mnist dense_small d=0.005 s2: acc 0.8757 active 9,672 train 5.223e+10 (15s)
  [mnist global d=0.005 s2] step 1000/7035 acc 0.9729 active 1,610,610 ema 0.973 (3s)
  [mnist global d=0.005 s2] step 2000/7035 acc 0.9835 active 688,391 ema 0.992 (6s)
  [mnist global d=0.005 s2] step 3000/7035 acc 0.9839 active 212,623 ema 0.997 (9s)
  [mnist global d=0.005 s2] step 4000/7035 acc 0.9804 active 35,523 ema 0.985 (11s)
  [mnist global d=0.005 s2] step 5000/7035 acc 0.9733 active 9,308 ema 0.976 (14s)
  [mnist global d=0.005 s2] step 6000/7035 acc 0.9755 active 9,308 ema 0.979 (18s)
  [mnist global d=0.005 s2] step 7000/7035 acc 0.9759 active 9,308 ema 0.980 (21s)
[done] p2 mnist global d=0.005 s2: acc 0.9759 active 9,308 train 2.622e+12 (21s)
  [mnist dense d=1 s2] step 1000/7035 acc 0.9675 active 1,861,632 ema 0.965 (2s)
  [mnist dense d=1 s2] step 2000/7035 acc 0.9764 active 1,861,632 ema 0.986 (5s)
  [mnist dense d=1 s2] step 3000/7035 acc 0.9796 active 1,861,632 ema 0.992 (7s)
  [mnist dense d=1 s2] step 4000/7035 acc 0.9809 active 1,861,632 ema 0.997 (9s)
  [mnist dense d=1 s2] step 5000/7035 acc 0.9813 active 1,861,632 ema 0.999 (12s)
  [mnist dense d=1 s2] step 6000/7035 acc 0.9814 active 1,861,632 ema 1.000 (15s)
  [mnist dense d=1 s2] step 7000/7035 acc 0.9813 active 1,861,632 ema 1.000 (17s)
[done] p2 mnist dense d=1 s2: acc 0.9813 active 1,861,632 train 1.005e+13 (17s)
  [mnist dense_small d=0.005 s2] step 1000/7035 acc 0.5811 active 9,672 ema 0.560 (2s)
  [mnist dense_small d=0.005 s2] step 2000/7035 acc 0.8202 active 9,672 ema 0.810 (4s)
  [mnist dense_small d=0.005 s2] step 3000/7035 acc 0.8446 active 9,672 ema 0.826 (6s)
  [mnist dense_small d=0.005 s2] step 4000/7035 acc 0.8371 active 9,672 ema 0.836 (8s)
  [mnist dense_small d=0.005 s2] step 5000/7035 acc 0.8647 active 9,672 ema 0.865 (10s)
  [mnist dense_small d=0.005 s2] step 6000/7035 acc 0.8746 active 9,672 ema 0.877 (12s)
  [mnist dense_small d=0.005 s2] step 7000/7035 acc 0.8757 active 9,672 ema 0.877 (15s)
[done] p2 mnist dense_small d=0.005 s2: acc 0.8757 active 9,672 train 5.223e+10 (15s)
  [mnist global d=0.005 s2] step 1000/7035 acc 0.9682 active 1,610,610 ema 0.967 (3s)
  [mnist global d=0.005 s2] step 2000/7035 acc 0.9784 active 688,391 ema 0.987 (6s)
  [mnist global d=0.005 s2] step 3000/7035 acc 0.9801 active 212,623 ema 0.993 (9s)
  [mnist global d=0.005 s2] step 4000/7035 acc 0.9754 active 35,523 ema 0.983 (13s)
  [mnist global d=0.005 s2] step 5000/7035 acc 0.9671 active 9,308 ema 0.968 (16s)
  [mnist global d=0.005 s2] step 6000/7035 acc 0.9706 active 9,308 ema 0.973 (18s)
  [mnist global d=0.005 s2] step 7000/7035 acc 0.9716 active 9,308 ema 0.973 (21s)
[done] p2 mnist global d=0.005 s2: acc 0.9716 active 9,308 train 2.622e+12 (21s)
==== stage x1 end 02:46:32
P2_CHAIN1_DONE 2026-10-06  2:46:33.25 
