==== chain3b start 2026-10-06  3:25:39.06 
W1006 03:25:40.767000 51272 .venv\Lib\site-packages\torch\utils\flop_counter.py:29] triton not found; flop counting will not work for triton kernels
==== stage e4pl start 03:25:41
  [mnist block16_oneshot_pl d=0.01 s0] step 1000/7035 acc 0.9760 active 1,861,632 ema 0.975 (3s)
  [mnist block16_oneshot_pl d=0.01 s0] step 2000/7035 acc 0.9806 active 1,861,632 ema 0.987 (5s)
  [mnist block16_oneshot_pl d=0.01 s0] step 3000/7035 acc 0.9834 active 1,861,632 ema 0.995 (8s)
  [mnist block16_oneshot_pl d=0.01 s0] step 4000/7035 acc 0.9855 active 1,861,632 ema 0.999 (11s)
  [mnist block16_oneshot_pl d=0.01 s0] step 5000/7035 acc 0.9870 active 1,861,632 ema 1.000 (13s)
  [mnist block16_oneshot_pl d=0.01 s0] step 6000/7035 acc 0.9876 active 1,861,632 ema 1.000 (15s)
  [mnist block16_oneshot_pl d=0.01 s0] step 7000/7035 acc 0.9875 active 1,861,632 ema 1.000 (18s)
  [mnist block16_oneshot_pl d=0.01 s0] step 8000/7035 acc 0.8108 active 18,368 ema 0.805 (20s)
  [mnist block16_oneshot_pl d=0.01 s0] step 9000/7035 acc 0.8315 active 18,368 ema 0.829 (23s)
  [mnist block16_oneshot_pl d=0.01 s0] step 10000/7035 acc 0.8367 active 18,368 ema 0.836 (25s)
[done] p2 mnist block16_oneshot_pl d=0.01 s0: acc 0.8397 active 18,368 train 1.010e+13 (27s)
  [mnist block16_during_pl d=0.01 s0] step 1000/7035 acc 0.9773 active 1,612,032 ema 0.976 (2s)
  [mnist block16_during_pl d=0.01 s0] step 2000/7035 acc 0.9813 active 694,400 ema 0.989 (5s)
  [mnist block16_during_pl d=0.01 s0] step 3000/7035 acc 0.9810 active 220,960 ema 0.990 (8s)
  [mnist block16_during_pl d=0.01 s0] step 4000/7035 acc 0.9752 active 44,640 ema 0.976 (10s)
  [mnist block16_during_pl d=0.01 s0] step 5000/7035 acc 0.9623 active 18,368 ema 0.961 (13s)
  [mnist block16_during_pl d=0.01 s0] step 6000/7035 acc 0.9680 active 18,368 ema 0.971 (15s)
  [mnist block16_during_pl d=0.01 s0] step 7000/7035 acc 0.9689 active 18,368 ema 0.972 (17s)
[done] p2 mnist block16_during_pl d=0.01 s0: acc 0.9689 active 18,368 train 2.659e+12 (17s)
  [mnist block16_oneshot_pl d=0.01 s1] step 1000/7035 acc 0.9755 active 1,861,632 ema 0.975 (2s)
  [mnist block16_oneshot_pl d=0.01 s1] step 2000/7035 acc 0.9742 active 1,861,632 ema 0.990 (5s)
  [mnist block16_oneshot_pl d=0.01 s1] step 3000/7035 acc 0.9817 active 1,861,632 ema 0.995 (7s)
  [mnist block16_oneshot_pl d=0.01 s1] step 4000/7035 acc 0.9848 active 1,861,632 ema 0.999 (9s)
  [mnist block16_oneshot_pl d=0.01 s1] step 5000/7035 acc 0.9867 active 1,861,632 ema 1.000 (11s)
  [mnist block16_oneshot_pl d=0.01 s1] step 6000/7035 acc 0.9873 active 1,861,632 ema 1.000 (14s)
  [mnist block16_oneshot_pl d=0.01 s1] step 7000/7035 acc 0.9872 active 1,861,632 ema 1.000 (16s)
  [mnist block16_oneshot_pl d=0.01 s1] step 8000/7035 acc 0.8892 active 18,528 ema 0.882 (19s)
  [mnist block16_oneshot_pl d=0.01 s1] step 9000/7035 acc 0.9042 active 18,528 ema 0.900 (22s)
  [mnist block16_oneshot_pl d=0.01 s1] step 10000/7035 acc 0.9079 active 18,528 ema 0.906 (25s)
[done] p2 mnist block16_oneshot_pl d=0.01 s1: acc 0.9073 active 18,528 train 1.010e+13 (26s)
  [mnist block16_during_pl d=0.01 s1] step 1000/7035 acc 0.9760 active 1,612,032 ema 0.976 (2s)
  [mnist block16_during_pl d=0.01 s1] step 2000/7035 acc 0.9788 active 694,144 ema 0.989 (5s)
  [mnist block16_during_pl d=0.01 s1] step 3000/7035 acc 0.9786 active 220,960 ema 0.990 (7s)
  [mnist block16_during_pl d=0.01 s1] step 4000/7035 acc 0.9731 active 44,640 ema 0.975 (10s)
  [mnist block16_during_pl d=0.01 s1] step 5000/7035 acc 0.9656 active 18,528 ema 0.966 (13s)
  [mnist block16_during_pl d=0.01 s1] step 6000/7035 acc 0.9694 active 18,528 ema 0.973 (15s)
  [mnist block16_during_pl d=0.01 s1] step 7000/7035 acc 0.9698 active 18,528 ema 0.975 (18s)
[done] p2 mnist block16_during_pl d=0.01 s1: acc 0.9698 active 18,528 train 2.660e+12 (18s)
  [mnist block16_oneshot_pl d=0.01 s2] step 1000/7035 acc 0.9741 active 1,861,632 ema 0.976 (4s)
  [mnist block16_oneshot_pl d=0.01 s2] step 2000/7035 acc 0.9784 active 1,861,632 ema 0.989 (7s)
  [mnist block16_oneshot_pl d=0.01 s2] step 3000/7035 acc 0.9850 active 1,861,632 ema 0.995 (10s)
  [mnist block16_oneshot_pl d=0.01 s2] step 4000/7035 acc 0.9844 active 1,861,632 ema 0.998 (12s)
  [mnist block16_oneshot_pl d=0.01 s2] step 5000/7035 acc 0.9861 active 1,861,632 ema 0.999 (14s)
  [mnist block16_oneshot_pl d=0.01 s2] step 6000/7035 acc 0.9865 active 1,861,632 ema 1.000 (17s)
  [mnist block16_oneshot_pl d=0.01 s2] step 7000/7035 acc 0.9867 active 1,861,632 ema 1.000 (20s)
  [mnist block16_oneshot_pl d=0.01 s2] step 8000/7035 acc 0.8757 active 18,784 ema 0.869 (22s)
  [mnist block16_oneshot_pl d=0.01 s2] step 9000/7035 acc 0.8901 active 18,784 ema 0.884 (25s)
  [mnist block16_oneshot_pl d=0.01 s2] step 10000/7035 acc 0.8929 active 18,784 ema 0.896 (27s)
[done] p2 mnist block16_oneshot_pl d=0.01 s2: acc 0.8921 active 18,784 train 1.010e+13 (28s)
  [mnist block16_during_pl d=0.01 s2] step 1000/7035 acc 0.9761 active 1,612,032 ema 0.976 (2s)
  [mnist block16_during_pl d=0.01 s2] step 2000/7035 acc 0.9782 active 694,400 ema 0.989 (5s)
  [mnist block16_during_pl d=0.01 s2] step 3000/7035 acc 0.9814 active 220,960 ema 0.990 (8s)
  [mnist block16_during_pl d=0.01 s2] step 4000/7035 acc 0.9725 active 44,640 ema 0.976 (10s)
  [mnist block16_during_pl d=0.01 s2] step 5000/7035 acc 0.9623 active 18,784 ema 0.964 (12s)
  [mnist block16_during_pl d=0.01 s2] step 6000/7035 acc 0.9667 active 18,784 ema 0.972 (15s)
  [mnist block16_during_pl d=0.01 s2] step 7000/7035 acc 0.9679 active 18,784 ema 0.973 (17s)
[done] p2 mnist block16_during_pl d=0.01 s2: acc 0.9679 active 18,784 train 2.660e+12 (17s)
  [mnist block16_oneshot_pl d=0.005 s0] step 1000/7035 acc 0.9760 active 1,861,632 ema 0.975 (3s)
  [mnist block16_oneshot_pl d=0.005 s0] step 2000/7035 acc 0.9806 active 1,861,632 ema 0.987 (5s)
  [mnist block16_oneshot_pl d=0.005 s0] step 3000/7035 acc 0.9834 active 1,861,632 ema 0.995 (8s)
  [mnist block16_oneshot_pl d=0.005 s0] step 4000/7035 acc 0.9855 active 1,861,632 ema 0.999 (10s)
  [mnist block16_oneshot_pl d=0.005 s0] step 5000/7035 acc 0.9870 active 1,861,632 ema 1.000 (12s)
  [mnist block16_oneshot_pl d=0.005 s0] step 6000/7035 acc 0.9876 active 1,861,632 ema 1.000 (15s)
  [mnist block16_oneshot_pl d=0.005 s0] step 7000/7035 acc 0.9875 active 1,861,632 ema 1.000 (18s)
  [mnist block16_oneshot_pl d=0.005 s0] step 8000/7035 acc 0.5517 active 9,344 ema 0.548 (21s)
  [mnist block16_oneshot_pl d=0.005 s0] step 9000/7035 acc 0.5976 active 9,344 ema 0.594 (23s)
  [mnist block16_oneshot_pl d=0.005 s0] step 10000/7035 acc 0.6066 active 9,344 ema 0.608 (26s)
[done] p2 mnist block16_oneshot_pl d=0.005 s0: acc 0.6064 active 9,344 train 1.008e+13 (27s)
  [mnist block16_during_pl d=0.005 s0] step 1000/7035 acc 0.9773 active 1,610,752 ema 0.977 (3s)
  [mnist block16_during_pl d=0.005 s0] step 2000/7035 acc 0.9785 active 688,448 ema 0.989 (5s)
  [mnist block16_during_pl d=0.005 s0] step 3000/7035 acc 0.9803 active 212,704 ema 0.989 (8s)
  [mnist block16_during_pl d=0.005 s0] step 4000/7035 acc 0.9707 active 35,360 ema 0.970 (10s)
  [mnist block16_during_pl d=0.005 s0] step 5000/7035 acc 0.9186 active 9,344 ema 0.913 (13s)
  [mnist block16_during_pl d=0.005 s0] step 6000/7035 acc 0.9294 active 9,344 ema 0.931 (15s)
  [mnist block16_during_pl d=0.005 s0] step 7000/7035 acc 0.9297 active 9,344 ema 0.932 (18s)
[done] p2 mnist block16_during_pl d=0.005 s0: acc 0.9297 active 9,344 train 2.622e+12 (18s)
  [mnist block16_oneshot_pl d=0.005 s1] step 1000/7035 acc 0.9755 active 1,861,632 ema 0.975 (3s)
  [mnist block16_oneshot_pl d=0.005 s1] step 2000/7035 acc 0.9742 active 1,861,632 ema 0.990 (5s)
  [mnist block16_oneshot_pl d=0.005 s1] step 3000/7035 acc 0.9817 active 1,861,632 ema 0.995 (8s)
  [mnist block16_oneshot_pl d=0.005 s1] step 4000/7035 acc 0.9848 active 1,861,632 ema 0.999 (10s)
  [mnist block16_oneshot_pl d=0.005 s1] step 5000/7035 acc 0.9867 active 1,861,632 ema 1.000 (13s)
  [mnist block16_oneshot_pl d=0.005 s1] step 6000/7035 acc 0.9873 active 1,861,632 ema 1.000 (15s)
  [mnist block16_oneshot_pl d=0.005 s1] step 7000/7035 acc 0.9872 active 1,861,632 ema 1.000 (18s)
  [mnist block16_oneshot_pl d=0.005 s1] step 8000/7035 acc 0.4586 active 9,504 ema 0.453 (20s)
  [mnist block16_oneshot_pl d=0.005 s1] step 9000/7035 acc 0.4702 active 9,504 ema 0.471 (22s)
  [mnist block16_oneshot_pl d=0.005 s1] step 10000/7035 acc 0.4734 active 9,504 ema 0.472 (24s)
[done] p2 mnist block16_oneshot_pl d=0.005 s1: acc 0.4738 active 9,504 train 1.008e+13 (26s)
  [mnist block16_during_pl d=0.005 s1] step 1000/7035 acc 0.9758 active 1,610,752 ema 0.976 (3s)
  [mnist block16_during_pl d=0.005 s1] step 2000/7035 acc 0.9793 active 688,448 ema 0.989 (5s)
  [mnist block16_during_pl d=0.005 s1] step 3000/7035 acc 0.9787 active 212,704 ema 0.990 (8s)
  [mnist block16_during_pl d=0.005 s1] step 4000/7035 acc 0.9696 active 35,360 ema 0.969 (10s)
  [mnist block16_during_pl d=0.005 s1] step 5000/7035 acc 0.9306 active 9,504 ema 0.928 (13s)
  [mnist block16_during_pl d=0.005 s1] step 6000/7035 acc 0.9385 active 9,504 ema 0.938 (15s)
  [mnist block16_during_pl d=0.005 s1] step 7000/7035 acc 0.9390 active 9,504 ema 0.940 (18s)
[done] p2 mnist block16_during_pl d=0.005 s1: acc 0.9390 active 9,504 train 2.623e+12 (18s)
  [mnist block16_oneshot_pl d=0.005 s2] step 1000/7035 acc 0.9741 active 1,861,632 ema 0.976 (3s)
  [mnist block16_oneshot_pl d=0.005 s2] step 2000/7035 acc 0.9784 active 1,861,632 ema 0.989 (5s)
  [mnist block16_oneshot_pl d=0.005 s2] step 3000/7035 acc 0.9850 active 1,861,632 ema 0.995 (8s)
  [mnist block16_oneshot_pl d=0.005 s2] step 4000/7035 acc 0.9844 active 1,861,632 ema 0.998 (10s)
  [mnist block16_oneshot_pl d=0.005 s2] step 5000/7035 acc 0.9861 active 1,861,632 ema 0.999 (13s)
  [mnist block16_oneshot_pl d=0.005 s2] step 6000/7035 acc 0.9865 active 1,861,632 ema 1.000 (16s)
  [mnist block16_oneshot_pl d=0.005 s2] step 7000/7035 acc 0.9867 active 1,861,632 ema 1.000 (18s)
  [mnist block16_oneshot_pl d=0.005 s2] step 8000/7035 acc 0.6751 active 9,248 ema 0.664 (21s)
  [mnist block16_oneshot_pl d=0.005 s2] step 9000/7035 acc 0.6854 active 9,248 ema 0.674 (23s)
  [mnist block16_oneshot_pl d=0.005 s2] step 10000/7035 acc 0.6902 active 9,248 ema 0.686 (25s)
[done] p2 mnist block16_oneshot_pl d=0.005 s2: acc 0.6901 active 9,248 train 1.008e+13 (27s)
  [mnist block16_during_pl d=0.005 s2] step 1000/7035 acc 0.9759 active 1,610,752 ema 0.976 (3s)
  [mnist block16_during_pl d=0.005 s2] step 2000/7035 acc 0.9789 active 688,448 ema 0.988 (5s)
  [mnist block16_during_pl d=0.005 s2] step 3000/7035 acc 0.9787 active 212,704 ema 0.989 (8s)
  [mnist block16_during_pl d=0.005 s2] step 4000/7035 acc 0.9678 active 35,360 ema 0.970 (10s)
  [mnist block16_during_pl d=0.005 s2] step 5000/7035 acc 0.9417 active 9,248 ema 0.941 (13s)
  [mnist block16_during_pl d=0.005 s2] step 6000/7035 acc 0.9490 active 9,248 ema 0.952 (15s)
  [mnist block16_during_pl d=0.005 s2] step 7000/7035 acc 0.9495 active 9,248 ema 0.953 (18s)
[done] p2 mnist block16_during_pl d=0.005 s2: acc 0.9495 active 9,248 train 2.622e+12 (18s)
  [cnn block16_oneshot_pl d=0.03 s0] step 1000/7820 acc 0.6814 active 2,195,648 ema 0.729 (31s)
  [cnn block16_oneshot_pl d=0.03 s0] step 2000/7820 acc 0.7779 active 2,195,648 ema 0.811 (44s)
  [cnn block16_oneshot_pl d=0.03 s0] step 3000/7820 acc 0.8209 active 2,195,648 ema 0.861 (58s)
  [cnn block16_oneshot_pl d=0.03 s0] step 4000/7820 acc 0.8529 active 2,195,648 ema 0.892 (71s)
  [cnn block16_oneshot_pl d=0.03 s0] step 5000/7820 acc 0.8808 active 2,195,648 ema 0.919 (85s)
  [cnn block16_oneshot_pl d=0.03 s0] step 6000/7820 acc 0.8985 active 2,195,648 ema 0.946 (99s)
  [cnn block16_oneshot_pl d=0.03 s0] step 7000/7820 acc 0.9069 active 2,195,648 ema 0.963 (112s)
  [cnn block16_oneshot_pl d=0.03 s0] step 8000/7820 acc 0.5159 active 66,016 ema 0.543 (127s)
  [cnn block16_oneshot_pl d=0.03 s0] step 9000/7820 acc 0.6729 active 66,016 ema 0.689 (141s)
  [cnn block16_oneshot_pl d=0.03 s0] step 10000/7820 acc 0.7392 active 66,016 ema 0.733 (155s)
  [cnn block16_oneshot_pl d=0.03 s0] step 11000/7820 acc 0.7708 active 66,016 ema 0.767 (169s)
[done] p2 cnn block16_oneshot_pl d=0.03 s0: acc 0.7741 active 66,016 train 9.670e+14 (179s)
  [cnn block16_during_pl d=0.03 s0] step 1000/7820 acc 0.6966 active 1,934,464 ema 0.729 (13s)
  [cnn block16_during_pl d=0.03 s0] step 2000/7820 acc 0.7362 active 943,536 ema 0.795 (27s)
  [cnn block16_during_pl d=0.03 s0] step 3000/7820 acc 0.7659 active 385,072 ema 0.810 (41s)
  [cnn block16_during_pl d=0.03 s0] step 4000/7820 acc 0.7162 active 134,032 ema 0.795 (55s)
  [cnn block16_during_pl d=0.03 s0] step 5000/7820 acc 0.7691 active 68,320 ema 0.788 (69s)
  [cnn block16_during_pl d=0.03 s0] step 6000/7820 acc 0.8150 active 66,016 ema 0.825 (83s)
  [cnn block16_during_pl d=0.03 s0] step 7000/7820 acc 0.8375 active 66,016 ema 0.846 (97s)
[done] p2 cnn block16_during_pl d=0.03 s0: acc 0.8410 active 66,016 train 3.021e+14 (109s)
  [cnn block16_oneshot_pl d=0.03 s1] step 1000/7820 acc 0.7216 active 2,195,648 ema 0.730 (14s)
  [cnn block16_oneshot_pl d=0.03 s1] step 2000/7820 acc 0.8042 active 2,195,648 ema 0.817 (27s)
  [cnn block16_oneshot_pl d=0.03 s1] step 3000/7820 acc 0.8563 active 2,195,648 ema 0.863 (41s)
  [cnn block16_oneshot_pl d=0.03 s1] step 4000/7820 acc 0.8624 active 2,195,648 ema 0.898 (54s)
  [cnn block16_oneshot_pl d=0.03 s1] step 5000/7820 acc 0.8837 active 2,195,648 ema 0.919 (68s)
  [cnn block16_oneshot_pl d=0.03 s1] step 6000/7820 acc 0.9020 active 2,195,648 ema 0.946 (82s)
  [cnn block16_oneshot_pl d=0.03 s1] step 7000/7820 acc 0.9102 active 2,195,648 ema 0.963 (96s)
  [cnn block16_oneshot_pl d=0.03 s1] step 8000/7820 acc 0.3449 active 65,600 ema 0.552 (111s)
  [cnn block16_oneshot_pl d=0.03 s1] step 9000/7820 acc 0.6632 active 65,600 ema 0.698 (125s)
  [cnn block16_oneshot_pl d=0.03 s1] step 10000/7820 acc 0.7634 active 65,600 ema 0.745 (138s)
  [cnn block16_oneshot_pl d=0.03 s1] step 11000/7820 acc 0.7807 active 65,600 ema 0.781 (152s)
[done] p2 cnn block16_oneshot_pl d=0.03 s1: acc 0.7851 active 65,600 train 9.674e+14 (162s)
  [cnn block16_during_pl d=0.03 s1] step 1000/7820 acc 0.6876 active 1,934,976 ema 0.731 (13s)
  [cnn block16_during_pl d=0.03 s1] step 2000/7820 acc 0.7624 active 943,968 ema 0.796 (28s)
  [cnn block16_during_pl d=0.03 s1] step 3000/7820 acc 0.7805 active 385,328 ema 0.811 (42s)
  [cnn block16_during_pl d=0.03 s1] step 4000/7820 acc 0.7818 active 134,288 ema 0.804 (56s)
  [cnn block16_during_pl d=0.03 s1] step 5000/7820 acc 0.8013 active 68,320 ema 0.797 (70s)
  [cnn block16_during_pl d=0.03 s1] step 6000/7820 acc 0.8180 active 65,600 ema 0.824 (84s)
  [cnn block16_during_pl d=0.03 s1] step 7000/7820 acc 0.8436 active 65,600 ema 0.850 (97s)
[done] p2 cnn block16_during_pl d=0.03 s1: acc 0.8471 active 65,600 train 3.032e+14 (109s)
  [cnn block16_oneshot_pl d=0.03 s2] step 1000/7820 acc 0.7196 active 2,195,648 ema 0.737 (14s)
  [cnn block16_oneshot_pl d=0.03 s2] step 2000/7820 acc 0.8182 active 2,195,648 ema 0.822 (27s)
  [cnn block16_oneshot_pl d=0.03 s2] step 3000/7820 acc 0.8165 active 2,195,648 ema 0.859 (41s)
  [cnn block16_oneshot_pl d=0.03 s2] step 4000/7820 acc 0.8687 active 2,195,648 ema 0.895 (55s)
  [cnn block16_oneshot_pl d=0.03 s2] step 5000/7820 acc 0.8916 active 2,195,648 ema 0.918 (70s)
  [cnn block16_oneshot_pl d=0.03 s2] step 6000/7820 acc 0.8988 active 2,195,648 ema 0.948 (83s)
  [cnn block16_oneshot_pl d=0.03 s2] step 7000/7820 acc 0.9088 active 2,195,648 ema 0.962 (97s)
  [cnn block16_oneshot_pl d=0.03 s2] step 8000/7820 acc 0.4921 active 65,936 ema 0.573 (111s)
  [cnn block16_oneshot_pl d=0.03 s2] step 9000/7820 acc 0.7163 active 65,936 ema 0.711 (124s)
  [cnn block16_oneshot_pl d=0.03 s2] step 10000/7820 acc 0.7577 active 65,936 ema 0.756 (138s)
  [cnn block16_oneshot_pl d=0.03 s2] step 11000/7820 acc 0.7962 active 65,936 ema 0.793 (152s)
[done] p2 cnn block16_oneshot_pl d=0.03 s2: acc 0.8022 active 65,936 train 9.679e+14 (163s)
  [cnn block16_during_pl d=0.03 s2] step 1000/7820 acc 0.7159 active 1,934,720 ema 0.734 (14s)
  [cnn block16_during_pl d=0.03 s2] step 2000/7820 acc 0.7931 active 944,048 ema 0.800 (28s)
  [cnn block16_during_pl d=0.03 s2] step 3000/7820 acc 0.7674 active 384,976 ema 0.814 (42s)
  [cnn block16_during_pl d=0.03 s2] step 4000/7820 acc 0.7952 active 134,544 ema 0.803 (56s)
  [cnn block16_during_pl d=0.03 s2] step 5000/7820 acc 0.7361 active 68,240 ema 0.797 (70s)
  [cnn block16_during_pl d=0.03 s2] step 6000/7820 acc 0.8129 active 65,936 ema 0.838 (83s)
  [cnn block16_during_pl d=0.03 s2] step 7000/7820 acc 0.8419 active 65,936 ema 0.854 (97s)
[done] p2 cnn block16_during_pl d=0.03 s2: acc 0.8450 active 65,936 train 3.037e+14 (109s)
  [cnn block16_oneshot_pl d=0.01 s0] step 1000/7820 acc 0.6814 active 2,195,648 ema 0.729 (14s)
  [cnn block16_oneshot_pl d=0.01 s0] step 2000/7820 acc 0.7779 active 2,195,648 ema 0.811 (28s)
  [cnn block16_oneshot_pl d=0.01 s0] step 3000/7820 acc 0.8209 active 2,195,648 ema 0.861 (42s)
  [cnn block16_oneshot_pl d=0.01 s0] step 4000/7820 acc 0.8529 active 2,195,648 ema 0.892 (56s)
  [cnn block16_oneshot_pl d=0.01 s0] step 5000/7820 acc 0.8808 active 2,195,648 ema 0.919 (69s)
  [cnn block16_oneshot_pl d=0.01 s0] step 6000/7820 acc 0.8985 active 2,195,648 ema 0.946 (83s)
  [cnn block16_oneshot_pl d=0.01 s0] step 7000/7820 acc 0.9069 active 2,195,648 ema 0.963 (96s)
  [cnn block16_oneshot_pl d=0.01 s0] step 8000/7820 acc 0.3305 active 21,904 ema 0.401 (111s)
  [cnn block16_oneshot_pl d=0.01 s0] step 9000/7820 acc 0.5349 active 21,904 ema 0.513 (125s)
  [cnn block16_oneshot_pl d=0.01 s0] step 10000/7820 acc 0.5441 active 21,904 ema 0.561 (139s)
  [cnn block16_oneshot_pl d=0.01 s0] step 11000/7820 acc 0.5958 active 21,904 ema 0.587 (153s)
[done] p2 cnn block16_oneshot_pl d=0.01 s0: acc 0.6056 active 21,904 train 9.402e+14 (164s)
  [cnn block16_during_pl d=0.01 s0] step 1000/7820 acc 0.6945 active 1,929,168 ema 0.728 (14s)
  [cnn block16_during_pl d=0.01 s0] step 2000/7820 acc 0.7382 active 918,032 ema 0.789 (27s)
  [cnn block16_during_pl d=0.01 s0] step 3000/7820 acc 0.7728 active 348,032 ema 0.801 (41s)
  [cnn block16_during_pl d=0.01 s0] step 4000/7820 acc 0.7061 active 92,224 ema 0.754 (55s)
  [cnn block16_during_pl d=0.01 s0] step 5000/7820 acc 0.6678 active 24,384 ema 0.694 (69s)
  [cnn block16_during_pl d=0.01 s0] step 6000/7820 acc 0.7461 active 22,080 ema 0.734 (83s)
  [cnn block16_during_pl d=0.01 s0] step 7000/7820 acc 0.7635 active 22,080 ema 0.757 (97s)
[done] p2 cnn block16_during_pl d=0.01 s0: acc 0.7651 active 22,080 train 2.629e+14 (109s)
  [cnn block16_oneshot_pl d=0.01 s1] step 1000/7820 acc 0.7216 active 2,195,648 ema 0.730 (14s)
  [cnn block16_oneshot_pl d=0.01 s1] step 2000/7820 acc 0.8042 active 2,195,648 ema 0.817 (27s)
  [cnn block16_oneshot_pl d=0.01 s1] step 3000/7820 acc 0.8563 active 2,195,648 ema 0.863 (41s)
  [cnn block16_oneshot_pl d=0.01 s1] step 4000/7820 acc 0.8624 active 2,195,648 ema 0.898 (54s)
  [cnn block16_oneshot_pl d=0.01 s1] step 5000/7820 acc 0.8837 active 2,195,648 ema 0.919 (68s)
  [cnn block16_oneshot_pl d=0.01 s1] step 6000/7820 acc 0.9020 active 2,195,648 ema 0.946 (82s)
  [cnn block16_oneshot_pl d=0.01 s1] step 7000/7820 acc 0.9102 active 2,195,648 ema 0.963 (96s)
  [cnn block16_oneshot_pl d=0.01 s1] step 8000/7820 acc 0.3311 active 21,904 ema 0.404 (111s)
  [cnn block16_oneshot_pl d=0.01 s1] step 9000/7820 acc 0.4826 active 21,904 ema 0.532 (125s)
  [cnn block16_oneshot_pl d=0.01 s1] step 10000/7820 acc 0.5856 active 21,904 ema 0.593 (138s)
  [cnn block16_oneshot_pl d=0.01 s1] step 11000/7820 acc 0.6452 active 21,904 ema 0.624 (152s)
[done] p2 cnn block16_oneshot_pl d=0.01 s1: acc 0.6435 active 21,904 train 9.402e+14 (162s)
  [cnn block16_during_pl d=0.01 s1] step 1000/7820 acc 0.7163 active 1,929,088 ema 0.729 (14s)
  [cnn block16_during_pl d=0.01 s1] step 2000/7820 acc 0.7570 active 918,032 ema 0.796 (28s)
  [cnn block16_during_pl d=0.01 s1] step 3000/7820 acc 0.7451 active 347,776 ema 0.804 (42s)
  [cnn block16_during_pl d=0.01 s1] step 4000/7820 acc 0.7219 active 91,968 ema 0.765 (56s)
  [cnn block16_during_pl d=0.01 s1] step 5000/7820 acc 0.6970 active 24,208 ema 0.695 (70s)
  [cnn block16_during_pl d=0.01 s1] step 6000/7820 acc 0.7416 active 21,904 ema 0.739 (84s)
  [cnn block16_during_pl d=0.01 s1] step 7000/7820 acc 0.7671 active 21,904 ema 0.761 (97s)
[done] p2 cnn block16_during_pl d=0.01 s1: acc 0.7746 active 21,904 train 2.624e+14 (109s)
  [cnn block16_oneshot_pl d=0.01 s2] step 1000/7820 acc 0.7196 active 2,195,648 ema 0.737 (14s)
  [cnn block16_oneshot_pl d=0.01 s2] step 2000/7820 acc 0.8182 active 2,195,648 ema 0.822 (27s)
  [cnn block16_oneshot_pl d=0.01 s2] step 3000/7820 acc 0.8165 active 2,195,648 ema 0.859 (42s)
  [cnn block16_oneshot_pl d=0.01 s2] step 4000/7820 acc 0.8687 active 2,195,648 ema 0.895 (56s)
  [cnn block16_oneshot_pl d=0.01 s2] step 5000/7820 acc 0.8916 active 2,195,648 ema 0.918 (69s)
  [cnn block16_oneshot_pl d=0.01 s2] step 6000/7820 acc 0.8988 active 2,195,648 ema 0.948 (83s)
  [cnn block16_oneshot_pl d=0.01 s2] step 7000/7820 acc 0.9088 active 2,195,648 ema 0.962 (97s)
  [cnn block16_oneshot_pl d=0.01 s2] step 8000/7820 acc 0.2610 active 22,336 ema 0.343 (111s)
  [cnn block16_oneshot_pl d=0.01 s2] step 9000/7820 acc 0.4959 active 22,336 ema 0.499 (125s)
  [cnn block16_oneshot_pl d=0.01 s2] step 10000/7820 acc 0.5302 active 22,336 ema 0.545 (138s)
  [cnn block16_oneshot_pl d=0.01 s2] step 11000/7820 acc 0.6023 active 22,336 ema 0.576 (152s)
[done] p2 cnn block16_oneshot_pl d=0.01 s2: acc 0.6103 active 22,336 train 9.409e+14 (163s)
  [cnn block16_during_pl d=0.01 s2] step 1000/7820 acc 0.6693 active 1,929,088 ema 0.734 (14s)
  [cnn block16_during_pl d=0.01 s2] step 2000/7820 acc 0.7425 active 918,032 ema 0.798 (29s)
  [cnn block16_during_pl d=0.01 s2] step 3000/7820 acc 0.7418 active 347,776 ema 0.800 (42s)
  [cnn block16_during_pl d=0.01 s2] step 4000/7820 acc 0.7262 active 91,968 ema 0.771 (56s)
  [cnn block16_during_pl d=0.01 s2] step 5000/7820 acc 0.7060 active 24,384 ema 0.703 (70s)
  [cnn block16_during_pl d=0.01 s2] step 6000/7820 acc 0.7358 active 22,336 ema 0.742 (83s)
  [cnn block16_during_pl d=0.01 s2] step 7000/7820 acc 0.7615 active 22,336 ema 0.762 (97s)
[done] p2 cnn block16_during_pl d=0.01 s2: acc 0.7651 active 22,336 train 2.632e+14 (109s)
==== stage e4pl end 03:57:40
{
 "P1": "틀림 (최대 3.00x)",
 "P2": "맞음 (4096, N=128, 밀도<=2% 최대 3.83x; N=1: 2.47x)",
 "P3": "틀림 (mnist net.0: 학습 0.35 vs 무작위 0.12; mnist net.2: 학습 0.12 vs 무작위 0.065; mnist net.4: 학습 0.00 vs 무작위 0.0; mnist net.0: 학습 0.53 vs 무작위 0.353)",
 "P4": {
  "cnn_d0.01": "bottom_up OK (sync 85.35, bu 85.46), top_down X (td 85.48, 차이 불확실)",
  "mnist_d0.005": "bottom_up OK (sync 98.12, bu 97.90), top_down OK (td 97.43, 확실히 낮음)"
 },
 "P5": {
  "mnist_d0.01": "맞음 (격차 during 2.02 vs oneshot 86.17)",
  "mnist_d0.005": "맞음 (격차 during 5.13 vs oneshot 83.16)",
  "cnn_d0.03": "맞음 (격차 during 6.72 vs oneshot 78.37)",
  "cnn_d0.01": "맞음 (격차 during 11.73 vs oneshot 71.13)"
 },
 "P6": {
  "mnist_d0.005": "two_waves OK (97.85 vs sync 98.12), gated X (97.79, 확실히 낮음, start 0.12485193082208007)",
  "cnn_d0.01": "two_waves OK (85.49 vs sync 85.35), gated OK (85.48, 차이 불확실, start 0.21219096334185847)"
 },
 "X1": "맞음 (가지치기망 k=5%: 97.09, k=100%: 97.82, 손실 0.73; 작은 dense k=5%: 87.34)",
 "X2": "틀림 (Split: finetune 19.7, fast/slow decay 19.9, merge 19.9, ER 85.1)"
}
--- e2
  mnist_d0.01: global=98.38±0.03, sync=98.47±0.03, bottom_up=98.41±0.04, top_down=98.13±0.05
  mnist_d0.005: global=97.82±0.07, sync=98.12±0.10, bottom_up=97.90±0.01, top_down=97.43±0.06
  cnn_d0.03: global=89.08±0.17, sync=88.09±0.26, bottom_up=89.07±0.02, top_down=88.80±0.27
  cnn_d0.01: global=85.70±0.20, sync=85.35±0.04, bottom_up=85.46±0.14, top_down=85.48±0.15
--- e3
  mnist_d0.005: sync=98.12±0.10, two_waves=97.85±0.03, progress_gated=97.79±0.06
  cnn_d0.01: sync=85.35±0.04, two_waves=85.49±0.15, progress_gated=85.48±0.21
--- e4
  mnist_d0.01: unstructured_during=98.44±0.03, unstructured_oneshot=97.52±0.20, block16_during=96.42±0.25, block16_oneshot=11.35±0.00, block16_during_pl=96.89±0.08, block16_oneshot_pl=87.97±2.90, gap_during_pl=1.55, gap_oneshot_pl=9.55, gap_during=2.02, gap_oneshot=86.17
  mnist_d0.005: unstructured_during=97.81±0.02, unstructured_oneshot=94.51±0.60, block16_during=92.68±1.15, block16_oneshot=11.35±0.00, block16_during_pl=93.94±0.81, block16_oneshot_pl=59.01±8.91, gap_during_pl=3.87, gap_oneshot_pl=35.50, gap_during=5.13, gap_oneshot=83.16
  cnn_d0.03: unstructured_during=89.08±0.17, unstructured_oneshot=88.37±0.12, block16_during=82.36±0.20, block16_oneshot=10.00±0.00, block16_during_pl=84.44±0.25, block16_oneshot_pl=78.71±1.16, gap_during_pl=4.64, gap_oneshot_pl=9.66, gap_during=6.72, gap_oneshot=78.37
  cnn_d0.01: unstructured_during=85.70±0.20, unstructured_oneshot=81.13±0.26, block16_during=73.98±1.67, block16_oneshot=10.00±0.00, block16_during_pl=76.83±0.45, block16_oneshot_pl=61.98±1.69, gap_during_pl=8.88, gap_oneshot_pl=19.15, gap_during=11.73, gap_oneshot=71.13
--- x1
  dense_k1: 98.71 ± 0.03 (n=3)
  dense_k0.1: 98.56 ± 0.09 (n=3)
  dense_k0.05: 98.33 ± 0.14 (n=3)
  dense_small_k1: 94.07 ± 0.10 (n=3)
  dense_small_k0.1: 87.34 ± 0.16 (n=3)
  dense_small_k0.05: 87.34 ± 0.16 (n=3)
  global_k1: 97.82 ± 0.07 (n=3)
  global_k0.1: 97.56 ± 0.03 (n=3)
  global_k0.05: 97.09 ± 0.05 (n=3)
--- x2
  split_mnist: finetune=19.69±0.04, er=85.15±0.43, fastslow_decay=19.87±0.15, fastslow_merge=19.95±0.19
  permuted_mnist: finetune=48.94±1.51, er=87.39±1.03, fastslow_decay=68.61±2.88, fastslow_merge=67.32±0.75
--- e1 ['semi24 fp16: RuntimeError: sparse_semi_structured_mad_op : CUTLASS not supported'] [(10.74350708163313, '4096', '1024', '0.005', 'block16', 'csr', 'fp32'), (7.737183551158299, '4096', '1024', '0.005', 'unstructured', 'csr', 'fp32'), (6.604790874153636, '4096', '1024', '0.005', 'block16', 'bsr16', 'fp32'), (6.13174083747099, '4096', '1024', '0.01', 'block16', 'csr', 'fp32'), (5.478063285902457, '4096', '1024', '0.01', 'unstructured', 'csr', 'fp32')]
P2_CHAIN3_DONE 2026-10-06  3:57:49.15 
