==== p3 chain3 start 2026-10-07 14:12:55.86 
W1007 14:12:57.471000 87588 .venv\Lib\site-packages\torch\utils\flop_counter.py:29] triton not found; flop counting will not work for triton kernels
==== stage h1b start 14:12:58
  [h1 s0] dense acc 0.9801
  [h1 s0] one-shot d=0.02: magnitude=0.415 rank1_pre=0.443 rank1_prepost=0.550 rank1_now=0.516 conn_drive=0.674 rank1_reward=0.465 rank1_conf=0.444 random=0.097 wanda_row=0.338 wanda_global=0.464 rank1_prepost_row=0.294 magnitude_row=0.279 (1s)
  [h1 s0] one-shot d=0.01: magnitude=0.510 rank1_pre=0.452 rank1_prepost=0.789 rank1_now=0.313 conn_drive=0.722 rank1_reward=0.435 rank1_conf=0.453 random=0.097 wanda_row=0.388 wanda_global=0.504 rank1_prepost_row=0.324 magnitude_row=0.378 (1s)
  [h1 s0] one-shot d=0.005: magnitude=0.303 rank1_pre=0.326 rank1_prepost=0.564 rank1_now=0.214 conn_drive=0.566 rank1_reward=0.352 rank1_conf=0.360 random=0.097 wanda_row=0.139 wanda_global=0.402 rank1_prepost_row=0.129 magnitude_row=0.096 (1s)
  [h1 s0] gradual d=0.01: magnitude=0.510 rank1_pre=0.388 rank1_prepost=0.610 rank1_now=0.301 conn_drive=0.529 rank1_reward=0.451 rank1_conf=0.467 random=0.097 wanda_row=0.399 wanda_global=0.467 rank1_prepost_row=0.377 magnitude_row=0.378 (22s)
  [h1 s0] gradual d=0.005: magnitude=0.303 rank1_pre=0.303 rank1_prepost=0.412 rank1_now=0.238 conn_drive=0.372 rank1_reward=0.372 rank1_conf=0.403 random=0.097 wanda_row=0.148 wanda_global=0.389 rank1_prepost_row=0.159 magnitude_row=0.096 (44s)
  [h1 s1] dense acc 0.9816
  [h1 s1] one-shot d=0.02: magnitude=0.323 rank1_pre=0.590 rank1_prepost=0.773 rank1_now=0.418 conn_drive=0.466 rank1_reward=0.541 rank1_conf=0.513 random=0.097 wanda_row=0.398 wanda_global=0.546 rank1_prepost_row=0.385 magnitude_row=0.174 (1s)
  [h1 s1] one-shot d=0.01: magnitude=0.555 rank1_pre=0.437 rank1_prepost=0.831 rank1_now=0.421 conn_drive=0.704 rank1_reward=0.590 rank1_conf=0.563 random=0.097 wanda_row=0.239 wanda_global=0.463 rank1_prepost_row=0.170 magnitude_row=0.158 (1s)
  [h1 s1] one-shot d=0.005: magnitude=0.217 rank1_pre=0.268 rank1_prepost=0.612 rank1_now=0.311 conn_drive=0.543 rank1_reward=0.316 rank1_conf=0.358 random=0.097 wanda_row=0.097 wanda_global=0.281 rank1_prepost_row=0.097 magnitude_row=0.097 (1s)
  [h1 s1] gradual d=0.01: magnitude=0.555 rank1_pre=0.487 rank1_prepost=0.709 rank1_now=0.342 conn_drive=0.545 rank1_reward=0.632 rank1_conf=0.497 random=0.097 wanda_row=0.213 wanda_global=0.559 rank1_prepost_row=0.254 magnitude_row=0.158 (22s)
  [h1 s1] gradual d=0.005: magnitude=0.217 rank1_pre=0.251 rank1_prepost=0.581 rank1_now=0.248 conn_drive=0.334 rank1_reward=0.434 rank1_conf=0.392 random=0.097 wanda_row=0.098 wanda_global=0.302 rank1_prepost_row=0.098 magnitude_row=0.097 (44s)
  [h1 s2] dense acc 0.9825
  [h1 s2] one-shot d=0.02: magnitude=0.433 rank1_pre=0.436 rank1_prepost=0.558 rank1_now=0.272 conn_drive=0.600 rank1_reward=0.190 rank1_conf=0.465 random=0.097 wanda_row=0.329 wanda_global=0.466 rank1_prepost_row=0.305 magnitude_row=0.381 (1s)
  [h1 s2] one-shot d=0.01: magnitude=0.530 rank1_pre=0.356 rank1_prepost=0.709 rank1_now=0.272 conn_drive=0.744 rank1_reward=0.455 rank1_conf=0.448 random=0.097 wanda_row=0.221 wanda_global=0.455 rank1_prepost_row=0.173 magnitude_row=0.233 (1s)
  [h1 s2] one-shot d=0.005: magnitude=0.326 rank1_pre=0.234 rank1_prepost=0.491 rank1_now=0.130 conn_drive=0.518 rank1_reward=0.150 rank1_conf=0.223 random=0.097 wanda_row=0.098 wanda_global=0.265 rank1_prepost_row=0.097 magnitude_row=0.097 (1s)
  [h1 s2] gradual d=0.01: magnitude=0.530 rank1_pre=0.416 rank1_prepost=0.626 rank1_now=0.267 conn_drive=0.532 rank1_reward=0.467 rank1_conf=0.450 random=0.097 wanda_row=0.390 wanda_global=0.488 rank1_prepost_row=0.308 magnitude_row=0.233 (23s)
  [h1 s2] gradual d=0.005: magnitude=0.326 rank1_pre=0.261 rank1_prepost=0.450 rank1_now=0.163 conn_drive=0.353 rank1_reward=0.321 rank1_conf=0.395 random=0.097 wanda_row=0.124 wanda_global=0.294 rank1_prepost_row=0.149 magnitude_row=0.097 (43s)
==== stage h1b end 14:15:09
==== stage h2deg start 14:15:09
  [random_degree d=0.005 bp lr=0.3 s0] step 1000/1407 acc 0.9273 loss 0.295 (2s)
  [random_degree d=0.005 bp lr=0.3 s0] step 1407/1407 acc 0.9461 loss 0.133 (3s)
  -> results\p3\lr\random_degree_d0.005\bp_lr0.3.json final 0.9461 alive 861/2048 active 9,308 (3s)
  [random_degree d=0.005 bp lr=0.1 s0] step 1000/1407 acc 0.9282 loss 0.383 (2s)
  [random_degree d=0.005 bp lr=0.1 s0] step 1407/1407 acc 0.9516 loss 0.106 (3s)
  -> results\p3\lr\random_degree_d0.005\bp_lr0.1.json final 0.9516 alive 861/2048 active 9,308 (3s)
  [random_degree d=0.005 bp lr=0.03 s0] step 1000/1407 acc 0.8986 loss 0.532 (2s)
  [random_degree d=0.005 bp lr=0.03 s0] step 1407/1407 acc 0.9199 loss 0.265 (3s)
  -> results\p3\lr\random_degree_d0.005\bp_lr0.03.json final 0.9199 alive 861/2048 active 9,308 (3s)
  [random_degree d=0.005 bp lr=0.01 s0] step 1000/1407 acc 0.4896 loss 1.528 (3s)
  [random_degree d=0.005 bp lr=0.01 s0] step 1407/1407 acc 0.8182 loss 0.534 (3s)
  -> results\p3\lr\random_degree_d0.005\bp_lr0.01.json final 0.8182 alive 861/2048 active 9,308 (3s)
  [random_degree d=0.005 bp lr=0.003 s0] step 1000/1407 acc 0.1135 loss 2.298 (2s)
  [random_degree d=0.005 bp lr=0.003 s0] step 1407/1407 acc 0.1135 loss 2.297 (3s)
  -> results\p3\lr\random_degree_d0.005\bp_lr0.003.json final 0.1135 alive 861/2048 active 9,308 (3s)
[lr] random_degree_d0.005/bp -> (0.3, 0.9477000000000001)
  [random_degree d=0.005 dfa lr=0.3 s0] step 1000/1407 acc 0.8193 loss 445065600.000 (1s)
  [random_degree d=0.005 dfa lr=0.3 s0] step 1407/1407 acc 0.8684 loss 236794432.000 (2s)
  -> results\p3\lr\random_degree_d0.005\dfa_lr0.3.json final 0.8684 alive 861/2048 active 9,308 (2s)
  [random_degree d=0.005 dfa lr=0.1 s0] step 1000/1407 acc 0.8395 loss 52481.355 (2s)
  [random_degree d=0.005 dfa lr=0.1 s0] step 1407/1407 acc 0.8606 loss 26818.523 (2s)
  -> results\p3\lr\random_degree_d0.005\dfa_lr0.1.json final 0.8606 alive 861/2048 active 9,308 (2s)
  [random_degree d=0.005 dfa lr=0.03 s0] step 1000/1407 acc 0.8631 loss 30.055 (1s)
  [random_degree d=0.005 dfa lr=0.03 s0] step 1407/1407 acc 0.8649 loss 8.613 (2s)
  -> results\p3\lr\random_degree_d0.005\dfa_lr0.03.json final 0.8649 alive 861/2048 active 9,308 (2s)
  [random_degree d=0.005 dfa lr=0.01 s0] step 1000/1407 acc 0.8941 loss 0.745 (1s)
  [random_degree d=0.005 dfa lr=0.01 s0] step 1407/1407 acc 0.9060 loss 0.346 (2s)
  -> results\p3\lr\random_degree_d0.005\dfa_lr0.01.json final 0.9060 alive 861/2048 active 9,308 (2s)
  [random_degree d=0.005 dfa lr=0.003 s0] step 1000/1407 acc 0.8751 loss 0.783 (1s)
  [random_degree d=0.005 dfa lr=0.003 s0] step 1407/1407 acc 0.8882 loss 0.364 (2s)
  -> results\p3\lr\random_degree_d0.005\dfa_lr0.003.json final 0.8882 alive 861/2048 active 9,308 (2s)
  [random_degree d=0.005 dfa lr=0.001 s0] step 1000/1407 acc 0.7841 loss 0.986 (1s)
  [random_degree d=0.005 dfa lr=0.001 s0] step 1407/1407 acc 0.8324 loss 0.459 (2s)
  -> results\p3\lr\random_degree_d0.005\dfa_lr0.001.json final 0.8324 alive 861/2048 active 9,308 (2s)
[lr] random_degree_d0.005/dfa -> (0.01, 0.908)
  [random_degree d=0.005 fg lr=0.03 s0] step 132/1407 acc 0.0000 loss nan (4s) DIVERGED
  -> results\p3\lr\random_degree_d0.005\fg_lr0.03.json final 0.0000 alive 861/2048 active 9,308 (4s)
  [random_degree d=0.005 fg lr=0.01 s0] step 617/1407 acc 0.0000 loss nan (16s) DIVERGED
  -> results\p3\lr\random_degree_d0.005\fg_lr0.01.json final 0.0000 alive 861/2048 active 9,308 (16s)
  [random_degree d=0.005 fg lr=0.003 s0] step 1000/1407 acc 0.1135 loss 2.294 (26s)
  [random_degree d=0.005 fg lr=0.003 s0] step 1407/1407 acc 0.1364 loss 2.279 (37s)
  -> results\p3\lr\random_degree_d0.005\fg_lr0.003.json final 0.1364 alive 861/2048 active 9,308 (37s)
  [random_degree d=0.005 fg lr=0.001 s0] step 1000/1407 acc 0.1135 loss 2.299 (26s)
  [random_degree d=0.005 fg lr=0.001 s0] step 1407/1407 acc 0.1135 loss 2.297 (37s)
  -> results\p3\lr\random_degree_d0.005\fg_lr0.001.json final 0.1135 alive 861/2048 active 9,308 (37s)
  [random_degree d=0.005 fg lr=0.0003 s0] step 1000/1407 acc 0.1135 loss 2.301 (26s)
  [random_degree d=0.005 fg lr=0.0003 s0] step 1407/1407 acc 0.1135 loss 2.298 (36s)
  -> results\p3\lr\random_degree_d0.005\fg_lr0.0003.json final 0.1135 alive 861/2048 active 9,308 (36s)
  [random_degree d=0.005 fg lr=0.0001 s0] step 1000/1407 acc 0.0953 loss 2.302 (26s)
  [random_degree d=0.005 fg lr=0.0001 s0] step 1407/1407 acc 0.1135 loss 2.299 (36s)
  -> results\p3\lr\random_degree_d0.005\fg_lr0.0001.json final 0.1135 alive 861/2048 active 9,308 (36s)
  [random_degree d=0.005 fg lr=3e-05 s0] step 1000/1407 acc 0.0958 loss 2.302 (26s)
  [random_degree d=0.005 fg lr=3e-05 s0] step 1407/1407 acc 0.0958 loss 2.299 (37s)
  -> results\p3\lr\random_degree_d0.005\fg_lr3e-05.json final 0.0958 alive 861/2048 active 9,308 (37s)
[lr] random_degree_d0.005/fg -> (0.01, 0.26286666666666664)
  [random_degree d=0.005 wp lr=0.03 s0] step 1000/1407 acc 0.0954 loss 61118458572140471014962132680704.000 (14s)
  [random_degree d=0.005 wp lr=0.03 s0] step 1407/1407 acc 0.0954 loss 57140715440752621265876305313792.000 (20s)
  -> results\p3\lr\random_degree_d0.005\wp_lr0.03.json final 0.0954 alive 861/2048 active 9,308 (20s)
  [random_degree d=0.005 wp lr=0.01 s0] step 1000/1407 acc 0.1036 loss 316066817551577602480660283392.000 (14s)
  [random_degree d=0.005 wp lr=0.01 s0] step 1407/1407 acc 0.1036 loss 277903995072495001572380508160.000 (20s)
  -> results\p3\lr\random_degree_d0.005\wp_lr0.01.json final 0.1036 alive 861/2048 active 9,308 (20s)
  [random_degree d=0.005 wp lr=0.003 s0] step 1000/1407 acc 0.1135 loss 2.294 (14s)
  [random_degree d=0.005 wp lr=0.003 s0] step 1407/1407 acc 0.1376 loss 2.278 (20s)
  -> results\p3\lr\random_degree_d0.005\wp_lr0.003.json final 0.1376 alive 861/2048 active 9,308 (20s)
  [random_degree d=0.005 wp lr=0.001 s0] step 1000/1407 acc 0.1135 loss 2.299 (14s)
  [random_degree d=0.005 wp lr=0.001 s0] step 1407/1407 acc 0.1135 loss 2.297 (20s)
  -> results\p3\lr\random_degree_d0.005\wp_lr0.001.json final 0.1135 alive 861/2048 active 9,308 (20s)
  [random_degree d=0.005 wp lr=0.0003 s0] step 1000/1407 acc 0.1135 loss 2.301 (14s)
  [random_degree d=0.005 wp lr=0.0003 s0] step 1407/1407 acc 0.1135 loss 2.298 (20s)
  -> results\p3\lr\random_degree_d0.005\wp_lr0.0003.json final 0.1135 alive 861/2048 active 9,308 (20s)
  [random_degree d=0.005 wp lr=0.0001 s0] step 1000/1407 acc 0.0954 loss 2.302 (14s)
  [random_degree d=0.005 wp lr=0.0001 s0] step 1407/1407 acc 0.1135 loss 2.299 (20s)
  -> results\p3\lr\random_degree_d0.005\wp_lr0.0001.json final 0.1135 alive 861/2048 active 9,308 (20s)
  [random_degree d=0.005 wp lr=3e-05 s0] step 1000/1407 acc 0.0958 loss 2.302 (14s)
  [random_degree d=0.005 wp lr=3e-05 s0] step 1407/1407 acc 0.0958 loss 2.299 (20s)
  -> results\p3\lr\random_degree_d0.005\wp_lr3e-05.json final 0.0958 alive 861/2048 active 9,308 (20s)
[lr] random_degree_d0.005/wp -> (0.003, 0.12933333333333333)
  [random_degree d=0.005 np lr=0.03 s0] step 112/1407 acc 0.0000 loss nan (0s) DIVERGED
  -> results\p3\lr\random_degree_d0.005\np_lr0.03.json final 0.0000 alive 861/2048 active 9,308 (0s)
  [random_degree d=0.005 np lr=0.01 s0] step 566/1407 acc 0.0000 loss nan (1s) DIVERGED
  -> results\p3\lr\random_degree_d0.005\np_lr0.01.json final 0.0000 alive 861/2048 active 9,308 (1s)
  [random_degree d=0.005 np lr=0.003 s0] step 1000/1407 acc 0.4102 loss 1.916 (2s)
  [random_degree d=0.005 np lr=0.003 s0] step 1407/1407 acc 0.6321 loss 1.140 (3s)
  -> results\p3\lr\random_degree_d0.005\np_lr0.003.json final 0.6321 alive 861/2048 active 9,308 (3s)
  [random_degree d=0.005 np lr=0.001 s0] step 1000/1407 acc 0.1135 loss 2.307 (2s)
  [random_degree d=0.005 np lr=0.001 s0] step 1407/1407 acc 0.1135 loss 2.300 (3s)
  -> results\p3\lr\random_degree_d0.005\np_lr0.001.json final 0.1135 alive 861/2048 active 9,308 (3s)
  [random_degree d=0.005 np lr=0.0003 s0] step 1000/1407 acc 0.1135 loss 2.306 (2s)
  [random_degree d=0.005 np lr=0.0003 s0] step 1407/1407 acc 0.1135 loss 2.302 (3s)
  -> results\p3\lr\random_degree_d0.005\np_lr0.0003.json final 0.1135 alive 861/2048 active 9,308 (3s)
  [random_degree d=0.005 np lr=0.0001 s0] step 1000/1407 acc 0.1135 loss 2.306 (2s)
  [random_degree d=0.005 np lr=0.0001 s0] step 1407/1407 acc 0.1135 loss 2.302 (3s)
  -> results\p3\lr\random_degree_d0.005\np_lr0.0001.json final 0.1135 alive 861/2048 active 9,308 (3s)
  [random_degree d=0.005 np lr=3e-05 s0] step 1000/1407 acc 0.0958 loss 2.306 (2s)
  [random_degree d=0.005 np lr=3e-05 s0] step 1407/1407 acc 0.0958 loss 2.303 (3s)
  -> results\p3\lr\random_degree_d0.005\np_lr3e-05.json final 0.0958 alive 861/2048 active 9,308 (3s)
[lr] random_degree_d0.005/np -> (0.003, 0.6058666666666667)
  [random_degree d=0.01 bp lr=0.3 s0] step 1000/1407 acc 0.9515 loss 0.288 (2s)
  [random_degree d=0.01 bp lr=0.3 s0] step 1407/1407 acc 0.9597 loss 0.025 (3s)
  -> results\p3\lr\random_degree_d0.01\bp_lr0.3.json final 0.9597 alive 1150/2048 active 18,616 (3s)
  [random_degree d=0.01 bp lr=0.1 s0] step 1000/1407 acc 0.9495 loss 0.372 (2s)
  [random_degree d=0.01 bp lr=0.1 s0] step 1407/1407 acc 0.9562 loss 0.042 (3s)
  -> results\p3\lr\random_degree_d0.01\bp_lr0.1.json final 0.9562 alive 1150/2048 active 18,616 (3s)
  [random_degree d=0.01 bp lr=0.03 s0] step 1000/1407 acc 0.9226 loss 0.518 (2s)
  [random_degree d=0.01 bp lr=0.03 s0] step 1407/1407 acc 0.9419 loss 0.121 (3s)
  -> results\p3\lr\random_degree_d0.01\bp_lr0.03.json final 0.9419 alive 1150/2048 active 18,616 (3s)
  [random_degree d=0.01 bp lr=0.01 s0] step 1000/1407 acc 0.8594 loss 0.754 (2s)
  [random_degree d=0.01 bp lr=0.01 s0] step 1407/1407 acc 0.8941 loss 0.284 (3s)
  -> results\p3\lr\random_degree_d0.01\bp_lr0.01.json final 0.8941 alive 1150/2048 active 18,616 (3s)
  [random_degree d=0.01 bp lr=0.003 s0] step 1000/1407 acc 0.1135 loss 2.288 (2s)
  [random_degree d=0.01 bp lr=0.003 s0] step 1407/1407 acc 0.2494 loss 2.162 (3s)
  -> results\p3\lr\random_degree_d0.01\bp_lr0.003.json final 0.2494 alive 1150/2048 active 18,616 (3s)
[lr] random_degree_d0.01/bp -> (0.3, 0.9595333333333333)
  [random_degree d=0.01 dfa lr=0.3 s0] step 1000/1407 acc 0.8996 loss 347361856.000 (2s)
  [random_degree d=0.01 dfa lr=0.3 s0] step 1407/1407 acc 0.8896 loss 235067952.000 (2s)
  -> results\p3\lr\random_degree_d0.01\dfa_lr0.3.json final 0.8896 alive 1150/2048 active 18,616 (2s)
  [random_degree d=0.01 dfa lr=0.1 s0] step 1000/1407 acc 0.9086 loss 56397.332 (2s)
  [random_degree d=0.01 dfa lr=0.1 s0] step 1407/1407 acc 0.8835 loss 13867.668 (2s)
  -> results\p3\lr\random_degree_d0.01\dfa_lr0.1.json final 0.8835 alive 1150/2048 active 18,616 (2s)
  [random_degree d=0.01 dfa lr=0.03 s0] step 1000/1407 acc 0.9019 loss 14.194 (2s)
  [random_degree d=0.01 dfa lr=0.03 s0] step 1407/1407 acc 0.9061 loss 7.249 (2s)
  -> results\p3\lr\random_degree_d0.01\dfa_lr0.03.json final 0.9061 alive 1150/2048 active 18,616 (2s)
  [random_degree d=0.01 dfa lr=0.01 s0] step 1000/1407 acc 0.9134 loss 0.689 (2s)
  [random_degree d=0.01 dfa lr=0.01 s0] step 1407/1407 acc 0.9181 loss 0.225 (2s)
  -> results\p3\lr\random_degree_d0.01\dfa_lr0.01.json final 0.9181 alive 1150/2048 active 18,616 (2s)
  [random_degree d=0.01 dfa lr=0.003 s0] step 1000/1407 acc 0.8881 loss 0.727 (2s)
  [random_degree d=0.01 dfa lr=0.003 s0] step 1407/1407 acc 0.9016 loss 0.256 (2s)
  -> results\p3\lr\random_degree_d0.01\dfa_lr0.003.json final 0.9016 alive 1150/2048 active 18,616 (2s)
  [random_degree d=0.01 dfa lr=0.001 s0] step 1000/1407 acc 0.8462 loss 0.820 (2s)
  [random_degree d=0.01 dfa lr=0.001 s0] step 1407/1407 acc 0.8652 loss 0.339 (2s)
  -> results\p3\lr\random_degree_d0.01\dfa_lr0.001.json final 0.8652 alive 1150/2048 active 18,616 (2s)
[lr] random_degree_d0.01/dfa -> (0.01, 0.9169666666666667)
  [random_degree d=0.01 fg lr=0.03 s0] step 93/1407 acc 0.0000 loss nan (2s) DIVERGED
  -> results\p3\lr\random_degree_d0.01\fg_lr0.03.json final 0.0000 alive 1150/2048 active 18,616 (2s)
  [random_degree d=0.01 fg lr=0.01 s0] step 391/1407 acc 0.0000 loss nan (10s) DIVERGED
  -> results\p3\lr\random_degree_d0.01\fg_lr0.01.json final 0.0000 alive 1150/2048 active 18,616 (10s)
  [random_degree d=0.01 fg lr=0.003 s0] step 1000/1407 acc 0.3834 loss 2.239 (27s)
  [random_degree d=0.01 fg lr=0.003 s0] step 1407/1407 acc 0.6327 loss 1.206 (37s)
  -> results\p3\lr\random_degree_d0.01\fg_lr0.003.json final 0.6327 alive 1150/2048 active 18,616 (37s)
  [random_degree d=0.01 fg lr=0.001 s0] step 1000/1407 acc 0.1135 loss 2.298 (27s)
  [random_degree d=0.01 fg lr=0.001 s0] step 1407/1407 acc 0.1135 loss 2.295 (37s)
  -> results\p3\lr\random_degree_d0.01\fg_lr0.001.json final 0.1135 alive 1150/2048 active 18,616 (37s)
  [random_degree d=0.01 fg lr=0.0003 s0] step 1000/1407 acc 0.1135 loss 2.301 (26s)
  [random_degree d=0.01 fg lr=0.0003 s0] step 1407/1407 acc 0.1135 loss 2.297 (37s)
  -> results\p3\lr\random_degree_d0.01\fg_lr0.0003.json final 0.1135 alive 1150/2048 active 18,616 (37s)
  [random_degree d=0.01 fg lr=0.0001 s0] step 1000/1407 acc 0.0958 loss 2.302 (26s)
  [random_degree d=0.01 fg lr=0.0001 s0] step 1407/1407 acc 0.1139 loss 2.298 (37s)
  -> results\p3\lr\random_degree_d0.01\fg_lr0.0001.json final 0.1139 alive 1150/2048 active 18,616 (37s)
  [random_degree d=0.01 fg lr=3e-05 s0] step 1000/1407 acc 0.0958 loss 2.302 (26s)
  [random_degree d=0.01 fg lr=3e-05 s0] step 1407/1407 acc 0.0958 loss 2.299 (36s)
  -> results\p3\lr\random_degree_d0.01\fg_lr3e-05.json final 0.0958 alive 1150/2048 active 18,616 (36s)
[lr] random_degree_d0.01/fg -> (0.003, 0.5977)
  [random_degree d=0.01 wp lr=0.03 s0] step 92/1407 acc 0.0000 loss nan (1s) DIVERGED
  -> results\p3\lr\random_degree_d0.01\wp_lr0.03.json final 0.0000 alive 1150/2048 active 18,616 (1s)
  [random_degree d=0.01 wp lr=0.01 s0] step 411/1407 acc 0.0000 loss nan (6s) DIVERGED
  -> results\p3\lr\random_degree_d0.01\wp_lr0.01.json final 0.0000 alive 1150/2048 active 18,616 (6s)
  [random_degree d=0.01 wp lr=0.003 s0] step 1000/1407 acc 0.3828 loss 2.240 (14s)
  [random_degree d=0.01 wp lr=0.003 s0] step 1407/1407 acc 0.6299 loss 1.213 (20s)
  -> results\p3\lr\random_degree_d0.01\wp_lr0.003.json final 0.6299 alive 1150/2048 active 18,616 (20s)
  [random_degree d=0.01 wp lr=0.001 s0] step 1000/1407 acc 0.1135 loss 2.298 (14s)
  [random_degree d=0.01 wp lr=0.001 s0] step 1407/1407 acc 0.1135 loss 2.295 (20s)
  -> results\p3\lr\random_degree_d0.01\wp_lr0.001.json final 0.1135 alive 1150/2048 active 18,616 (20s)
  [random_degree d=0.01 wp lr=0.0003 s0] step 1000/1407 acc 0.1135 loss 2.301 (14s)
  [random_degree d=0.01 wp lr=0.0003 s0] step 1407/1407 acc 0.1135 loss 2.297 (20s)
  -> results\p3\lr\random_degree_d0.01\wp_lr0.0003.json final 0.1135 alive 1150/2048 active 18,616 (20s)
  [random_degree d=0.01 wp lr=0.0001 s0] step 1000/1407 acc 0.0959 loss 2.302 (14s)
  [random_degree d=0.01 wp lr=0.0001 s0] step 1407/1407 acc 0.1139 loss 2.298 (20s)
  -> results\p3\lr\random_degree_d0.01\wp_lr0.0001.json final 0.1139 alive 1150/2048 active 18,616 (20s)
  [random_degree d=0.01 wp lr=3e-05 s0] step 1000/1407 acc 0.0958 loss 2.302 (14s)
  [random_degree d=0.01 wp lr=3e-05 s0] step 1407/1407 acc 0.0958 loss 2.299 (20s)
  -> results\p3\lr\random_degree_d0.01\wp_lr3e-05.json final 0.0958 alive 1150/2048 active 18,616 (20s)
[lr] random_degree_d0.01/wp -> (0.003, 0.5952666666666667)
  [random_degree d=0.01 np lr=0.03 s0] step 81/1407 acc 0.0000 loss nan (0s) DIVERGED
  -> results\p3\lr\random_degree_d0.01\np_lr0.03.json final 0.0000 alive 1150/2048 active 18,616 (0s)
  [random_degree d=0.01 np lr=0.01 s0] step 521/1407 acc 0.0000 loss nan (1s) DIVERGED
  -> results\p3\lr\random_degree_d0.01\np_lr0.01.json final 0.0000 alive 1150/2048 active 18,616 (1s)
  [random_degree d=0.01 np lr=0.003 s0] step 1000/1407 acc 0.7199 loss 1.001 (2s)
  [random_degree d=0.01 np lr=0.003 s0] step 1407/1407 acc 0.7935 loss 0.688 (3s)
  -> results\p3\lr\random_degree_d0.01\np_lr0.003.json final 0.7935 alive 1150/2048 active 18,616 (3s)
  [random_degree d=0.01 np lr=0.001 s0] step 1000/1407 acc 0.1135 loss 2.305 (2s)
  [random_degree d=0.01 np lr=0.001 s0] step 1407/1407 acc 0.1135 loss 2.296 (3s)
  -> results\p3\lr\random_degree_d0.01\np_lr0.001.json final 0.1135 alive 1150/2048 active 18,616 (3s)
