==== p3 chain4 start 2026-10-07 14:33:26.06 
W1007 14:33:27.678000 91868 .venv\Lib\site-packages\torch\utils\flop_counter.py:29] triton not found; flop counting will not work for triton kernels
==== stage h3lr start 14:33:28
  [pruned d=0.005 bp lr=0.3 s0] step 1000/2150 val 0.9784 test 0.9761 loss 0.029 bo 0 (2s)
  [pruned d=0.005 bp lr=0.3 s0] step 2000/2150 val 0.9832 test 0.9787 loss 0.065 bo 0 (4s)
  [pruned d=0.005 bp lr=0.3 s0] step 2150/2150 val 0.9830 test 0.9790 loss 0.039 bo 0 (4s)
  -> results\p3\h3lr\pruned_d0.005\bp_lr0.3.json val 0.9831 test 0.9789 acc0 0.097 backoffs 0 perturbed 10,354 (4s)
  [pruned d=0.005 bp lr=0.15 s0] step 1000/2150 val 0.9758 test 0.9768 loss 0.036 bo 0 (2s)
  [pruned d=0.005 bp lr=0.15 s0] step 2000/2150 val 0.9788 test 0.9781 loss 0.089 bo 0 (4s)
  [pruned d=0.005 bp lr=0.15 s0] step 2150/2150 val 0.9792 test 0.9781 loss 0.059 bo 0 (4s)
  -> results\p3\h3lr\pruned_d0.005\bp_lr0.15.json val 0.9791 test 0.9781 acc0 0.097 backoffs 0 perturbed 10,354 (4s)
  [pruned d=0.005 bp lr=0.07 s0] step 1000/2150 val 0.9672 test 0.9717 loss 0.043 bo 0 (2s)
  [pruned d=0.005 bp lr=0.07 s0] step 2000/2150 val 0.9732 test 0.9757 loss 0.116 bo 0 (4s)
  [pruned d=0.005 bp lr=0.07 s0] step 2150/2150 val 0.9732 test 0.9756 loss 0.070 bo 0 (4s)
  -> results\p3\h3lr\pruned_d0.005\bp_lr0.07.json val 0.9732 test 0.9756 acc0 0.097 backoffs 0 perturbed 10,354 (4s)
  [pruned d=0.005 bp lr=0.035 s0] step 1000/2150 val 0.9554 test 0.9609 loss 0.076 bo 0 (2s)
  [pruned d=0.005 bp lr=0.035 s0] step 2000/2150 val 0.9660 test 0.9697 loss 0.152 bo 0 (3s)
  [pruned d=0.005 bp lr=0.035 s0] step 2150/2150 val 0.9660 test 0.9697 loss 0.107 bo 0 (4s)
  -> results\p3\h3lr\pruned_d0.005\bp_lr0.035.json val 0.9660 test 0.9697 acc0 0.097 backoffs 0 perturbed 10,354 (4s)
  [pruned d=0.005 bp lr=0.017 s0] step 1000/2150 val 0.9162 test 0.9210 loss 0.234 bo 0 (2s)
  [pruned d=0.005 bp lr=0.017 s0] step 2000/2150 val 0.9454 test 0.9480 loss 0.232 bo 0 (4s)
  [pruned d=0.005 bp lr=0.017 s0] step 2150/2150 val 0.9456 test 0.9480 loss 0.177 bo 0 (4s)
  -> results\p3\h3lr\pruned_d0.005\bp_lr0.017.json val 0.9455 test 0.9480 acc0 0.097 backoffs 0 perturbed 10,354 (4s)
  [pruned d=0.005 bp lr=0.008 s0] step 1000/2150 val 0.5352 test 0.5571 loss 1.336 bo 0 (2s)
  [pruned d=0.005 bp lr=0.008 s0] step 2000/2150 val 0.8458 test 0.8521 loss 0.554 bo 0 (4s)
  [pruned d=0.005 bp lr=0.008 s0] step 2150/2150 val 0.8466 test 0.8518 loss 0.459 bo 0 (4s)
  -> results\p3\h3lr\pruned_d0.005\bp_lr0.008.json val 0.8463 test 0.8519 acc0 0.097 backoffs 0 perturbed 10,354 (4s)
  [pruned d=0.005 bp lr=0.004 s0] step 1000/2150 val 0.1094 test 0.1135 loss 2.280 bo 0 (2s)
  [pruned d=0.005 bp lr=0.004 s0] step 2000/2150 val 0.3508 test 0.3617 loss 2.205 bo 0 (4s)
  [pruned d=0.005 bp lr=0.004 s0] step 2150/2150 val 0.3514 test 0.3626 loss 2.224 bo 0 (4s)
  -> results\p3\h3lr\pruned_d0.005\bp_lr0.004.json val 0.3512 test 0.3623 acc0 0.097 backoffs 0 perturbed 10,354 (4s)
  [pruned d=0.005 bp lr=0.002 s0] step 1000/2150 val 0.1094 test 0.1135 loss 2.292 bo 0 (2s)
  [pruned d=0.005 bp lr=0.002 s0] step 2000/2150 val 0.1094 test 0.1135 loss 2.279 bo 0 (4s)
  [pruned d=0.005 bp lr=0.002 s0] step 2150/2150 val 0.1094 test 0.1135 loss 2.291 bo 0 (4s)
  -> results\p3\h3lr\pruned_d0.005\bp_lr0.002.json val 0.1094 test 0.1135 acc0 0.097 backoffs 0 perturbed 10,354 (4s)
  [pruned d=0.005 bp lr=0.001 s0] step 1000/2150 val 0.1094 test 0.1135 loss 2.296 bo 0 (2s)
  [pruned d=0.005 bp lr=0.001 s0] step 2000/2150 val 0.1094 test 0.1135 loss 2.286 bo 0 (3s)
  [pruned d=0.005 bp lr=0.001 s0] step 2150/2150 val 0.1094 test 0.1135 loss 2.296 bo 0 (4s)
  -> results\p3\h3lr\pruned_d0.005\bp_lr0.001.json val 0.1094 test 0.1135 acc0 0.097 backoffs 0 perturbed 10,354 (4s)
[lr3] pruned_d0.005/bp -> (0.3, 0.9830666666666666, 0)
  [pruned d=0.005 dfa lr=0.3 s0] step 1000/2150 val 0.8714 test 0.8774 loss 2703139.500 bo 0 (2s)
  [pruned d=0.005 dfa lr=0.3 s0] step 2000/2150 val 0.9372 test 0.9388 loss 2012508.875 bo 0 (3s)
  [pruned d=0.005 dfa lr=0.3 s0] step 2150/2150 val 0.9374 test 0.9407 loss 455571.031 bo 0 (3s)
  -> results\p3\h3lr\pruned_d0.005\dfa_lr0.3.json val 0.9375 test 0.9399 acc0 0.097 backoffs 0 perturbed 10,354 (3s)
  [pruned d=0.005 dfa lr=0.15 s0] step 1000/2150 val 0.8742 test 0.8802 loss 150638.062 bo 0 (1s)
  [pruned d=0.005 dfa lr=0.15 s0] step 2000/2150 val 0.9318 test 0.9368 loss 101062.500 bo 0 (3s)
  [pruned d=0.005 dfa lr=0.15 s0] step 2150/2150 val 0.9336 test 0.9388 loss 47603.109 bo 0 (3s)
  -> results\p3\h3lr\pruned_d0.005\dfa_lr0.15.json val 0.9328 test 0.9382 acc0 0.097 backoffs 0 perturbed 10,354 (3s)
  [pruned d=0.005 dfa lr=0.07 s0] step 1000/2150 val 0.8512 test 0.8567 loss 340.551 bo 0 (1s)
  [pruned d=0.005 dfa lr=0.07 s0] step 2000/2150 val 0.9392 test 0.9430 loss 231.643 bo 0 (3s)
  [pruned d=0.005 dfa lr=0.07 s0] step 2150/2150 val 0.9392 test 0.9439 loss 117.005 bo 0 (3s)
  -> results\p3\h3lr\pruned_d0.005\dfa_lr0.07.json val 0.9393 test 0.9437 acc0 0.097 backoffs 0 perturbed 10,354 (3s)
  [pruned d=0.005 dfa lr=0.035 s0] step 1000/2150 val 0.9060 test 0.9098 loss 1.325 bo 0 (1s)
  [pruned d=0.005 dfa lr=0.035 s0] step 2000/2150 val 0.9364 test 0.9407 loss 1.461 bo 0 (3s)
  [pruned d=0.005 dfa lr=0.035 s0] step 2150/2150 val 0.9388 test 0.9433 loss 0.576 bo 0 (3s)
  -> results\p3\h3lr\pruned_d0.005\dfa_lr0.035.json val 0.9379 test 0.9424 acc0 0.097 backoffs 0 perturbed 10,354 (3s)
  [pruned d=0.005 dfa lr=0.017 s0] step 1000/2150 val 0.9032 test 0.9128 loss 0.276 bo 0 (1s)
  [pruned d=0.005 dfa lr=0.017 s0] step 2000/2150 val 0.9320 test 0.9380 loss 0.352 bo 0 (3s)
  [pruned d=0.005 dfa lr=0.017 s0] step 2150/2150 val 0.9328 test 0.9385 loss 0.240 bo 0 (3s)
  -> results\p3\h3lr\pruned_d0.005\dfa_lr0.017.json val 0.9325 test 0.9383 acc0 0.097 backoffs 0 perturbed 10,354 (3s)
  [pruned d=0.005 dfa lr=0.008 s0] step 1000/2150 val 0.8996 test 0.9046 loss 0.362 bo 0 (1s)
  [pruned d=0.005 dfa lr=0.008 s0] step 2000/2150 val 0.9120 test 0.9197 loss 0.356 bo 0 (3s)
  [pruned d=0.005 dfa lr=0.008 s0] step 2150/2150 val 0.9130 test 0.9194 loss 0.308 bo 0 (3s)
  -> results\p3\h3lr\pruned_d0.005\dfa_lr0.008.json val 0.9127 test 0.9195 acc0 0.097 backoffs 0 perturbed 10,354 (3s)
  [pruned d=0.005 dfa lr=0.004 s0] step 1000/2150 val 0.8778 test 0.8811 loss 0.426 bo 0 (2s)
  [pruned d=0.005 dfa lr=0.004 s0] step 2000/2150 val 0.8926 test 0.8958 loss 0.393 bo 0 (3s)
  [pruned d=0.005 dfa lr=0.004 s0] step 2150/2150 val 0.8928 test 0.8960 loss 0.386 bo 0 (3s)
  -> results\p3\h3lr\pruned_d0.005\dfa_lr0.004.json val 0.8928 test 0.8959 acc0 0.097 backoffs 0 perturbed 10,354 (3s)
  [pruned d=0.005 dfa lr=0.002 s0] step 1000/2150 val 0.8376 test 0.8418 loss 0.590 bo 0 (1s)
  [pruned d=0.005 dfa lr=0.002 s0] step 2000/2150 val 0.8612 test 0.8667 loss 0.456 bo 0 (3s)
  [pruned d=0.005 dfa lr=0.002 s0] step 2150/2150 val 0.8620 test 0.8671 loss 0.475 bo 0 (3s)
  -> results\p3\h3lr\pruned_d0.005\dfa_lr0.002.json val 0.8617 test 0.8670 acc0 0.097 backoffs 0 perturbed 10,354 (3s)
  [pruned d=0.005 dfa lr=0.001 s0] step 1000/2150 val 0.7134 test 0.7202 loss 0.915 bo 0 (1s)
  [pruned d=0.005 dfa lr=0.001 s0] step 2000/2150 val 0.8066 test 0.8121 loss 0.577 bo 0 (3s)
  [pruned d=0.005 dfa lr=0.001 s0] step 2150/2150 val 0.8064 test 0.8121 loss 0.643 bo 0 (3s)
  -> results\p3\h3lr\pruned_d0.005\dfa_lr0.001.json val 0.8065 test 0.8121 acc0 0.097 backoffs 0 perturbed 10,354 (3s)
[lr3] pruned_d0.005/dfa -> (0.07, 0.9392666666666667, 0)
  [pruned d=0.005 np s0] diverged at step 300: restore + lr -> 0.015 (backoff 1)
  [pruned d=0.005 np s0] diverged at step 300: restore + lr -> 0.0075 (backoff 2)
  [pruned d=0.005 np s0] diverged at step 300: restore + lr -> 0.00375 (backoff 3)
  [pruned d=0.005 np s0] diverged at step 300: restore + lr -> 0.001875 (backoff 4)
  [pruned d=0.005 np s0] diverged at step 300: restore + lr -> 0.0009375 (backoff 5)
  [pruned d=0.005 np s0] FAILED after 5 backoffs at step 302
  -> results\p3\h3lr\pruned_d0.005\np_lr0.03.json val 0.2380 test 0.2410 acc0 0.097 backoffs 6 perturbed 10,354 (1s)
  [pruned d=0.005 np s0] diverged at step 500: restore + lr -> 0.0075 (backoff 1)
  [pruned d=0.005 np s0] diverged at step 500: restore + lr -> 0.00375 (backoff 2)
  [pruned d=0.005 np s0] diverged at step 500: restore + lr -> 0.001875 (backoff 3)
  [pruned d=0.005 np s0] diverged at step 500: restore + lr -> 0.0009375 (backoff 4)
  [pruned d=0.005 np s0] diverged at step 500: restore + lr -> 0.00046875 (backoff 5)
  [pruned d=0.005 np s0] FAILED after 5 backoffs at step 501
  -> results\p3\h3lr\pruned_d0.005\np_lr0.015.json val 0.2739 test 0.2649 acc0 0.097 backoffs 6 perturbed 10,354 (1s)
  [pruned d=0.005 np lr=0.007 s0] step 1000/2150 val 0.7536 test 0.7613 loss 0.752 bo 0 (2s)
  [pruned d=0.005 np lr=0.007 s0] step 2000/2150 val 0.8484 test 0.8645 loss 0.559 bo 0 (4s)
  [pruned d=0.005 np lr=0.007 s0] step 2150/2150 val 0.8500 test 0.8656 loss 0.489 bo 0 (4s)
  -> results\p3\h3lr\pruned_d0.005\np_lr0.007.json val 0.8494 test 0.8653 acc0 0.097 backoffs 0 perturbed 10,354 (4s)
  [pruned d=0.005 np lr=0.0035 s0] step 1000/2150 val 0.4002 test 0.4207 loss 1.958 bo 0 (2s)
  [pruned d=0.005 np lr=0.0035 s0] step 2000/2150 val 0.7472 test 0.7608 loss 0.923 bo 0 (4s)
  [pruned d=0.005 np lr=0.0035 s0] step 2150/2150 val 0.7470 test 0.7607 loss 0.947 bo 0 (4s)
  -> results\p3\h3lr\pruned_d0.005\np_lr0.0035.json val 0.7472 test 0.7608 acc0 0.097 backoffs 0 perturbed 10,354 (4s)
  [pruned d=0.005 np lr=0.0017 s0] step 1000/2150 val 0.1094 test 0.1135 loss 2.295 bo 0 (2s)
  [pruned d=0.005 np lr=0.0017 s0] step 2000/2150 val 0.1438 test 0.1549 loss 2.289 bo 0 (4s)
  [pruned d=0.005 np lr=0.0017 s0] step 2150/2150 val 0.1452 test 0.1561 loss 2.288 bo 0 (5s)
  -> results\p3\h3lr\pruned_d0.005\np_lr0.0017.json val 0.1447 test 0.1557 acc0 0.097 backoffs 0 perturbed 10,354 (5s)
  [pruned d=0.005 np lr=0.0008 s0] step 1000/2150 val 0.1094 test 0.1135 loss 2.298 bo 0 (2s)
  [pruned d=0.005 np lr=0.0008 s0] step 2000/2150 val 0.1094 test 0.1135 loss 2.300 bo 0 (4s)
  [pruned d=0.005 np lr=0.0008 s0] step 2150/2150 val 0.1094 test 0.1135 loss 2.302 bo 0 (4s)
  -> results\p3\h3lr\pruned_d0.005\np_lr0.0008.json val 0.1094 test 0.1135 acc0 0.097 backoffs 0 perturbed 10,354 (4s)
  [pruned d=0.005 np lr=0.0004 s0] step 1000/2150 val 0.1094 test 0.1135 loss 2.299 bo 0 (2s)
  [pruned d=0.005 np lr=0.0004 s0] step 2000/2150 val 0.1094 test 0.1135 loss 2.300 bo 0 (4s)
  [pruned d=0.005 np lr=0.0004 s0] step 2150/2150 val 0.1094 test 0.1135 loss 2.302 bo 0 (4s)
  -> results\p3\h3lr\pruned_d0.005\np_lr0.0004.json val 0.1094 test 0.1135 acc0 0.097 backoffs 0 perturbed 10,354 (4s)
  [pruned d=0.005 np lr=0.0002 s0] step 1000/2150 val 0.1094 test 0.1135 loss 2.299 bo 0 (2s)
  [pruned d=0.005 np lr=0.0002 s0] step 2000/2150 val 0.1094 test 0.1135 loss 2.300 bo 0 (4s)
  [pruned d=0.005 np lr=0.0002 s0] step 2150/2150 val 0.1094 test 0.1135 loss 2.302 bo 0 (4s)
  -> results\p3\h3lr\pruned_d0.005\np_lr0.0002.json val 0.1094 test 0.1135 acc0 0.097 backoffs 0 perturbed 10,354 (4s)
  [pruned d=0.005 np lr=0.0001 s0] step 1000/2150 val 0.1104 test 0.1165 loss 2.299 bo 0 (2s)
  [pruned d=0.005 np lr=0.0001 s0] step 2000/2150 val 0.1096 test 0.1135 loss 2.300 bo 0 (4s)
  [pruned d=0.005 np lr=0.0001 s0] step 2150/2150 val 0.1096 test 0.1135 loss 2.302 bo 0 (4s)
  -> results\p3\h3lr\pruned_d0.005\np_lr0.0001.json val 0.1096 test 0.1135 acc0 0.097 backoffs 0 perturbed 10,354 (4s)
[lr3] pruned_d0.005/np -> (0.007, 0.8494, 0)
  [pruned d=0.005 fg s0] diverged at step 300: restore + lr -> 0.015 (backoff 1)
  [pruned d=0.005 fg s0] diverged at step 400: restore + lr -> 0.0075 (backoff 2)
  [pruned d=0.005 fg s0] diverged at step 600: restore + lr -> 0.00375 (backoff 3)
  [pruned d=0.005 fg s0] diverged at step 600: restore + lr -> 0.001875 (backoff 4)
  [pruned d=0.005 fg s0] diverged at step 600: restore + lr -> 0.0009375 (backoff 5)
  [pruned d=0.005 fg s0] FAILED after 5 backoffs at step 602
  -> results\p3\h3lr\pruned_d0.005\fg_lr0.03.json val 0.4440 test 0.4452 acc0 0.097 backoffs 6 perturbed 10,354 (20s)
  [pruned d=0.005 fg s0] diverged at step 600: restore + lr -> 0.0075 (backoff 1)
  [pruned d=0.005 fg s0] diverged at step 600: restore + lr -> 0.00375 (backoff 2)
  [pruned d=0.005 fg s0] diverged at step 600: restore + lr -> 0.001875 (backoff 3)
  [pruned d=0.005 fg s0] diverged at step 600: restore + lr -> 0.0009375 (backoff 4)
  [pruned d=0.005 fg s0] diverged at step 600: restore + lr -> 0.00046875 (backoff 5)
  [pruned d=0.005 fg s0] FAILED after 5 backoffs at step 601
  -> results\p3\h3lr\pruned_d0.005\fg_lr0.015.json val 0.2693 test 0.2665 acc0 0.097 backoffs 6 perturbed 10,354 (16s)
  [pruned d=0.005 fg lr=0.007 s0] step 1000/2150 val 0.7016 test 0.7048 loss 1.005 bo 0 (26s)
  [pruned d=0.005 fg lr=0.007 s0] step 2000/2150 val 0.8438 test 0.8609 loss 0.414 bo 0 (52s)
  [pruned d=0.005 fg lr=0.007 s0] step 2150/2150 val 0.8440 test 0.8617 loss 0.506 bo 0 (56s)
  -> results\p3\h3lr\pruned_d0.005\fg_lr0.007.json val 0.8440 test 0.8614 acc0 0.097 backoffs 0 perturbed 10,354 (56s)
  [pruned d=0.005 fg lr=0.0035 s0] step 1000/2150 val 0.1094 test 0.1135 loss 2.276 bo 0 (26s)
  [pruned d=0.005 fg lr=0.0035 s0] step 2000/2150 val 0.4466 test 0.4621 loss 2.193 bo 0 (52s)
  [pruned d=0.005 fg lr=0.0035 s0] step 2150/2150 val 0.4474 test 0.4631 loss 2.206 bo 0 (56s)
  -> results\p3\h3lr\pruned_d0.005\fg_lr0.0035.json val 0.4471 test 0.4627 acc0 0.097 backoffs 0 perturbed 10,354 (56s)
  [pruned d=0.005 fg lr=0.0017 s0] step 1000/2150 val 0.1094 test 0.1135 loss 2.291 bo 0 (26s)
  [pruned d=0.005 fg lr=0.0017 s0] step 2000/2150 val 0.1094 test 0.1135 loss 2.296 bo 0 (52s)
  [pruned d=0.005 fg lr=0.0017 s0] step 2150/2150 val 0.1094 test 0.1135 loss 2.297 bo 0 (56s)
  -> results\p3\h3lr\pruned_d0.005\fg_lr0.0017.json val 0.1094 test 0.1135 acc0 0.097 backoffs 0 perturbed 10,354 (56s)
