==== p3 chain2 start 2026-10-07  6:10:33.77 
W1007 06:10:35.598000 70176 .venv\Lib\site-packages\torch\utils\flop_counter.py:29] triton not found; flop counting will not work for triton kernels
==== stage h2v2 start 06:10:36
  [pruned d=0.005 bp lr=0.1 s0] step 1000/7035 acc 0.9718 loss 0.263 (2s)
  [pruned d=0.005 bp lr=0.1 s0] step 2000/7035 acc 0.9772 loss 0.097 (4s)
  [pruned d=0.005 bp lr=0.1 s0] step 3000/7035 acc 0.9790 loss 0.048 (6s)
  [pruned d=0.005 bp lr=0.1 s0] step 4000/7035 acc 0.9786 loss 0.013 (8s)
  [pruned d=0.005 bp lr=0.1 s0] step 5000/7035 acc 0.9788 loss 0.005 (10s)
  [pruned d=0.005 bp lr=0.1 s0] step 6000/7035 acc 0.9795 loss 0.012 (11s)
  [pruned d=0.005 bp lr=0.1 s0] step 7000/7035 acc 0.9796 loss 0.031 (13s)
  [pruned d=0.005 bp lr=0.1 s0] step 7035/7035 acc 0.9796 loss 0.014 (13s)
  -> results\p3\h2v2\pruned_d0.005\bp\seed0_try0.json final 0.9796 alive 861/2048 active 9,308 (13s)
[v2] pruned_d0.005/bp s0: lr 0.1 (attempt 0) final 0.9796
  [pruned d=0.005 dfa lr=0.01 s0] step 1000/7035 acc 0.9060 loss 0.704 (1s)
  [pruned d=0.005 dfa lr=0.01 s0] step 2000/7035 acc 0.9299 loss 0.217 (3s)
  [pruned d=0.005 dfa lr=0.01 s0] step 3000/7035 acc 0.9420 loss 0.368 (4s)
  [pruned d=0.005 dfa lr=0.01 s0] step 4000/7035 acc 0.9440 loss 0.151 (6s)
  [pruned d=0.005 dfa lr=0.01 s0] step 5000/7035 acc 0.9488 loss 0.142 (7s)
  [pruned d=0.005 dfa lr=0.01 s0] step 6000/7035 acc 0.9472 loss 0.126 (9s)
  [pruned d=0.005 dfa lr=0.01 s0] step 7000/7035 acc 0.9501 loss 0.210 (10s)
  [pruned d=0.005 dfa lr=0.01 s0] step 7035/7035 acc 0.9501 loss 0.147 (10s)
  -> results\p3\h2v2\pruned_d0.005\dfa\seed0_try0.json final 0.9501 alive 861/2048 active 9,308 (10s)
[v2] pruned_d0.005/dfa s0: lr 0.01 (attempt 0) final 0.9501
  [pruned d=0.005 np lr=0.003 s0] step 1000/7035 acc 0.3807 loss 2.092 (2s)
  [pruned d=0.005 np lr=0.003 s0] step 2000/7035 acc 0.7839 loss 0.709 (4s)
  [pruned d=0.005 np lr=0.003 s0] step 3000/7035 acc 0.8412 loss 0.613 (6s)
  [pruned d=0.005 np lr=0.003 s0] step 4000/7035 acc 0.8694 loss 0.441 (8s)
  [pruned d=0.005 np lr=0.003 s0] step 5000/7035 acc 0.8806 loss 0.280 (10s)
  [pruned d=0.005 np lr=0.003 s0] step 6000/7035 acc 0.8891 loss 0.391 (12s)
  [pruned d=0.005 np lr=0.003 s0] step 7000/7035 acc 0.8910 loss 0.279 (14s)
  [pruned d=0.005 np lr=0.003 s0] step 7035/7035 acc 0.8910 loss 0.461 (14s)
  -> results\p3\h2v2\pruned_d0.005\np\seed0_try0.json final 0.8910 alive 861/2048 active 9,308 (14s)
[v2] pruned_d0.005/np s0: lr 0.003 (attempt 0) final 0.8910
  [pruned d=0.005 fg lr=0.003 s0] step 1000/7035 acc 0.1135 loss 2.292 (28s)
  [pruned d=0.005 fg lr=0.003 s0] step 2000/7035 acc 0.5683 loss 1.605 (57s)
  [pruned d=0.005 fg lr=0.003 s0] step 3000/7035 acc 0.8334 loss 0.601 (87s)
  [pruned d=0.005 fg lr=0.003 s0] step 4000/7035 acc 0.8833 loss 0.489 (116s)
  [pruned d=0.005 fg lr=0.003 s0] step 5000/7035 acc 0.8967 loss 0.318 (145s)
  [pruned d=0.005 fg lr=0.003 s0] step 6000/7035 acc 0.9007 loss 0.387 (174s)
  [pruned d=0.005 fg lr=0.003 s0] step 7000/7035 acc 0.9020 loss 0.270 (205s)
  [pruned d=0.005 fg lr=0.003 s0] step 7035/7035 acc 0.9020 loss 0.437 (206s)
  -> results\p3\h2v2\pruned_d0.005\fg\seed0_try0.json final 0.9020 alive 861/2048 active 9,308 (206s)
[v2] pruned_d0.005/fg s0: lr 0.003 (attempt 0) final 0.9020
  [pruned d=0.005 wp lr=0.003 s0] step 1000/7035 acc 0.1135 loss 2.292 (17s)
  [pruned d=0.005 wp lr=0.003 s0] step 2000/7035 acc 0.5706 loss 1.613 (32s)
  [pruned d=0.005 wp lr=0.003 s0] step 3000/7035 acc 0.8340 loss 0.601 (48s)
  [pruned d=0.005 wp lr=0.003 s0] step 4000/7035 acc 0.8839 loss 0.490 (64s)
  [pruned d=0.005 wp lr=0.003 s0] step 5000/7035 acc 0.8963 loss 0.308 (80s)
  [pruned d=0.005 wp lr=0.003 s0] step 6000/7035 acc 0.9035 loss 0.387 (94s)
  [pruned d=0.005 wp lr=0.003 s0] step 7000/7035 acc 0.9034 loss 0.276 (110s)
  [pruned d=0.005 wp lr=0.003 s0] step 7035/7035 acc 0.9034 loss 0.445 (110s)
  -> results\p3\h2v2\pruned_d0.005\wp\seed0_try0.json final 0.9034 alive 861/2048 active 9,308 (110s)
[v2] pruned_d0.005/wp s0: lr 0.003 (attempt 0) final 0.9034
  [dense_small d=0.005 bp lr=0.01 s0] step 1000/7035 acc 0.9170 loss 0.607 (1s)
  [dense_small d=0.005 bp lr=0.01 s0] step 2000/7035 acc 0.9369 loss 0.213 (3s)
  [dense_small d=0.005 bp lr=0.01 s0] step 3000/7035 acc 0.9421 loss 0.269 (4s)
  [dense_small d=0.005 bp lr=0.01 s0] step 4000/7035 acc 0.9413 loss 0.168 (6s)
  [dense_small d=0.005 bp lr=0.01 s0] step 5000/7035 acc 0.9480 loss 0.080 (8s)
  [dense_small d=0.005 bp lr=0.01 s0] step 6000/7035 acc 0.9492 loss 0.108 (9s)
  [dense_small d=0.005 bp lr=0.01 s0] step 7000/7035 acc 0.9499 loss 0.237 (11s)
  [dense_small d=0.005 bp lr=0.01 s0] step 7035/7035 acc 0.9499 loss 0.170 (11s)
  -> results\p3\h2v2\dense_small_d0.005\bp\seed0_try0.json final 0.9499 alive 24/24 active 9,672 (11s)
[v2] dense_small_d0.005/bp s0: lr 0.01 (attempt 0) final 0.9499
  [dense_small d=0.005 dfa lr=0.003 s0] step 1000/7035 acc 0.8573 loss 1.179 (1s)
  [dense_small d=0.005 dfa lr=0.003 s0] step 2000/7035 acc 0.8641 loss 0.342 (3s)
  [dense_small d=0.005 dfa lr=0.003 s0] step 3000/7035 acc 0.8921 loss 0.662 (4s)
  [dense_small d=0.005 dfa lr=0.003 s0] step 4000/7035 acc 0.8925 loss 0.492 (5s)
  [dense_small d=0.005 dfa lr=0.003 s0] step 5000/7035 acc 0.9026 loss 0.176 (6s)
  [dense_small d=0.005 dfa lr=0.003 s0] step 6000/7035 acc 0.9144 loss 0.192 (8s)
  [dense_small d=0.005 dfa lr=0.003 s0] step 7000/7035 acc 0.9155 loss 0.396 (9s)
  [dense_small d=0.005 dfa lr=0.003 s0] step 7035/7035 acc 0.9155 loss 0.327 (9s)
  -> results\p3\h2v2\dense_small_d0.005\dfa\seed0_try0.json final 0.9155 alive 24/24 active 9,672 (9s)
[v2] dense_small_d0.005/dfa s0: lr 0.003 (attempt 0) final 0.9155
  [dense_small d=0.005 np lr=0.001 s0] step 1000/7035 acc 0.7940 loss 0.744 (2s)
  [dense_small d=0.005 np lr=0.001 s0] step 2000/7035 acc 0.8499 loss 0.466 (3s)
  [dense_small d=0.005 np lr=0.001 s0] step 3000/7035 acc 0.8699 loss 0.556 (5s)
  [dense_small d=0.005 np lr=0.001 s0] step 4000/7035 acc 0.8891 loss 0.360 (7s)
  [dense_small d=0.005 np lr=0.001 s0] step 5000/7035 acc 0.8979 loss 0.216 (9s)
  [dense_small d=0.005 np lr=0.001 s0] step 6000/7035 acc 0.8985 loss 0.277 (10s)
  [dense_small d=0.005 np lr=0.001 s0] step 7000/7035 acc 0.9003 loss 0.242 (12s)
  [dense_small d=0.005 np lr=0.001 s0] step 7035/7035 acc 0.9003 loss 0.327 (12s)
  -> results\p3\h2v2\dense_small_d0.005\np\seed0_try0.json final 0.9003 alive 24/24 active 9,672 (12s)
[v2] dense_small_d0.005/np s0: lr 0.001 (attempt 0) final 0.9003
  [dense_small d=0.005 fg lr=0.0003 s0] step 1000/7035 acc 0.5996 loss 1.582 (14s)
  [dense_small d=0.005 fg lr=0.0003 s0] step 2000/7035 acc 0.7981 loss 0.615 (28s)
  [dense_small d=0.005 fg lr=0.0003 s0] step 3000/7035 acc 0.8277 loss 0.573 (42s)
  [dense_small d=0.005 fg lr=0.0003 s0] step 4000/7035 acc 0.8413 loss 0.512 (56s)
  [dense_small d=0.005 fg lr=0.0003 s0] step 5000/7035 acc 0.8469 loss 0.552 (70s)
  [dense_small d=0.005 fg lr=0.0003 s0] step 6000/7035 acc 0.8532 loss 0.409 (84s)
  [dense_small d=0.005 fg lr=0.0003 s0] step 7000/7035 acc 0.8522 loss 0.459 (98s)
  [dense_small d=0.005 fg lr=0.0003 s0] step 7035/7035 acc 0.8522 loss 0.653 (98s)
  -> results\p3\h2v2\dense_small_d0.005\fg\seed0_try0.json final 0.8522 alive 24/24 active 9,672 (98s)
[v2] dense_small_d0.005/fg s0: lr 0.0003 (attempt 0) final 0.8522
  [dense_small d=0.005 wp lr=0.0003 s0] step 1000/7035 acc 0.6077 loss 1.569 (13s)
  [dense_small d=0.005 wp lr=0.0003 s0] step 2000/7035 acc 0.7962 loss 0.628 (27s)
  [dense_small d=0.005 wp lr=0.0003 s0] step 3000/7035 acc 0.8281 loss 0.591 (40s)
  [dense_small d=0.005 wp lr=0.0003 s0] step 4000/7035 acc 0.8400 loss 0.528 (53s)
  [dense_small d=0.005 wp lr=0.0003 s0] step 5000/7035 acc 0.8459 loss 0.561 (67s)
  [dense_small d=0.005 wp lr=0.0003 s0] step 6000/7035 acc 0.8510 loss 0.420 (80s)
  [dense_small d=0.005 wp lr=0.0003 s0] step 7000/7035 acc 0.8510 loss 0.467 (93s)
  [dense_small d=0.005 wp lr=0.0003 s0] step 7035/7035 acc 0.8510 loss 0.665 (94s)
  -> results\p3\h2v2\dense_small_d0.005\wp\seed0_try0.json final 0.8510 alive 24/24 active 9,672 (94s)
[v2] dense_small_d0.005/wp s0: lr 0.0003 (attempt 0) final 0.8510
  [random_mask d=0.005 bp lr=0.3 s0] step 1000/7035 acc 0.8699 loss 0.778 (2s)
  [random_mask d=0.005 bp lr=0.3 s0] step 2000/7035 acc 0.8851 loss 0.375 (4s)
  [random_mask d=0.005 bp lr=0.3 s0] step 3000/7035 acc 0.9088 loss 0.443 (5s)
  [random_mask d=0.005 bp lr=0.3 s0] step 4000/7035 acc 0.9195 loss 0.228 (7s)
  [random_mask d=0.005 bp lr=0.3 s0] step 5000/7035 acc 0.9246 loss 0.181 (9s)
  [random_mask d=0.005 bp lr=0.3 s0] step 6000/7035 acc 0.9268 loss 0.160 (11s)
  [random_mask d=0.005 bp lr=0.3 s0] step 7000/7035 acc 0.9287 loss 0.253 (12s)
  [random_mask d=0.005 bp lr=0.3 s0] step 7035/7035 acc 0.9287 loss 0.197 (12s)
  -> results\p3\h2v2\random_mask_d0.005\bp\seed0_try0.json final 0.9287 alive 1508/2048 active 9,308 (12s)
[v2] random_mask_d0.005/bp s0: lr 0.3 (attempt 0) final 0.9287
  [random_mask d=0.005 dfa lr=0.003 s0] step 1000/7035 acc 0.5986 loss 1.354 (1s)
  [random_mask d=0.005 dfa lr=0.003 s0] step 2000/7035 acc 0.7081 loss 1.766 (3s)
  [random_mask d=0.005 dfa lr=0.003 s0] step 3000/7035 acc 0.6932 loss 3.093 (4s)
  [random_mask d=0.005 dfa lr=0.003 s0] step 4000/7035 acc 0.7406 loss 12.334 (5s)
  [random_mask d=0.005 dfa lr=0.003 s0] step 5000/7035 acc 0.7456 loss 1.692 (7s)
  [random_mask d=0.005 dfa lr=0.003 s0] step 6000/7035 acc 0.7720 loss 0.587 (8s)
  [random_mask d=0.005 dfa lr=0.003 s0] step 7000/7035 acc 0.7762 loss 0.638 (10s)
  [random_mask d=0.005 dfa lr=0.003 s0] step 7035/7035 acc 0.7762 loss 0.798 (10s)
  -> results\p3\h2v2\random_mask_d0.005\dfa\seed0_try0.json final 0.7762 alive 1508/2048 active 9,308 (10s)
[v2] random_mask_d0.005/dfa s0: lr 0.003 (attempt 0) final 0.7762
  [random_mask d=0.005 np lr=0.01 s0] step 1000/7035 acc 0.4264 loss 1.761 (2s)
  [random_mask d=0.005 np lr=0.01 s0] step 2000/7035 acc 0.1653 loss 3468.213 (4s)
  [random_mask d=0.005 np lr=0.01 s0] step 2006/7035 acc 0.0000 loss nan (4s) DIVERGED
  -> results\p3\h2v2\random_mask_d0.005\np\seed0_try0.json final 0.0000 alive 1508/2048 active 9,308 (4s)
  [random_mask d=0.005 np lr=0.00333333 s0] step 1000/7035 acc 0.1135 loss 2.302 (2s)
  [random_mask d=0.005 np lr=0.00333333 s0] step 2000/7035 acc 0.1780 loss 2.298 (4s)
  [random_mask d=0.005 np lr=0.00333333 s0] step 3000/7035 acc 0.3365 loss 2.240 (6s)
  [random_mask d=0.005 np lr=0.00333333 s0] step 4000/7035 acc 0.3876 loss 1.948 (8s)
  [random_mask d=0.005 np lr=0.00333333 s0] step 5000/7035 acc 0.4637 loss 1.695 (10s)
  [random_mask d=0.005 np lr=0.00333333 s0] step 6000/7035 acc 0.5049 loss 1.413 (11s)
  [random_mask d=0.005 np lr=0.00333333 s0] step 7000/7035 acc 0.5109 loss 1.498 (13s)
  [random_mask d=0.005 np lr=0.00333333 s0] step 7035/7035 acc 0.5109 loss 1.470 (14s)
  -> results\p3\h2v2\random_mask_d0.005\np\seed0_try1.json final 0.5109 alive 1508/2048 active 9,308 (14s)
[v2] random_mask_d0.005/np s0: lr 0.00333333 (attempt 1) final 0.5109
  [random_mask d=0.005 fg lr=0.01 s0] step 1000/7035 acc 0.2104 loss 2.201 (27s)
  [random_mask d=0.005 fg lr=0.01 s0] step 2000/7035 acc 0.6515 loss 1.441 (53s)
  [random_mask d=0.005 fg lr=0.01 s0] step 2284/7035 acc 0.0000 loss nan (61s) DIVERGED
  -> results\p3\h2v2\random_mask_d0.005\fg\seed0_try0.json final 0.0000 alive 1508/2048 active 9,308 (61s)
  [random_mask d=0.005 fg lr=0.00333333 s0] step 1000/7035 acc 0.1135 loss 2.303 (27s)
  [random_mask d=0.005 fg lr=0.00333333 s0] step 2000/7035 acc 0.1135 loss 2.302 (53s)
  [random_mask d=0.005 fg lr=0.00333333 s0] step 3000/7035 acc 0.1135 loss 2.292 (81s)
  [random_mask d=0.005 fg lr=0.00333333 s0] step 4000/7035 acc 0.1135 loss 2.300 (107s)
  [random_mask d=0.005 fg lr=0.00333333 s0] step 5000/7035 acc 0.1528 loss 2.280 (134s)
  [random_mask d=0.005 fg lr=0.00333333 s0] step 6000/7035 acc 0.2434 loss 2.266 (161s)
  [random_mask d=0.005 fg lr=0.00333333 s0] step 7000/7035 acc 0.2498 loss 2.264 (187s)
  [random_mask d=0.005 fg lr=0.00333333 s0] step 7035/7035 acc 0.2498 loss 2.270 (188s)
  -> results\p3\h2v2\random_mask_d0.005\fg\seed0_try1.json final 0.2498 alive 1508/2048 active 9,308 (188s)
[v2] random_mask_d0.005/fg s0: lr 0.00333333 (attempt 1) final 0.2498
  [random_mask d=0.005 wp lr=0.01 s0] step 1000/7035 acc 0.2188 loss 2.210 (15s)
  [random_mask d=0.005 wp lr=0.01 s0] step 2000/7035 acc 0.6333 loss 1.548 (30s)
  [random_mask d=0.005 wp lr=0.01 s0] step 3000/7035 acc 0.0977 loss 41960708764555389435904.000 (45s)
  [random_mask d=0.005 wp lr=0.01 s0] step 4000/7035 acc 0.0977 loss 41303250772953707577344.000 (59s)
  [random_mask d=0.005 wp lr=0.01 s0] step 5000/7035 acc 0.0977 loss 33858613689525741813760.000 (73s)
  [random_mask d=0.005 wp lr=0.01 s0] step 5885/7035 acc 0.0000 loss nan (86s) DIVERGED
  -> results\p3\h2v2\random_mask_d0.005\wp\seed0_try0.json final 0.0000 alive 1508/2048 active 9,308 (86s)
  [random_mask d=0.005 wp lr=0.00333333 s0] step 1000/7035 acc 0.1135 loss 2.303 (14s)
  [random_mask d=0.005 wp lr=0.00333333 s0] step 2000/7035 acc 0.1135 loss 2.302 (29s)
  [random_mask d=0.005 wp lr=0.00333333 s0] step 3000/7035 acc 0.1135 loss 2.292 (43s)
  [random_mask d=0.005 wp lr=0.00333333 s0] step 4000/7035 acc 0.1135 loss 2.300 (58s)
  [random_mask d=0.005 wp lr=0.00333333 s0] step 5000/7035 acc 0.1556 loss 2.279 (72s)
  [random_mask d=0.005 wp lr=0.00333333 s0] step 6000/7035 acc 0.2457 loss 2.265 (87s)
  [random_mask d=0.005 wp lr=0.00333333 s0] step 7000/7035 acc 0.2517 loss 2.264 (102s)
  [random_mask d=0.005 wp lr=0.00333333 s0] step 7035/7035 acc 0.2517 loss 2.269 (102s)
  -> results\p3\h2v2\random_mask_d0.005\wp\seed0_try1.json final 0.2517 alive 1508/2048 active 9,308 (102s)
[v2] random_mask_d0.005/wp s0: lr 0.00333333 (attempt 1) final 0.2517
  [dense d=1 bp lr=0.03 s0] step 1000/7035 acc 0.9706 loss 0.168 (1s)
  [dense d=1 bp lr=0.03 s0] step 2000/7035 acc 0.9821 loss 0.010 (3s)
  [dense d=1 bp lr=0.03 s0] step 3000/7035 acc 0.9840 loss 0.004 (4s)
  [dense d=1 bp lr=0.03 s0] step 4000/7035 acc 0.9841 loss 0.001 (6s)
  [dense d=1 bp lr=0.03 s0] step 5000/7035 acc 0.9848 loss 0.000 (7s)
  [dense d=1 bp lr=0.03 s0] step 6000/7035 acc 0.9847 loss 0.001 (8s)
  [dense d=1 bp lr=0.03 s0] step 7000/7035 acc 0.9847 loss 0.001 (10s)
  [dense d=1 bp lr=0.03 s0] step 7035/7035 acc 0.9847 loss 0.001 (10s)
  -> results\p3\h2v2\dense_d1\bp\seed0_try0.json final 0.9847 alive 2048/2048 active 1,861,632 (10s)
[v2] dense_d1/bp s0: lr 0.03 (attempt 0) final 0.9847
  [dense d=1 dfa lr=0.001 s0] step 1000/7035 acc 0.9356 loss 0.533 (1s)
  [dense d=1 dfa lr=0.001 s0] step 2000/7035 acc 0.9623 loss 0.131 (3s)
  [dense d=1 dfa lr=0.001 s0] step 3000/7035 acc 0.9681 loss 0.170 (4s)
  [dense d=1 dfa lr=0.001 s0] step 4000/7035 acc 0.9726 loss 0.065 (5s)
  [dense d=1 dfa lr=0.001 s0] step 5000/7035 acc 0.9748 loss 0.032 (6s)
  [dense d=1 dfa lr=0.001 s0] step 6000/7035 acc 0.9756 loss 0.020 (8s)
  [dense d=1 dfa lr=0.001 s0] step 7000/7035 acc 0.9755 loss 0.129 (9s)
  [dense d=1 dfa lr=0.001 s0] step 7035/7035 acc 0.9755 loss 0.036 (9s)
  -> results\p3\h2v2\dense_d1\dfa\seed0_try0.json final 0.9755 alive 2048/2048 active 1,861,632 (9s)
[v2] dense_d1/dfa s0: lr 0.001 (attempt 0) final 0.9755
  [dense d=1 np lr=0.0001 s0] step 1000/7035 acc 0.7339 loss 1.740 (2s)
  [dense d=1 np lr=0.0001 s0] step 2000/7035 acc 0.8169 loss 0.968 (3s)
  [dense d=1 np lr=0.0001 s0] step 3000/7035 acc 0.8467 loss 0.762 (5s)
  [dense d=1 np lr=0.0001 s0] step 4000/7035 acc 0.8565 loss 0.602 (7s)
  [dense d=1 np lr=0.0001 s0] step 5000/7035 acc 0.8684 loss 0.424 (8s)
  [dense d=1 np lr=0.0001 s0] step 6000/7035 acc 0.8724 loss 0.470 (10s)
  [dense d=1 np lr=0.0001 s0] step 7000/7035 acc 0.8721 loss 0.471 (12s)
  [dense d=1 np lr=0.0001 s0] step 7035/7035 acc 0.8721 loss 0.536 (12s)
  -> results\p3\h2v2\dense_d1\np\seed0_try0.json final 0.8721 alive 2048/2048 active 1,861,632 (12s)
[v2] dense_d1/np s0: lr 0.0001 (attempt 0) final 0.8721
  [dense d=1 fg lr=0.0001 s0] step 1000/7035 acc 0.7153 loss 1.666 (15s)
  [dense d=1 fg lr=0.0001 s0] step 2000/7035 acc 0.8472 loss 0.855 (29s)
  [dense d=1 fg lr=0.0001 s0] step 3000/7035 acc 0.8722 loss 0.567 (43s)
  [dense d=1 fg lr=0.0001 s0] step 4000/7035 acc 0.8856 loss 0.569 (57s)
  [dense d=1 fg lr=0.0001 s0] step 5000/7035 acc 0.8925 loss 0.405 (71s)
  [dense d=1 fg lr=0.0001 s0] step 6000/7035 acc 0.8939 loss 0.431 (86s)
  [dense d=1 fg lr=0.0001 s0] step 7000/7035 acc 0.8941 loss 0.332 (100s)
  [dense d=1 fg lr=0.0001 s0] step 7035/7035 acc 0.8941 loss 0.481 (100s)
  -> results\p3\h2v2\dense_d1\fg\seed0_try0.json final 0.8941 alive 2048/2048 active 1,861,632 (100s)
[v2] dense_d1/fg s0: lr 0.0001 (attempt 0) final 0.8941
  [dense d=1 wp lr=0.0001 s0] step 1000/7035 acc 0.7114 loss 1.673 (13s)
  [dense d=1 wp lr=0.0001 s0] step 2000/7035 acc 0.8457 loss 0.858 (26s)
  [dense d=1 wp lr=0.0001 s0] step 3000/7035 acc 0.8755 loss 0.564 (39s)
  [dense d=1 wp lr=0.0001 s0] step 4000/7035 acc 0.8877 loss 0.572 (52s)
  [dense d=1 wp lr=0.0001 s0] step 5000/7035 acc 0.8936 loss 0.403 (65s)
  [dense d=1 wp lr=0.0001 s0] step 6000/7035 acc 0.8961 loss 0.436 (78s)
  [dense d=1 wp lr=0.0001 s0] step 7000/7035 acc 0.8963 loss 0.332 (90s)
  [dense d=1 wp lr=0.0001 s0] step 7035/7035 acc 0.8963 loss 0.494 (91s)
  -> results\p3\h2v2\dense_d1\wp\seed0_try0.json final 0.8963 alive 2048/2048 active 1,861,632 (91s)
[v2] dense_d1/wp s0: lr 0.0001 (attempt 0) final 0.8963
  [pruned d=0.01 bp lr=0.1 s0] step 1000/7035 acc 0.9777 loss 0.141 (2s)
  [pruned d=0.01 bp lr=0.1 s0] step 2000/7035 acc 0.9818 loss 0.033 (4s)
  [pruned d=0.01 bp lr=0.1 s0] step 3000/7035 acc 0.9814 loss 0.013 (6s)
  [pruned d=0.01 bp lr=0.1 s0] step 4000/7035 acc 0.9821 loss 0.009 (8s)
  [pruned d=0.01 bp lr=0.1 s0] step 5000/7035 acc 0.9826 loss 0.003 (10s)
  [pruned d=0.01 bp lr=0.1 s0] step 6000/7035 acc 0.9822 loss 0.002 (12s)
  [pruned d=0.01 bp lr=0.1 s0] step 7000/7035 acc 0.9823 loss 0.010 (13s)
  [pruned d=0.01 bp lr=0.1 s0] step 7035/7035 acc 0.9823 loss 0.003 (13s)
  -> results\p3\h2v2\pruned_d0.01\bp\seed0_try0.json final 0.9823 alive 1150/2048 active 18,616 (13s)
[v2] pruned_d0.01/bp s0: lr 0.1 (attempt 0) final 0.9823
  [pruned d=0.01 dfa lr=0.01 s0] step 1000/7035 acc 0.9302 loss 0.520 (1s)
  [pruned d=0.01 dfa lr=0.01 s0] step 2000/7035 acc 0.9516 loss 0.205 (3s)
  [pruned d=0.01 dfa lr=0.01 s0] step 3000/7035 acc 0.9579 loss 0.209 (4s)
  [pruned d=0.01 dfa lr=0.01 s0] step 4000/7035 acc 0.9596 loss 0.079 (6s)
  [pruned d=0.01 dfa lr=0.01 s0] step 5000/7035 acc 0.9608 loss 0.068 (7s)
  [pruned d=0.01 dfa lr=0.01 s0] step 6000/7035 acc 0.9619 loss 0.066 (8s)
  [pruned d=0.01 dfa lr=0.01 s0] step 7000/7035 acc 0.9623 loss 0.124 (10s)
  [pruned d=0.01 dfa lr=0.01 s0] step 7035/7035 acc 0.9623 loss 0.056 (10s)
  -> results\p3\h2v2\pruned_d0.01\dfa\seed0_try0.json final 0.9623 alive 1150/2048 active 18,616 (10s)
[v2] pruned_d0.01/dfa s0: lr 0.01 (attempt 0) final 0.9623
  [pruned d=0.01 np lr=0.003 s0] step 1000/7035 acc 0.5743 loss 1.413 (2s)
  [pruned d=0.01 np lr=0.003 s0] step 2000/7035 acc 0.8289 loss 0.600 (4s)
  [pruned d=0.01 np lr=0.003 s0] step 3000/7035 acc 0.8109 loss 0.859 (6s)
  [pruned d=0.01 np lr=0.003 s0] step 4000/7035 acc 0.8682 loss 0.509 (8s)
  [pruned d=0.01 np lr=0.003 s0] step 5000/7035 acc 0.8895 loss 0.276 (10s)
  [pruned d=0.01 np lr=0.003 s0] step 6000/7035 acc 0.9108 loss 0.335 (12s)
  [pruned d=0.01 np lr=0.003 s0] step 7000/7035 acc 0.9126 loss 0.177 (14s)
  [pruned d=0.01 np lr=0.003 s0] step 7035/7035 acc 0.9126 loss 0.182 (14s)
  -> results\p3\h2v2\pruned_d0.01\np\seed0_try0.json final 0.9126 alive 1150/2048 active 18,616 (14s)
[v2] pruned_d0.01/np s0: lr 0.003 (attempt 0) final 0.9126
  [pruned d=0.01 fg lr=0.003 s0] step 1000/7035 acc 0.3670 loss 2.211 (27s)
  [pruned d=0.01 fg lr=0.003 s0] step 2000/7035 acc 0.8663 loss 0.602 (54s)
  [pruned d=0.01 fg lr=0.003 s0] step 3000/7035 acc 0.8642 loss 0.421 (81s)
  [pruned d=0.01 fg lr=0.003 s0] step 4000/7035 acc 0.8205 loss 0.926 (108s)
  [pruned d=0.01 fg lr=0.003 s0] step 5000/7035 acc 0.8325 loss 0.651 (135s)
  [pruned d=0.01 fg lr=0.003 s0] step 6000/7035 acc 0.8542 loss 0.855 (162s)
  [pruned d=0.01 fg lr=0.003 s0] step 7000/7035 acc 0.8598 loss 0.736 (189s)
  [pruned d=0.01 fg lr=0.003 s0] step 7035/7035 acc 0.8598 loss 1.062 (190s)
  -> results\p3\h2v2\pruned_d0.01\fg\seed0_try0.json final 0.8598 alive 1150/2048 active 18,616 (190s)
[v2] pruned_d0.01/fg s0: lr 0.003 (attempt 0) final 0.8598
  [pruned d=0.01 wp lr=0.003 s0] step 1000/7035 acc 0.3677 loss 2.211 (15s)
  [pruned d=0.01 wp lr=0.003 s0] step 2000/7035 acc 0.8671 loss 0.608 (30s)
  [pruned d=0.01 wp lr=0.003 s0] step 3000/7035 acc 0.8645 loss 0.419 (45s)
  [pruned d=0.01 wp lr=0.003 s0] step 4000/7035 acc 0.8490 loss 0.489 (60s)
  [pruned d=0.01 wp lr=0.003 s0] step 5000/7035 acc 0.8587 loss 0.650 (75s)
  [pruned d=0.01 wp lr=0.003 s0] step 6000/7035 acc 0.8788 loss 0.590 (90s)
  [pruned d=0.01 wp lr=0.003 s0] step 7000/7035 acc 0.8820 loss 0.370 (105s)
  [pruned d=0.01 wp lr=0.003 s0] step 7035/7035 acc 0.8820 loss 0.602 (105s)
  -> results\p3\h2v2\pruned_d0.01\wp\seed0_try0.json final 0.8820 alive 1150/2048 active 18,616 (105s)
[v2] pruned_d0.01/wp s0: lr 0.003 (attempt 0) final 0.8820
  [dense_small d=0.01 bp lr=0.03 s0] step 1000/7035 acc 0.9394 loss 0.380 (1s)
  [dense_small d=0.01 bp lr=0.03 s0] step 2000/7035 acc 0.9566 loss 0.091 (3s)
  [dense_small d=0.01 bp lr=0.03 s0] step 3000/7035 acc 0.9630 loss 0.118 (4s)
  [dense_small d=0.01 bp lr=0.03 s0] step 4000/7035 acc 0.9633 loss 0.062 (5s)
  [dense_small d=0.01 bp lr=0.03 s0] step 5000/7035 acc 0.9666 loss 0.047 (6s)
  [dense_small d=0.01 bp lr=0.03 s0] step 6000/7035 acc 0.9684 loss 0.032 (8s)
  [dense_small d=0.01 bp lr=0.03 s0] step 7000/7035 acc 0.9677 loss 0.103 (10s)
  [dense_small d=0.01 bp lr=0.03 s0] step 7035/7035 acc 0.9677 loss 0.086 (10s)
  -> results\p3\h2v2\dense_small_d0.01\bp\seed0_try0.json final 0.9677 alive 46/46 active 18,791 (10s)
[v2] dense_small_d0.01/bp s0: lr 0.03 (attempt 0) final 0.9677
  [dense_small d=0.01 dfa lr=0.003 s0] step 1000/7035 acc 0.9104 loss 0.636 (1s)
  [dense_small d=0.01 dfa lr=0.003 s0] step 2000/7035 acc 0.9302 loss 0.218 (3s)
  [dense_small d=0.01 dfa lr=0.003 s0] step 3000/7035 acc 0.9370 loss 0.306 (4s)
  [dense_small d=0.01 dfa lr=0.003 s0] step 4000/7035 acc 0.9394 loss 0.153 (5s)
  [dense_small d=0.01 dfa lr=0.003 s0] step 5000/7035 acc 0.9446 loss 0.089 (6s)
  [dense_small d=0.01 dfa lr=0.003 s0] step 6000/7035 acc 0.9449 loss 0.112 (8s)
  [dense_small d=0.01 dfa lr=0.003 s0] step 7000/7035 acc 0.9453 loss 0.244 (9s)
  [dense_small d=0.01 dfa lr=0.003 s0] step 7035/7035 acc 0.9453 loss 0.168 (9s)
  -> results\p3\h2v2\dense_small_d0.01\dfa\seed0_try0.json final 0.9453 alive 46/46 active 18,791 (9s)
[v2] dense_small_d0.01/dfa s0: lr 0.003 (attempt 0) final 0.9453
  [dense_small d=0.01 np lr=0.001 s0] step 1000/7035 acc 0.8488 loss 0.619 (2s)
  [dense_small d=0.01 np lr=0.001 s0] step 2000/7035 acc 0.8874 loss 0.361 (3s)
  [dense_small d=0.01 np lr=0.001 s0] step 3000/7035 acc 0.8924 loss 0.486 (5s)
  [dense_small d=0.01 np lr=0.001 s0] step 4000/7035 acc 0.9065 loss 0.322 (7s)
  [dense_small d=0.01 np lr=0.001 s0] step 5000/7035 acc 0.9142 loss 0.156 (8s)
  [dense_small d=0.01 np lr=0.001 s0] step 6000/7035 acc 0.9159 loss 0.216 (10s)
  [dense_small d=0.01 np lr=0.001 s0] step 7000/7035 acc 0.9193 loss 0.169 (12s)
  [dense_small d=0.01 np lr=0.001 s0] step 7035/7035 acc 0.9193 loss 0.205 (12s)
  -> results\p3\h2v2\dense_small_d0.01\np\seed0_try0.json final 0.9193 alive 46/46 active 18,791 (12s)
[v2] dense_small_d0.01/np s0: lr 0.001 (attempt 0) final 0.9193
  [dense_small d=0.01 fg lr=0.0003 s0] step 1000/7035 acc 0.6364 loss 1.376 (14s)
  [dense_small d=0.01 fg lr=0.0003 s0] step 2000/7035 acc 0.8315 loss 0.524 (29s)
  [dense_small d=0.01 fg lr=0.0003 s0] step 3000/7035 acc 0.8596 loss 0.489 (44s)
  [dense_small d=0.01 fg lr=0.0003 s0] step 4000/7035 acc 0.8728 loss 0.376 (58s)
  [dense_small d=0.01 fg lr=0.0003 s0] step 5000/7035 acc 0.8794 loss 0.464 (72s)
  [dense_small d=0.01 fg lr=0.0003 s0] step 6000/7035 acc 0.8807 loss 0.329 (87s)
  [dense_small d=0.01 fg lr=0.0003 s0] step 7000/7035 acc 0.8809 loss 0.386 (102s)
  [dense_small d=0.01 fg lr=0.0003 s0] step 7035/7035 acc 0.8809 loss 0.439 (102s)
  -> results\p3\h2v2\dense_small_d0.01\fg\seed0_try0.json final 0.8809 alive 46/46 active 18,791 (102s)
[v2] dense_small_d0.01/fg s0: lr 0.0003 (attempt 0) final 0.8809
  [dense_small d=0.01 wp lr=0.0003 s0] step 1000/7035 acc 0.6379 loss 1.380 (14s)
  [dense_small d=0.01 wp lr=0.0003 s0] step 2000/7035 acc 0.8310 loss 0.521 (27s)
  [dense_small d=0.01 wp lr=0.0003 s0] step 3000/7035 acc 0.8601 loss 0.490 (41s)
  [dense_small d=0.01 wp lr=0.0003 s0] step 4000/7035 acc 0.8739 loss 0.373 (55s)
  [dense_small d=0.01 wp lr=0.0003 s0] step 5000/7035 acc 0.8793 loss 0.462 (69s)
  [dense_small d=0.01 wp lr=0.0003 s0] step 6000/7035 acc 0.8800 loss 0.324 (83s)
  [dense_small d=0.01 wp lr=0.0003 s0] step 7000/7035 acc 0.8797 loss 0.385 (97s)
  [dense_small d=0.01 wp lr=0.0003 s0] step 7035/7035 acc 0.8797 loss 0.435 (97s)
  -> results\p3\h2v2\dense_small_d0.01\wp\seed0_try0.json final 0.8797 alive 46/46 active 18,791 (97s)
[v2] dense_small_d0.01/wp s0: lr 0.0003 (attempt 0) final 0.8797
  [random_mask d=0.01 bp lr=0.3 s0] step 1000/7035 acc 0.9119 loss 0.577 (2s)
  [random_mask d=0.01 bp lr=0.3 s0] step 2000/7035 acc 0.9415 loss 0.251 (4s)
  [random_mask d=0.01 bp lr=0.3 s0] step 3000/7035 acc 0.9559 loss 0.218 (6s)
  [random_mask d=0.01 bp lr=0.3 s0] step 4000/7035 acc 0.9583 loss 0.097 (8s)
  [random_mask d=0.01 bp lr=0.3 s0] step 5000/7035 acc 0.9610 loss 0.046 (10s)
  [random_mask d=0.01 bp lr=0.3 s0] step 6000/7035 acc 0.9610 loss 0.034 (12s)
  [random_mask d=0.01 bp lr=0.3 s0] step 7000/7035 acc 0.9625 loss 0.114 (13s)
  [random_mask d=0.01 bp lr=0.3 s0] step 7035/7035 acc 0.9625 loss 0.033 (13s)
  -> results\p3\h2v2\random_mask_d0.01\bp\seed0_try0.json final 0.9625 alive 1696/2048 active 18,616 (13s)
[v2] random_mask_d0.01/bp s0: lr 0.3 (attempt 0) final 0.9625
  [random_mask d=0.01 dfa lr=0.01 s0] step 1000/7035 acc 0.8704 loss 0.737 (1s)
  [random_mask d=0.01 dfa lr=0.01 s0] step 2000/7035 acc 0.8808 loss 0.415 (3s)
  [random_mask d=0.01 dfa lr=0.01 s0] step 3000/7035 acc 0.8922 loss 0.583 (4s)
  [random_mask d=0.01 dfa lr=0.01 s0] step 4000/7035 acc 0.8964 loss 0.362 (6s)
  [random_mask d=0.01 dfa lr=0.01 s0] step 5000/7035 acc 0.9056 loss 0.169 (7s)
  [random_mask d=0.01 dfa lr=0.01 s0] step 6000/7035 acc 0.9110 loss 0.211 (9s)
  [random_mask d=0.01 dfa lr=0.01 s0] step 7000/7035 acc 0.9133 loss 0.326 (10s)
  [random_mask d=0.01 dfa lr=0.01 s0] step 7035/7035 acc 0.9133 loss 0.379 (10s)
  -> results\p3\h2v2\random_mask_d0.01\dfa\seed0_try0.json final 0.9133 alive 1696/2048 active 18,616 (10s)
[v2] random_mask_d0.01/dfa s0: lr 0.01 (attempt 0) final 0.9133
  [random_mask d=0.01 np lr=0.003 s0] step 1000/7035 acc 0.1135 loss 2.300 (2s)
  [random_mask d=0.01 np lr=0.003 s0] step 2000/7035 acc 0.3282 loss 2.257 (4s)
  [random_mask d=0.01 np lr=0.003 s0] step 3000/7035 acc 0.5858 loss 1.437 (6s)
  [random_mask d=0.01 np lr=0.003 s0] step 4000/7035 acc 0.7329 loss 1.028 (8s)
  [random_mask d=0.01 np lr=0.003 s0] step 5000/7035 acc 0.7710 loss 0.572 (10s)
  [random_mask d=0.01 np lr=0.003 s0] step 6000/7035 acc 0.7830 loss 0.650 (11s)
  [random_mask d=0.01 np lr=0.003 s0] step 7000/7035 acc 0.7841 loss 0.631 (13s)
  [random_mask d=0.01 np lr=0.003 s0] step 7035/7035 acc 0.7841 loss 0.654 (13s)
  -> results\p3\h2v2\random_mask_d0.01\np\seed0_try0.json final 0.7841 alive 1696/2048 active 18,616 (13s)
[v2] random_mask_d0.01/np s0: lr 0.003 (attempt 0) final 0.7841
  [random_mask d=0.01 fg lr=0.003 s0] step 1000/7035 acc 0.1135 loss 2.302 (27s)
  [random_mask d=0.01 fg lr=0.003 s0] step 2000/7035 acc 0.1135 loss 2.299 (54s)
  [random_mask d=0.01 fg lr=0.003 s0] step 3000/7035 acc 0.1248 loss 2.263 (80s)
  [random_mask d=0.01 fg lr=0.003 s0] step 4000/7035 acc 0.3633 loss 2.158 (108s)
  [random_mask d=0.01 fg lr=0.003 s0] step 5000/7035 acc 0.4213 loss 1.991 (134s)
  [random_mask d=0.01 fg lr=0.003 s0] step 6000/7035 acc 0.4121 loss 1.946 (162s)
  [random_mask d=0.01 fg lr=0.003 s0] step 7000/7035 acc 0.4127 loss 1.906 (188s)
  [random_mask d=0.01 fg lr=0.003 s0] step 7035/7035 acc 0.4127 loss 1.960 (189s)
  -> results\p3\h2v2\random_mask_d0.01\fg\seed0_try0.json final 0.4127 alive 1696/2048 active 18,616 (189s)
[v2] random_mask_d0.01/fg s0: lr 0.003 (attempt 0) final 0.4127
  [random_mask d=0.01 wp lr=0.03 s0] step 489/7035 acc 0.0000 loss inf (7s) DIVERGED
  -> results\p3\h2v2\random_mask_d0.01\wp\seed0_try0.json final 0.0000 alive 1696/2048 active 18,616 (7s)
  [random_mask d=0.01 wp lr=0.01 s0] step 1000/7035 acc 0.5784 loss 1.693 (14s)
  [random_mask d=0.01 wp lr=0.01 s0] step 1374/7035 acc 0.0000 loss nan (20s) DIVERGED
  -> results\p3\h2v2\random_mask_d0.01\wp\seed0_try1.json final 0.0000 alive 1696/2048 active 18,616 (20s)
  [random_mask d=0.01 wp lr=0.003 s0] step 1000/7035 acc 0.1135 loss 2.302 (14s)
  [random_mask d=0.01 wp lr=0.003 s0] step 2000/7035 acc 0.1135 loss 2.299 (29s)
  [random_mask d=0.01 wp lr=0.003 s0] step 3000/7035 acc 0.1240 loss 2.263 (43s)
  [random_mask d=0.01 wp lr=0.003 s0] step 4000/7035 acc 0.3594 loss 2.157 (58s)
  [random_mask d=0.01 wp lr=0.003 s0] step 5000/7035 acc 0.4283 loss 1.988 (72s)
  [random_mask d=0.01 wp lr=0.003 s0] step 6000/7035 acc 0.4206 loss 1.943 (86s)
  [random_mask d=0.01 wp lr=0.003 s0] step 7000/7035 acc 0.4217 loss 1.903 (101s)
  [random_mask d=0.01 wp lr=0.003 s0] step 7035/7035 acc 0.4217 loss 1.959 (102s)
  -> results\p3\h2v2\random_mask_d0.01\wp\seed0_try2.json final 0.4217 alive 1696/2048 active 18,616 (102s)
[v2] random_mask_d0.01/wp s0: lr 0.003 (attempt 2) final 0.4217
  [pruned d=0.005 bp lr=0.1 s1] step 1000/7035 acc 0.9742 loss 0.061 (2s)
  [pruned d=0.005 bp lr=0.1 s1] step 2000/7035 acc 0.9758 loss 0.061 (4s)
  [pruned d=0.005 bp lr=0.1 s1] step 3000/7035 acc 0.9783 loss 0.056 (5s)
  [pruned d=0.005 bp lr=0.1 s1] step 4000/7035 acc 0.9790 loss 0.006 (7s)
  [pruned d=0.005 bp lr=0.1 s1] step 5000/7035 acc 0.9789 loss 0.051 (9s)
  [pruned d=0.005 bp lr=0.1 s1] step 6000/7035 acc 0.9792 loss 0.022 (11s)
  [pruned d=0.005 bp lr=0.1 s1] step 7000/7035 acc 0.9792 loss 0.041 (13s)
  [pruned d=0.005 bp lr=0.1 s1] step 7035/7035 acc 0.9792 loss 0.022 (13s)
  -> results\p3\h2v2\pruned_d0.005\bp\seed1_try0.json final 0.9792 alive 832/2048 active 9,308 (13s)
[v2] pruned_d0.005/bp s1: lr 0.1 (attempt 0) final 0.9792
  [pruned d=0.005 dfa lr=0.01 s1] step 1000/7035 acc 0.9006 loss 0.291 (1s)
  [pruned d=0.005 dfa lr=0.01 s1] step 2000/7035 acc 0.9337 loss 0.282 (3s)
  [pruned d=0.005 dfa lr=0.01 s1] step 3000/7035 acc 0.9395 loss 0.138 (4s)
  [pruned d=0.005 dfa lr=0.01 s1] step 4000/7035 acc 0.9408 loss 0.118 (6s)
  [pruned d=0.005 dfa lr=0.01 s1] step 5000/7035 acc 0.9464 loss 0.327 (7s)
  [pruned d=0.005 dfa lr=0.01 s1] step 6000/7035 acc 0.9515 loss 0.191 (9s)
  [pruned d=0.005 dfa lr=0.01 s1] step 7000/7035 acc 0.9514 loss 0.198 (10s)
  [pruned d=0.005 dfa lr=0.01 s1] step 7035/7035 acc 0.9514 loss 0.119 (10s)
  -> results\p3\h2v2\pruned_d0.005\dfa\seed1_try0.json final 0.9514 alive 832/2048 active 9,308 (10s)
[v2] pruned_d0.005/dfa s1: lr 0.01 (attempt 0) final 0.9514
  [pruned d=0.005 np lr=0.003 s1] step 1000/7035 acc 0.2156 loss 2.220 (2s)
  [pruned d=0.005 np lr=0.003 s1] step 2000/7035 acc 0.7771 loss 0.712 (4s)
  [pruned d=0.005 np lr=0.003 s1] step 3000/7035 acc 0.8319 loss 0.512 (6s)
  [pruned d=0.005 np lr=0.003 s1] step 4000/7035 acc 0.8588 loss 0.650 (8s)
  [pruned d=0.005 np lr=0.003 s1] step 5000/7035 acc 0.8777 loss 0.416 (10s)
  [pruned d=0.005 np lr=0.003 s1] step 6000/7035 acc 0.8841 loss 0.444 (12s)
  [pruned d=0.005 np lr=0.003 s1] step 7000/7035 acc 0.8854 loss 0.324 (14s)
  [pruned d=0.005 np lr=0.003 s1] step 7035/7035 acc 0.8854 loss 0.324 (14s)
  -> results\p3\h2v2\pruned_d0.005\np\seed1_try0.json final 0.8854 alive 832/2048 active 9,308 (14s)
[v2] pruned_d0.005/np s1: lr 0.003 (attempt 0) final 0.8854
  [pruned d=0.005 fg lr=0.003 s1] step 1000/7035 acc 0.1135 loss 2.284 (27s)
  [pruned d=0.005 fg lr=0.003 s1] step 2000/7035 acc 0.5689 loss 1.486 (53s)
  [pruned d=0.005 fg lr=0.003 s1] step 3000/7035 acc 0.8414 loss 0.566 (80s)
  [pruned d=0.005 fg lr=0.003 s1] step 4000/7035 acc 0.8787 loss 0.373 (107s)
  [pruned d=0.005 fg lr=0.003 s1] step 5000/7035 acc 0.8918 loss 0.448 (134s)
  [pruned d=0.005 fg lr=0.003 s1] step 6000/7035 acc 0.8984 loss 0.483 (161s)
  [pruned d=0.005 fg lr=0.003 s1] step 7000/7035 acc 0.8989 loss 0.338 (187s)
  [pruned d=0.005 fg lr=0.003 s1] step 7035/7035 acc 0.8989 loss 0.316 (188s)
  -> results\p3\h2v2\pruned_d0.005\fg\seed1_try0.json final 0.8989 alive 832/2048 active 9,308 (188s)
[v2] pruned_d0.005/fg s1: lr 0.003 (attempt 0) final 0.8989
  [pruned d=0.005 wp lr=0.003 s1] step 1000/7035 acc 0.1135 loss 2.284 (15s)
  [pruned d=0.005 wp lr=0.003 s1] step 2000/7035 acc 0.5649 loss 1.491 (30s)
  [pruned d=0.005 wp lr=0.003 s1] step 3000/7035 acc 0.8394 loss 0.571 (44s)
  [pruned d=0.005 wp lr=0.003 s1] step 4000/7035 acc 0.8772 loss 0.385 (59s)
  [pruned d=0.005 wp lr=0.003 s1] step 5000/7035 acc 0.8905 loss 0.456 (73s)
  [pruned d=0.005 wp lr=0.003 s1] step 6000/7035 acc 0.8975 loss 0.479 (88s)
  [pruned d=0.005 wp lr=0.003 s1] step 7000/7035 acc 0.8982 loss 0.344 (102s)
  [pruned d=0.005 wp lr=0.003 s1] step 7035/7035 acc 0.8982 loss 0.322 (103s)
  -> results\p3\h2v2\pruned_d0.005\wp\seed1_try0.json final 0.8982 alive 832/2048 active 9,308 (103s)
[v2] pruned_d0.005/wp s1: lr 0.003 (attempt 0) final 0.8982
  [dense_small d=0.005 bp lr=0.01 s1] step 1000/7035 acc 0.9279 loss 0.234 (2s)
  [dense_small d=0.005 bp lr=0.01 s1] step 2000/7035 acc 0.9408 loss 0.193 (3s)
  [dense_small d=0.005 bp lr=0.01 s1] step 3000/7035 acc 0.9450 loss 0.119 (4s)
  [dense_small d=0.005 bp lr=0.01 s1] step 4000/7035 acc 0.9487 loss 0.084 (6s)
  [dense_small d=0.005 bp lr=0.01 s1] step 5000/7035 acc 0.9532 loss 0.237 (7s)
  [dense_small d=0.005 bp lr=0.01 s1] step 6000/7035 acc 0.9539 loss 0.157 (8s)
  [dense_small d=0.005 bp lr=0.01 s1] step 7000/7035 acc 0.9541 loss 0.131 (10s)
  [dense_small d=0.005 bp lr=0.01 s1] step 7035/7035 acc 0.9541 loss 0.145 (10s)
  -> results\p3\h2v2\dense_small_d0.005\bp\seed1_try0.json final 0.9541 alive 24/24 active 9,672 (10s)
[v2] dense_small_d0.005/bp s1: lr 0.01 (attempt 0) final 0.9541
  [dense_small d=0.005 dfa lr=0.003 s1] step 1000/7035 acc 0.8963 loss 0.320 (1s)
  [dense_small d=0.005 dfa lr=0.003 s1] step 2000/7035 acc 0.9174 loss 0.305 (2s)
  [dense_small d=0.005 dfa lr=0.003 s1] step 3000/7035 acc 0.9240 loss 0.323 (4s)
  [dense_small d=0.005 dfa lr=0.003 s1] step 4000/7035 acc 0.9275 loss 0.176 (5s)
  [dense_small d=0.005 dfa lr=0.003 s1] step 5000/7035 acc 0.9298 loss 0.349 (6s)
  [dense_small d=0.005 dfa lr=0.003 s1] step 6000/7035 acc 0.9300 loss 0.314 (7s)
  [dense_small d=0.005 dfa lr=0.003 s1] step 7000/7035 acc 0.9323 loss 0.264 (8s)
  [dense_small d=0.005 dfa lr=0.003 s1] step 7035/7035 acc 0.9323 loss 0.144 (8s)
  -> results\p3\h2v2\dense_small_d0.005\dfa\seed1_try0.json final 0.9323 alive 24/24 active 9,672 (8s)
[v2] dense_small_d0.005/dfa s1: lr 0.003 (attempt 0) final 0.9323
  [dense_small d=0.005 np lr=0.001 s1] step 1000/7035 acc 0.8083 loss 0.743 (2s)
  [dense_small d=0.005 np lr=0.001 s1] step 2000/7035 acc 0.8534 loss 0.423 (4s)
  [dense_small d=0.005 np lr=0.001 s1] step 3000/7035 acc 0.8673 loss 0.426 (5s)
  [dense_small d=0.005 np lr=0.001 s1] step 4000/7035 acc 0.8998 loss 0.443 (7s)
  [dense_small d=0.005 np lr=0.001 s1] step 5000/7035 acc 0.9076 loss 0.285 (9s)
  [dense_small d=0.005 np lr=0.001 s1] step 6000/7035 acc 0.9108 loss 0.309 (11s)
  [dense_small d=0.005 np lr=0.001 s1] step 7000/7035 acc 0.9106 loss 0.209 (12s)
  [dense_small d=0.005 np lr=0.001 s1] step 7035/7035 acc 0.9106 loss 0.196 (12s)
  -> results\p3\h2v2\dense_small_d0.005\np\seed1_try0.json final 0.9106 alive 24/24 active 9,672 (12s)
[v2] dense_small_d0.005/np s1: lr 0.001 (attempt 0) final 0.9106
  [dense_small d=0.005 fg lr=0.0003 s1] step 1000/7035 acc 0.4620 loss 1.709 (14s)
  [dense_small d=0.005 fg lr=0.0003 s1] step 2000/7035 acc 0.7980 loss 0.730 (28s)
  [dense_small d=0.005 fg lr=0.0003 s1] step 3000/7035 acc 0.8364 loss 0.404 (42s)
  [dense_small d=0.005 fg lr=0.0003 s1] step 4000/7035 acc 0.8477 loss 0.448 (57s)
  [dense_small d=0.005 fg lr=0.0003 s1] step 5000/7035 acc 0.8574 loss 0.486 (71s)
  [dense_small d=0.005 fg lr=0.0003 s1] step 6000/7035 acc 0.8590 loss 0.394 (85s)
  [dense_small d=0.005 fg lr=0.0003 s1] step 7000/7035 acc 0.8599 loss 0.568 (99s)
  [dense_small d=0.005 fg lr=0.0003 s1] step 7035/7035 acc 0.8599 loss 0.485 (100s)
  -> results\p3\h2v2\dense_small_d0.005\fg\seed1_try0.json final 0.8599 alive 24/24 active 9,672 (100s)
[v2] dense_small_d0.005/fg s1: lr 0.0003 (attempt 0) final 0.8599
  [dense_small d=0.005 wp lr=0.0003 s1] step 1000/7035 acc 0.4630 loss 1.707 (14s)
  [dense_small d=0.005 wp lr=0.0003 s1] step 2000/7035 acc 0.7966 loss 0.733 (27s)
  [dense_small d=0.005 wp lr=0.0003 s1] step 3000/7035 acc 0.8383 loss 0.406 (41s)
  [dense_small d=0.005 wp lr=0.0003 s1] step 4000/7035 acc 0.8480 loss 0.441 (55s)
  [dense_small d=0.005 wp lr=0.0003 s1] step 5000/7035 acc 0.8569 loss 0.491 (68s)
  [dense_small d=0.005 wp lr=0.0003 s1] step 6000/7035 acc 0.8593 loss 0.396 (82s)
  [dense_small d=0.005 wp lr=0.0003 s1] step 7000/7035 acc 0.8604 loss 0.568 (96s)
  [dense_small d=0.005 wp lr=0.0003 s1] step 7035/7035 acc 0.8604 loss 0.488 (96s)
  -> results\p3\h2v2\dense_small_d0.005\wp\seed1_try0.json final 0.8604 alive 24/24 active 9,672 (96s)
[v2] dense_small_d0.005/wp s1: lr 0.0003 (attempt 0) final 0.8604
  [random_mask d=0.005 bp lr=0.3 s1] step 1000/7035 acc 0.8501 loss 0.504 (2s)
  [random_mask d=0.005 bp lr=0.3 s1] step 2000/7035 acc 0.8913 loss 0.315 (4s)
  [random_mask d=0.005 bp lr=0.3 s1] step 3000/7035 acc 0.8991 loss 0.323 (5s)
  [random_mask d=0.005 bp lr=0.3 s1] step 4000/7035 acc 0.9108 loss 0.194 (7s)
  [random_mask d=0.005 bp lr=0.3 s1] step 5000/7035 acc 0.9149 loss 0.378 (9s)
  [random_mask d=0.005 bp lr=0.3 s1] step 6000/7035 acc 0.9184 loss 0.300 (11s)
  [random_mask d=0.005 bp lr=0.3 s1] step 7000/7035 acc 0.9183 loss 0.170 (13s)
  [random_mask d=0.005 bp lr=0.3 s1] step 7035/7035 acc 0.9183 loss 0.179 (13s)
  -> results\p3\h2v2\random_mask_d0.005\bp\seed1_try0.json final 0.9183 alive 1492/2048 active 9,308 (13s)
[v2] random_mask_d0.005/bp s1: lr 0.3 (attempt 0) final 0.9183
  [random_mask d=0.005 dfa lr=0.003 s1] step 1000/7035 acc 0.5921 loss 1.186 (2s)
  [random_mask d=0.005 dfa lr=0.003 s1] step 2000/7035 acc 0.7047 loss 0.924 (3s)
  [random_mask d=0.005 dfa lr=0.003 s1] step 3000/7035 acc 0.7363 loss 0.957 (5s)
  [random_mask d=0.005 dfa lr=0.003 s1] step 4000/7035 acc 0.7449 loss 0.836 (6s)
  [random_mask d=0.005 dfa lr=0.003 s1] step 5000/7035 acc 0.7756 loss 0.652 (8s)
  [random_mask d=0.005 dfa lr=0.003 s1] step 6000/7035 acc 0.7840 loss 0.809 (9s)
  [random_mask d=0.005 dfa lr=0.003 s1] step 7000/7035 acc 0.7917 loss 0.703 (10s)
  [random_mask d=0.005 dfa lr=0.003 s1] step 7035/7035 acc 0.7918 loss 0.592 (10s)
  -> results\p3\h2v2\random_mask_d0.005\dfa\seed1_try0.json final 0.7918 alive 1492/2048 active 9,308 (10s)
[v2] random_mask_d0.005/dfa s1: lr 0.003 (attempt 0) final 0.7918
  [random_mask d=0.005 np lr=0.01 s1] step 1000/7035 acc 0.4840 loss 1.510 (2s)
  [random_mask d=0.005 np lr=0.01 s1] step 2000/7035 acc 0.0892 loss 1703435917671088735766830853100929024.000 (4s)
  [random_mask d=0.005 np lr=0.01 s1] step 2233/7035 acc 0.0000 loss nan (4s) DIVERGED
  -> results\p3\h2v2\random_mask_d0.005\np\seed1_try0.json final 0.0000 alive 1492/2048 active 9,308 (4s)
  [random_mask d=0.005 np lr=0.00333333 s1] step 1000/7035 acc 0.0958 loss 2.307 (2s)
  [random_mask d=0.005 np lr=0.00333333 s1] step 2000/7035 acc 0.1998 loss 2.273 (4s)
  [random_mask d=0.005 np lr=0.00333333 s1] step 3000/7035 acc 0.2980 loss 1.999 (6s)
  [random_mask d=0.005 np lr=0.00333333 s1] step 4000/7035 acc 0.3591 loss 1.803 (8s)
  [random_mask d=0.005 np lr=0.00333333 s1] step 5000/7035 acc 0.4425 loss 1.593 (10s)
  [random_mask d=0.005 np lr=0.00333333 s1] step 6000/7035 acc 0.4799 loss 1.568 (12s)
  [random_mask d=0.005 np lr=0.00333333 s1] step 7000/7035 acc 0.4833 loss 1.482 (14s)
  [random_mask d=0.005 np lr=0.00333333 s1] step 7035/7035 acc 0.4833 loss 1.463 (14s)
  -> results\p3\h2v2\random_mask_d0.005\np\seed1_try1.json final 0.4833 alive 1492/2048 active 9,308 (14s)
[v2] random_mask_d0.005/np s1: lr 0.00333333 (attempt 1) final 0.4833
  [random_mask d=0.005 fg lr=0.01 s1] step 1000/7035 acc 0.2193 loss 2.257 (27s)
  [random_mask d=0.005 fg lr=0.01 s1] step 2000/7035 acc 0.7089 loss 0.996 (54s)
  [random_mask d=0.005 fg lr=0.01 s1] step 2478/7035 acc 0.0000 loss nan (66s) DIVERGED
  -> results\p3\h2v2\random_mask_d0.005\fg\seed1_try0.json final 0.0000 alive 1492/2048 active 9,308 (66s)
  [random_mask d=0.005 fg lr=0.00333333 s1] step 1000/7035 acc 0.1135 loss 2.297 (27s)
  [random_mask d=0.005 fg lr=0.00333333 s1] step 2000/7035 acc 0.1135 loss 2.299 (53s)
  [random_mask d=0.005 fg lr=0.00333333 s1] step 3000/7035 acc 0.1135 loss 2.301 (80s)
  [random_mask d=0.005 fg lr=0.00333333 s1] step 4000/7035 acc 0.1135 loss 2.282 (107s)
  [random_mask d=0.005 fg lr=0.00333333 s1] step 5000/7035 acc 0.1916 loss 2.278 (133s)
  [random_mask d=0.005 fg lr=0.00333333 s1] step 6000/7035 acc 0.2624 loss 2.238 (160s)
  [random_mask d=0.005 fg lr=0.00333333 s1] step 7000/7035 acc 0.2649 loss 2.226 (187s)
  [random_mask d=0.005 fg lr=0.00333333 s1] step 7035/7035 acc 0.2649 loss 2.232 (188s)
  -> results\p3\h2v2\random_mask_d0.005\fg\seed1_try1.json final 0.2649 alive 1492/2048 active 9,308 (188s)
[v2] random_mask_d0.005/fg s1: lr 0.00333333 (attempt 1) final 0.2649
  [random_mask d=0.005 wp lr=0.01 s1] step 1000/7035 acc 0.2107 loss 2.258 (15s)
  [random_mask d=0.005 wp lr=0.01 s1] step 2000/7035 acc 0.6990 loss 1.246 (30s)
  [random_mask d=0.005 wp lr=0.01 s1] step 2367/7035 acc 0.0000 loss inf (35s) DIVERGED
  -> results\p3\h2v2\random_mask_d0.005\wp\seed1_try0.json final 0.0000 alive 1492/2048 active 9,308 (35s)
  [random_mask d=0.005 wp lr=0.00333333 s1] step 1000/7035 acc 0.1135 loss 2.297 (15s)
  [random_mask d=0.005 wp lr=0.00333333 s1] step 2000/7035 acc 0.1135 loss 2.299 (29s)
  [random_mask d=0.005 wp lr=0.00333333 s1] step 3000/7035 acc 0.1135 loss 2.301 (44s)
  [random_mask d=0.005 wp lr=0.00333333 s1] step 4000/7035 acc 0.1135 loss 2.282 (59s)
  [random_mask d=0.005 wp lr=0.00333333 s1] step 5000/7035 acc 0.1945 loss 2.277 (73s)
  [random_mask d=0.005 wp lr=0.00333333 s1] step 6000/7035 acc 0.2633 loss 2.236 (88s)
  [random_mask d=0.005 wp lr=0.00333333 s1] step 7000/7035 acc 0.2647 loss 2.223 (102s)
  [random_mask d=0.005 wp lr=0.00333333 s1] step 7035/7035 acc 0.2647 loss 2.229 (103s)
  -> results\p3\h2v2\random_mask_d0.005\wp\seed1_try1.json final 0.2647 alive 1492/2048 active 9,308 (103s)
[v2] random_mask_d0.005/wp s1: lr 0.00333333 (attempt 1) final 0.2647
  [dense d=1 bp lr=0.03 s1] step 1000/7035 acc 0.9763 loss 0.057 (1s)
  [dense d=1 bp lr=0.03 s1] step 2000/7035 acc 0.9794 loss 0.046 (3s)
  [dense d=1 bp lr=0.03 s1] step 3000/7035 acc 0.9828 loss 0.005 (4s)
  [dense d=1 bp lr=0.03 s1] step 4000/7035 acc 0.9837 loss 0.001 (6s)
  [dense d=1 bp lr=0.03 s1] step 5000/7035 acc 0.9843 loss 0.002 (8s)
  [dense d=1 bp lr=0.03 s1] step 6000/7035 acc 0.9844 loss 0.001 (9s)
  [dense d=1 bp lr=0.03 s1] step 7000/7035 acc 0.9846 loss 0.002 (11s)
  [dense d=1 bp lr=0.03 s1] step 7035/7035 acc 0.9846 loss 0.001 (11s)
  -> results\p3\h2v2\dense_d1\bp\seed1_try0.json final 0.9846 alive 2048/2048 active 1,861,632 (11s)
[v2] dense_d1/bp s1: lr 0.03 (attempt 0) final 0.9846
  [dense d=1 dfa lr=0.001 s1] step 1000/7035 acc 0.9411 loss 0.199 (1s)
  [dense d=1 dfa lr=0.001 s1] step 2000/7035 acc 0.9584 loss 0.152 (3s)
  [dense d=1 dfa lr=0.001 s1] step 3000/7035 acc 0.9677 loss 0.100 (4s)
  [dense d=1 dfa lr=0.001 s1] step 4000/7035 acc 0.9720 loss 0.030 (5s)
  [dense d=1 dfa lr=0.001 s1] step 5000/7035 acc 0.9731 loss 0.087 (6s)
  [dense d=1 dfa lr=0.001 s1] step 6000/7035 acc 0.9742 loss 0.060 (7s)
  [dense d=1 dfa lr=0.001 s1] step 7000/7035 acc 0.9746 loss 0.078 (8s)
  [dense d=1 dfa lr=0.001 s1] step 7035/7035 acc 0.9746 loss 0.043 (8s)
  -> results\p3\h2v2\dense_d1\dfa\seed1_try0.json final 0.9746 alive 2048/2048 active 1,861,632 (8s)
[v2] dense_d1/dfa s1: lr 0.001 (attempt 0) final 0.9746
  [dense d=1 np lr=0.0001 s1] step 1000/7035 acc 0.6312 loss 1.794 (2s)
  [dense d=1 np lr=0.0001 s1] step 2000/7035 acc 0.7892 loss 0.951 (3s)
  [dense d=1 np lr=0.0001 s1] step 3000/7035 acc 0.8354 loss 0.723 (5s)
  [dense d=1 np lr=0.0001 s1] step 4000/7035 acc 0.8595 loss 0.668 (6s)
  [dense d=1 np lr=0.0001 s1] step 5000/7035 acc 0.8646 loss 0.554 (8s)
  [dense d=1 np lr=0.0001 s1] step 6000/7035 acc 0.8698 loss 0.552 (11s)
  [dense d=1 np lr=0.0001 s1] step 7000/7035 acc 0.8702 loss 0.460 (12s)
  [dense d=1 np lr=0.0001 s1] step 7035/7035 acc 0.8702 loss 0.415 (13s)
  -> results\p3\h2v2\dense_d1\np\seed1_try0.json final 0.8702 alive 2048/2048 active 1,861,632 (13s)
[v2] dense_d1/np s1: lr 0.0001 (attempt 0) final 0.8702
  [dense d=1 fg lr=0.0001 s1] step 1000/7035 acc 0.7172 loss 1.688 (14s)
  [dense d=1 fg lr=0.0001 s1] step 2000/7035 acc 0.8475 loss 0.790 (28s)
  [dense d=1 fg lr=0.0001 s1] step 3000/7035 acc 0.8771 loss 0.543 (42s)
  [dense d=1 fg lr=0.0001 s1] step 4000/7035 acc 0.8900 loss 0.371 (57s)
  [dense d=1 fg lr=0.0001 s1] step 5000/7035 acc 0.8947 loss 0.369 (70s)
  [dense d=1 fg lr=0.0001 s1] step 6000/7035 acc 0.8972 loss 0.458 (85s)
  [dense d=1 fg lr=0.0001 s1] step 7000/7035 acc 0.8985 loss 0.352 (99s)
  [dense d=1 fg lr=0.0001 s1] step 7035/7035 acc 0.8985 loss 0.406 (100s)
  -> results\p3\h2v2\dense_d1\fg\seed1_try0.json final 0.8985 alive 2048/2048 active 1,861,632 (100s)
[v2] dense_d1/fg s1: lr 0.0001 (attempt 0) final 0.8985
  [dense d=1 wp lr=0.0001 s1] step 1000/7035 acc 0.7148 loss 1.690 (13s)
  [dense d=1 wp lr=0.0001 s1] step 2000/7035 acc 0.8459 loss 0.794 (25s)
  [dense d=1 wp lr=0.0001 s1] step 3000/7035 acc 0.8782 loss 0.541 (39s)
  [dense d=1 wp lr=0.0001 s1] step 4000/7035 acc 0.8884 loss 0.372 (52s)
  [dense d=1 wp lr=0.0001 s1] step 5000/7035 acc 0.8949 loss 0.367 (65s)
  [dense d=1 wp lr=0.0001 s1] step 6000/7035 acc 0.8972 loss 0.458 (78s)
  [dense d=1 wp lr=0.0001 s1] step 7000/7035 acc 0.8981 loss 0.350 (91s)
  [dense d=1 wp lr=0.0001 s1] step 7035/7035 acc 0.8981 loss 0.401 (92s)
  -> results\p3\h2v2\dense_d1\wp\seed1_try0.json final 0.8981 alive 2048/2048 active 1,861,632 (92s)
[v2] dense_d1/wp s1: lr 0.0001 (attempt 0) final 0.8981
  [pruned d=0.01 bp lr=0.1 s1] step 1000/7035 acc 0.9804 loss 0.085 (2s)
  [pruned d=0.01 bp lr=0.1 s1] step 2000/7035 acc 0.9812 loss 0.036 (4s)
  [pruned d=0.01 bp lr=0.1 s1] step 3000/7035 acc 0.9820 loss 0.027 (6s)
  [pruned d=0.01 bp lr=0.1 s1] step 4000/7035 acc 0.9834 loss 0.001 (8s)
  [pruned d=0.01 bp lr=0.1 s1] step 5000/7035 acc 0.9830 loss 0.008 (10s)
  [pruned d=0.01 bp lr=0.1 s1] step 6000/7035 acc 0.9832 loss 0.007 (12s)
  [pruned d=0.01 bp lr=0.1 s1] step 7000/7035 acc 0.9833 loss 0.032 (14s)
  [pruned d=0.01 bp lr=0.1 s1] step 7035/7035 acc 0.9833 loss 0.010 (14s)
  -> results\p3\h2v2\pruned_d0.01\bp\seed1_try0.json final 0.9833 alive 1133/2048 active 18,616 (14s)
[v2] pruned_d0.01/bp s1: lr 0.1 (attempt 0) final 0.9833
  [pruned d=0.01 dfa lr=0.01 s1] step 1000/7035 acc 0.9333 loss 0.204 (1s)
  [pruned d=0.01 dfa lr=0.01 s1] step 2000/7035 acc 0.9503 loss 0.187 (3s)
  [pruned d=0.01 dfa lr=0.01 s1] step 3000/7035 acc 0.9551 loss 0.166 (4s)
  [pruned d=0.01 dfa lr=0.01 s1] step 4000/7035 acc 0.9589 loss 0.040 (6s)
  [pruned d=0.01 dfa lr=0.01 s1] step 5000/7035 acc 0.9604 loss 0.195 (7s)
  [pruned d=0.01 dfa lr=0.01 s1] step 6000/7035 acc 0.9617 loss 0.147 (9s)
  [pruned d=0.01 dfa lr=0.01 s1] step 7000/7035 acc 0.9620 loss 0.166 (10s)
  [pruned d=0.01 dfa lr=0.01 s1] step 7035/7035 acc 0.9620 loss 0.032 (10s)
  -> results\p3\h2v2\pruned_d0.01\dfa\seed1_try0.json final 0.9620 alive 1133/2048 active 18,616 (10s)
[v2] pruned_d0.01/dfa s1: lr 0.01 (attempt 0) final 0.9620
  [pruned d=0.01 np lr=0.003 s1] step 1000/7035 acc 0.5968 loss 1.643 (2s)
  [pruned d=0.01 np lr=0.003 s1] step 2000/7035 acc 0.8030 loss 0.638 (4s)
  [pruned d=0.01 np lr=0.003 s1] step 3000/7035 acc 0.8515 loss 0.376 (6s)
  [pruned d=0.01 np lr=0.003 s1] step 4000/7035 acc 0.8561 loss 0.645 (8s)
  [pruned d=0.01 np lr=0.003 s1] step 5000/7035 acc 0.8890 loss 0.329 (10s)
  [pruned d=0.01 np lr=0.003 s1] step 6000/7035 acc 0.9077 loss 0.330 (12s)
  [pruned d=0.01 np lr=0.003 s1] step 7000/7035 acc 0.9078 loss 0.209 (14s)
  [pruned d=0.01 np lr=0.003 s1] step 7035/7035 acc 0.9078 loss 0.207 (14s)
  -> results\p3\h2v2\pruned_d0.01\np\seed1_try0.json final 0.9078 alive 1133/2048 active 18,616 (14s)
[v2] pruned_d0.01/np s1: lr 0.003 (attempt 0) final 0.9078
  [pruned d=0.01 fg lr=0.003 s1] step 1000/7035 acc 0.3466 loss 2.193 (27s)
  [pruned d=0.01 fg lr=0.003 s1] step 2000/7035 acc 0.8474 loss 0.641 (53s)
  [pruned d=0.01 fg lr=0.003 s1] step 3000/7035 acc 0.7985 loss 0.696 (80s)
  [pruned d=0.01 fg lr=0.003 s1] step 4000/7035 acc 0.5646 loss 15.230 (107s)
  [pruned d=0.01 fg lr=0.003 s1] step 4204/7035 acc 0.0000 loss nan (112s) DIVERGED
  -> results\p3\h2v2\pruned_d0.01\fg\seed1_try0.json final 0.0000 alive 1133/2048 active 18,616 (112s)
  [pruned d=0.01 fg lr=0.001 s1] step 1000/7035 acc 0.1135 loss 2.286 (26s)
  [pruned d=0.01 fg lr=0.001 s1] step 2000/7035 acc 0.1756 loss 2.262 (54s)
  [pruned d=0.01 fg lr=0.001 s1] step 3000/7035 acc 0.4141 loss 2.177 (80s)
  [pruned d=0.01 fg lr=0.001 s1] step 4000/7035 acc 0.5472 loss 1.758 (107s)
  [pruned d=0.01 fg lr=0.001 s1] step 5000/7035 acc 0.6057 loss 1.520 (134s)
  [pruned d=0.01 fg lr=0.001 s1] step 6000/7035 acc 0.6503 loss 1.323 (160s)
  [pruned d=0.01 fg lr=0.001 s1] step 7000/7035 acc 0.6547 loss 1.377 (187s)
  [pruned d=0.01 fg lr=0.001 s1] step 7035/7035 acc 0.6547 loss 1.355 (188s)
  -> results\p3\h2v2\pruned_d0.01\fg\seed1_try1.json final 0.6547 alive 1133/2048 active 18,616 (188s)
[v2] pruned_d0.01/fg s1: lr 0.001 (attempt 1) final 0.6547
  [pruned d=0.01 wp lr=0.003 s1] step 1000/7035 acc 0.3414 loss 2.193 (14s)
  [pruned d=0.01 wp lr=0.003 s1] step 2000/7035 acc 0.8474 loss 0.637 (29s)
  [pruned d=0.01 wp lr=0.003 s1] step 3000/7035 acc 0.7922 loss 0.751 (44s)
  [pruned d=0.01 wp lr=0.003 s1] step 3965/7035 acc 0.0000 loss nan (58s) DIVERGED
  -> results\p3\h2v2\pruned_d0.01\wp\seed1_try0.json final 0.0000 alive 1133/2048 active 18,616 (58s)
  [pruned d=0.01 wp lr=0.001 s1] step 1000/7035 acc 0.1135 loss 2.286 (15s)
  [pruned d=0.01 wp lr=0.001 s1] step 2000/7035 acc 0.1750 loss 2.262 (30s)
  [pruned d=0.01 wp lr=0.001 s1] step 3000/7035 acc 0.4140 loss 2.178 (45s)
  [pruned d=0.01 wp lr=0.001 s1] step 4000/7035 acc 0.5482 loss 1.758 (60s)
  [pruned d=0.01 wp lr=0.001 s1] step 5000/7035 acc 0.6064 loss 1.520 (74s)
  [pruned d=0.01 wp lr=0.001 s1] step 6000/7035 acc 0.6507 loss 1.323 (89s)
  [pruned d=0.01 wp lr=0.001 s1] step 7000/7035 acc 0.6554 loss 1.376 (103s)
  [pruned d=0.01 wp lr=0.001 s1] step 7035/7035 acc 0.6554 loss 1.355 (104s)
  -> results\p3\h2v2\pruned_d0.01\wp\seed1_try1.json final 0.6554 alive 1133/2048 active 18,616 (104s)
[v2] pruned_d0.01/wp s1: lr 0.001 (attempt 1) final 0.6554
  [dense_small d=0.01 bp lr=0.03 s1] step 1000/7035 acc 0.9491 loss 0.167 (1s)
  [dense_small d=0.01 bp lr=0.03 s1] step 2000/7035 acc 0.9569 loss 0.199 (3s)
  [dense_small d=0.01 bp lr=0.03 s1] step 3000/7035 acc 0.9597 loss 0.099 (4s)
  [dense_small d=0.01 bp lr=0.03 s1] step 4000/7035 acc 0.9628 loss 0.051 (5s)
  [dense_small d=0.01 bp lr=0.03 s1] step 5000/7035 acc 0.9634 loss 0.073 (7s)
  [dense_small d=0.01 bp lr=0.03 s1] step 6000/7035 acc 0.9668 loss 0.046 (9s)
  [dense_small d=0.01 bp lr=0.03 s1] step 7000/7035 acc 0.9666 loss 0.073 (10s)
  [dense_small d=0.01 bp lr=0.03 s1] step 7035/7035 acc 0.9666 loss 0.023 (10s)
  -> results\p3\h2v2\dense_small_d0.01\bp\seed1_try0.json final 0.9666 alive 46/46 active 18,791 (10s)
[v2] dense_small_d0.01/bp s1: lr 0.03 (attempt 0) final 0.9666
  [dense_small d=0.01 dfa lr=0.003 s1] step 1000/7035 acc 0.9179 loss 0.261 (1s)
  [dense_small d=0.01 dfa lr=0.003 s1] step 2000/7035 acc 0.9278 loss 0.295 (3s)
  [dense_small d=0.01 dfa lr=0.003 s1] step 3000/7035 acc 0.9349 loss 0.223 (4s)
  [dense_small d=0.01 dfa lr=0.003 s1] step 4000/7035 acc 0.9384 loss 0.143 (5s)
  [dense_small d=0.01 dfa lr=0.003 s1] step 5000/7035 acc 0.9404 loss 0.314 (6s)
  [dense_small d=0.01 dfa lr=0.003 s1] step 6000/7035 acc 0.9442 loss 0.219 (7s)
  [dense_small d=0.01 dfa lr=0.003 s1] step 7000/7035 acc 0.9453 loss 0.204 (8s)
  [dense_small d=0.01 dfa lr=0.003 s1] step 7035/7035 acc 0.9453 loss 0.144 (9s)
  -> results\p3\h2v2\dense_small_d0.01\dfa\seed1_try0.json final 0.9453 alive 46/46 active 18,791 (9s)
[v2] dense_small_d0.01/dfa s1: lr 0.003 (attempt 0) final 0.9453
  [dense_small d=0.01 np lr=0.001 s1] step 1000/7035 acc 0.7925 loss 0.705 (2s)
  [dense_small d=0.01 np lr=0.001 s1] step 2000/7035 acc 0.8672 loss 0.462 (3s)
  [dense_small d=0.01 np lr=0.001 s1] step 3000/7035 acc 0.8793 loss 0.401 (5s)
  [dense_small d=0.01 np lr=0.001 s1] step 4000/7035 acc 0.9012 loss 0.452 (6s)
  [dense_small d=0.01 np lr=0.001 s1] step 5000/7035 acc 0.9064 loss 0.314 (8s)
  [dense_small d=0.01 np lr=0.001 s1] step 6000/7035 acc 0.9138 loss 0.286 (10s)
  [dense_small d=0.01 np lr=0.001 s1] step 7000/7035 acc 0.9146 loss 0.130 (12s)
  [dense_small d=0.01 np lr=0.001 s1] step 7035/7035 acc 0.9146 loss 0.192 (12s)
  -> results\p3\h2v2\dense_small_d0.01\np\seed1_try0.json final 0.9146 alive 46/46 active 18,791 (12s)
[v2] dense_small_d0.01/np s1: lr 0.001 (attempt 0) final 0.9146
  [dense_small d=0.01 fg lr=0.0003 s1] step 1000/7035 acc 0.5664 loss 1.476 (14s)
  [dense_small d=0.01 fg lr=0.0003 s1] step 2000/7035 acc 0.8046 loss 0.637 (29s)
  [dense_small d=0.01 fg lr=0.0003 s1] step 3000/7035 acc 0.8486 loss 0.390 (43s)
  [dense_small d=0.01 fg lr=0.0003 s1] step 4000/7035 acc 0.8631 loss 0.487 (57s)
  [dense_small d=0.01 fg lr=0.0003 s1] step 5000/7035 acc 0.8735 loss 0.492 (72s)
  [dense_small d=0.01 fg lr=0.0003 s1] step 6000/7035 acc 0.8765 loss 0.446 (87s)
  [dense_small d=0.01 fg lr=0.0003 s1] step 7000/7035 acc 0.8759 loss 0.458 (102s)
  [dense_small d=0.01 fg lr=0.0003 s1] step 7035/7035 acc 0.8759 loss 0.425 (102s)
  -> results\p3\h2v2\dense_small_d0.01\fg\seed1_try0.json final 0.8759 alive 46/46 active 18,791 (102s)
[v2] dense_small_d0.01/fg s1: lr 0.0003 (attempt 0) final 0.8759
  [dense_small d=0.01 wp lr=0.0003 s1] step 1000/7035 acc 0.5647 loss 1.477 (13s)
  [dense_small d=0.01 wp lr=0.0003 s1] step 2000/7035 acc 0.8044 loss 0.636 (27s)
  [dense_small d=0.01 wp lr=0.0003 s1] step 3000/7035 acc 0.8494 loss 0.394 (40s)
  [dense_small d=0.01 wp lr=0.0003 s1] step 4000/7035 acc 0.8626 loss 0.484 (54s)
  [dense_small d=0.01 wp lr=0.0003 s1] step 5000/7035 acc 0.8739 loss 0.482 (67s)
  [dense_small d=0.01 wp lr=0.0003 s1] step 6000/7035 acc 0.8759 loss 0.445 (81s)
  [dense_small d=0.01 wp lr=0.0003 s1] step 7000/7035 acc 0.8753 loss 0.466 (94s)
  [dense_small d=0.01 wp lr=0.0003 s1] step 7035/7035 acc 0.8753 loss 0.420 (95s)
  -> results\p3\h2v2\dense_small_d0.01\wp\seed1_try0.json final 0.8753 alive 46/46 active 18,791 (95s)
[v2] dense_small_d0.01/wp s1: lr 0.0003 (attempt 0) final 0.8753
  [random_mask d=0.01 bp lr=0.3 s1] step 1000/7035 acc 0.9146 loss 0.307 (2s)
  [random_mask d=0.01 bp lr=0.3 s1] step 2000/7035 acc 0.9330 loss 0.195 (4s)
  [random_mask d=0.01 bp lr=0.3 s1] step 3000/7035 acc 0.9478 loss 0.152 (6s)
  [random_mask d=0.01 bp lr=0.3 s1] step 4000/7035 acc 0.9546 loss 0.063 (8s)
  [random_mask d=0.01 bp lr=0.3 s1] step 5000/7035 acc 0.9559 loss 0.156 (10s)
  [random_mask d=0.01 bp lr=0.3 s1] step 6000/7035 acc 0.9598 loss 0.121 (11s)
  [random_mask d=0.01 bp lr=0.3 s1] step 7000/7035 acc 0.9591 loss 0.116 (13s)
  [random_mask d=0.01 bp lr=0.3 s1] step 7035/7035 acc 0.9591 loss 0.051 (13s)
  -> results\p3\h2v2\random_mask_d0.01\bp\seed1_try0.json final 0.9591 alive 1711/2048 active 18,616 (13s)
[v2] random_mask_d0.01/bp s1: lr 0.3 (attempt 0) final 0.9591
  [random_mask d=0.01 dfa lr=0.01 s1] step 1000/7035 acc 0.8666 loss 0.387 (1s)
  [random_mask d=0.01 dfa lr=0.01 s1] step 2000/7035 acc 0.8898 loss 0.360 (3s)
  [random_mask d=0.01 dfa lr=0.01 s1] step 3000/7035 acc 0.8926 loss 0.409 (4s)
  [random_mask d=0.01 dfa lr=0.01 s1] step 4000/7035 acc 0.8983 loss 0.257 (5s)
  [random_mask d=0.01 dfa lr=0.01 s1] step 5000/7035 acc 0.9058 loss 0.515 (7s)
  [random_mask d=0.01 dfa lr=0.01 s1] step 6000/7035 acc 0.9099 loss 0.426 (8s)
  [random_mask d=0.01 dfa lr=0.01 s1] step 7000/7035 acc 0.9103 loss 0.361 (10s)
  [random_mask d=0.01 dfa lr=0.01 s1] step 7035/7035 acc 0.9104 loss 0.317 (10s)
  -> results\p3\h2v2\random_mask_d0.01\dfa\seed1_try0.json final 0.9104 alive 1711/2048 active 18,616 (10s)
[v2] random_mask_d0.01/dfa s1: lr 0.01 (attempt 0) final 0.9104
  [random_mask d=0.01 np lr=0.003 s1] step 1000/7035 acc 0.0958 loss 2.306 (2s)
  [random_mask d=0.01 np lr=0.003 s1] step 2000/7035 acc 0.2896 loss 2.053 (4s)
  [random_mask d=0.01 np lr=0.003 s1] step 3000/7035 acc 0.5747 loss 1.233 (6s)
  [random_mask d=0.01 np lr=0.003 s1] step 4000/7035 acc 0.7014 loss 1.062 (8s)
  [random_mask d=0.01 np lr=0.003 s1] step 5000/7035 acc 0.7462 loss 0.756 (10s)
  [random_mask d=0.01 np lr=0.003 s1] step 6000/7035 acc 0.7593 loss 0.872 (11s)
  [random_mask d=0.01 np lr=0.003 s1] step 7000/7035 acc 0.7613 loss 0.678 (13s)
  [random_mask d=0.01 np lr=0.003 s1] step 7035/7035 acc 0.7613 loss 0.629 (13s)
  -> results\p3\h2v2\random_mask_d0.01\np\seed1_try0.json final 0.7613 alive 1711/2048 active 18,616 (13s)
[v2] random_mask_d0.01/np s1: lr 0.003 (attempt 0) final 0.7613
  [random_mask d=0.01 fg lr=0.003 s1] step 1000/7035 acc 0.1135 loss 2.296 (28s)
  [random_mask d=0.01 fg lr=0.003 s1] step 2000/7035 acc 0.1135 loss 2.296 (54s)
  [random_mask d=0.01 fg lr=0.003 s1] step 3000/7035 acc 0.1432 loss 2.282 (81s)
  [random_mask d=0.01 fg lr=0.003 s1] step 4000/7035 acc 0.3658 loss 2.109 (109s)
  [random_mask d=0.01 fg lr=0.003 s1] step 5000/7035 acc 0.4196 loss 1.932 (135s)
  [random_mask d=0.01 fg lr=0.003 s1] step 6000/7035 acc 0.4597 loss 1.791 (163s)
  [random_mask d=0.01 fg lr=0.003 s1] step 7000/7035 acc 0.4631 loss 1.755 (190s)
  [random_mask d=0.01 fg lr=0.003 s1] step 7035/7035 acc 0.4631 loss 1.847 (191s)
  -> results\p3\h2v2\random_mask_d0.01\fg\seed1_try0.json final 0.4631 alive 1711/2048 active 18,616 (191s)
[v2] random_mask_d0.01/fg s1: lr 0.003 (attempt 0) final 0.4631
  [random_mask d=0.01 wp lr=0.03 s1] step 1000/7035 acc 0.1069 loss 39981704882958512464727118694055936.000 (15s)
  [random_mask d=0.01 wp lr=0.03 s1] step 2000/7035 acc 0.1069 loss 38434591794741687036932487993360384.000 (30s)
  [random_mask d=0.01 wp lr=0.03 s1] step 3000/7035 acc 0.1069 loss 38697218298196001891491787399233536.000 (44s)
  [random_mask d=0.01 wp lr=0.03 s1] step 4000/7035 acc 0.1069 loss 42139776042883773048832164374773760.000 (58s)
  [random_mask d=0.01 wp lr=0.03 s1] step 5000/7035 acc 0.1069 loss 40147777015108724799365386006953984.000 (74s)
  [random_mask d=0.01 wp lr=0.03 s1] step 6000/7035 acc 0.1069 loss 38227759248857964271362892116262912.000 (90s)
  [random_mask d=0.01 wp lr=0.03 s1] step 7000/7035 acc 0.1069 loss 42394202431517861544450531981787136.000 (105s)
  [random_mask d=0.01 wp lr=0.03 s1] step 7035/7035 acc 0.1069 loss 40977308256033465267772540158214144.000 (106s)
  -> results\p3\h2v2\random_mask_d0.01\wp\seed1_try0.json final 0.1069 alive 1711/2048 active 18,616 (106s)
  [random_mask d=0.01 wp lr=0.01 s1] step 1000/7035 acc 0.5122 loss 1.614 (15s)
  [random_mask d=0.01 wp lr=0.01 s1] step 2000/7035 acc 0.1162 loss 2522876774660374079612125184.000 (29s)
  [random_mask d=0.01 wp lr=0.01 s1] step 3000/7035 acc 0.1162 loss 2312379207147843310004994048.000 (44s)
  [random_mask d=0.01 wp lr=0.01 s1] step 4000/7035 acc 0.1162 loss 2647274828291652170595434496.000 (59s)
  [random_mask d=0.01 wp lr=0.01 s1] step 5000/7035 acc 0.1162 loss 2575081355536877290038231040.000 (73s)
  [random_mask d=0.01 wp lr=0.01 s1] step 6000/7035 acc 0.1162 loss 2522047113898914918818643968.000 (88s)
  [random_mask d=0.01 wp lr=0.01 s1] step 7000/7035 acc 0.1162 loss 2600884661147182210838691840.000 (103s)
  [random_mask d=0.01 wp lr=0.01 s1] step 7035/7035 acc 0.1162 loss 2426081986139137192637759488.000 (103s)
  -> results\p3\h2v2\random_mask_d0.01\wp\seed1_try1.json final 0.1162 alive 1711/2048 active 18,616 (103s)
  [random_mask d=0.01 wp lr=0.003 s1] step 1000/7035 acc 0.1135 loss 2.296 (15s)
  [random_mask d=0.01 wp lr=0.003 s1] step 2000/7035 acc 0.1135 loss 2.296 (29s)
  [random_mask d=0.01 wp lr=0.003 s1] step 3000/7035 acc 0.1432 loss 2.282 (44s)
  [random_mask d=0.01 wp lr=0.003 s1] step 4000/7035 acc 0.3584 loss 2.106 (59s)
  [random_mask d=0.01 wp lr=0.003 s1] step 5000/7035 acc 0.4155 loss 1.930 (74s)
  [random_mask d=0.01 wp lr=0.003 s1] step 6000/7035 acc 0.4529 loss 1.793 (88s)
  [random_mask d=0.01 wp lr=0.003 s1] step 7000/7035 acc 0.4570 loss 1.757 (103s)
  [random_mask d=0.01 wp lr=0.003 s1] step 7035/7035 acc 0.4570 loss 1.849 (103s)
  -> results\p3\h2v2\random_mask_d0.01\wp\seed1_try2.json final 0.4570 alive 1711/2048 active 18,616 (103s)
[v2] random_mask_d0.01/wp s1: lr 0.003 (attempt 2) final 0.4570
  [pruned d=0.005 bp lr=0.1 s2] step 1000/7035 acc 0.9714 loss 0.124 (2s)
  [pruned d=0.005 bp lr=0.1 s2] step 2000/7035 acc 0.9762 loss 0.017 (4s)
  [pruned d=0.005 bp lr=0.1 s2] step 3000/7035 acc 0.9771 loss 0.102 (6s)
  [pruned d=0.005 bp lr=0.1 s2] step 4000/7035 acc 0.9800 loss 0.040 (7s)
  [pruned d=0.005 bp lr=0.1 s2] step 5000/7035 acc 0.9801 loss 0.022 (9s)
  [pruned d=0.005 bp lr=0.1 s2] step 6000/7035 acc 0.9802 loss 0.005 (11s)
  [pruned d=0.005 bp lr=0.1 s2] step 7000/7035 acc 0.9801 loss 0.008 (13s)
  [pruned d=0.005 bp lr=0.1 s2] step 7035/7035 acc 0.9801 loss 0.001 (13s)
  -> results\p3\h2v2\pruned_d0.005\bp\seed2_try0.json final 0.9801 alive 820/2048 active 9,308 (13s)
[v2] pruned_d0.005/bp s2: lr 0.1 (attempt 0) final 0.9801
  [pruned d=0.005 dfa lr=0.01 s2] step 1000/7035 acc 0.9060 loss 0.351 (1s)
  [pruned d=0.005 dfa lr=0.01 s2] step 2000/7035 acc 0.9192 loss 0.232 (3s)
  [pruned d=0.005 dfa lr=0.01 s2] step 3000/7035 acc 0.9363 loss 0.376 (4s)
  [pruned d=0.005 dfa lr=0.01 s2] step 4000/7035 acc 0.9421 loss 0.313 (5s)
  [pruned d=0.005 dfa lr=0.01 s2] step 5000/7035 acc 0.9459 loss 0.199 (7s)
  [pruned d=0.005 dfa lr=0.01 s2] step 6000/7035 acc 0.9530 loss 0.209 (8s)
  [pruned d=0.005 dfa lr=0.01 s2] step 7000/7035 acc 0.9539 loss 0.132 (9s)
  [pruned d=0.005 dfa lr=0.01 s2] step 7035/7035 acc 0.9539 loss 0.033 (9s)
  -> results\p3\h2v2\pruned_d0.005\dfa\seed2_try0.json final 0.9539 alive 820/2048 active 9,308 (9s)
[v2] pruned_d0.005/dfa s2: lr 0.01 (attempt 0) final 0.9539
  [pruned d=0.005 np lr=0.003 s2] step 1000/7035 acc 0.3184 loss 2.179 (2s)
  [pruned d=0.005 np lr=0.003 s2] step 2000/7035 acc 0.7913 loss 0.702 (4s)
  [pruned d=0.005 np lr=0.003 s2] step 3000/7035 acc 0.8546 loss 0.489 (6s)
  [pruned d=0.005 np lr=0.003 s2] step 4000/7035 acc 0.8876 loss 0.215 (8s)
  [pruned d=0.005 np lr=0.003 s2] step 5000/7035 acc 0.8924 loss 0.361 (10s)
  [pruned d=0.005 np lr=0.003 s2] step 6000/7035 acc 0.8972 loss 0.372 (12s)
  [pruned d=0.005 np lr=0.003 s2] step 7000/7035 acc 0.9014 loss 0.320 (14s)
  [pruned d=0.005 np lr=0.003 s2] step 7035/7035 acc 0.9014 loss 0.289 (14s)
  -> results\p3\h2v2\pruned_d0.005\np\seed2_try0.json final 0.9014 alive 820/2048 active 9,308 (14s)
[v2] pruned_d0.005/np s2: lr 0.003 (attempt 0) final 0.9014
  [pruned d=0.005 fg lr=0.003 s2] step 1000/7035 acc 0.1135 loss 2.290 (27s)
  [pruned d=0.005 fg lr=0.003 s2] step 2000/7035 acc 0.6513 loss 1.369 (54s)
  [pruned d=0.005 fg lr=0.003 s2] step 3000/7035 acc 0.8543 loss 0.621 (80s)
  [pruned d=0.005 fg lr=0.003 s2] step 4000/7035 acc 0.8981 loss 0.230 (107s)
  [pruned d=0.005 fg lr=0.003 s2] step 5000/7035 acc 0.9111 loss 0.242 (134s)
  [pruned d=0.005 fg lr=0.003 s2] step 6000/7035 acc 0.9166 loss 0.254 (160s)
  [pruned d=0.005 fg lr=0.003 s2] step 7000/7035 acc 0.9175 loss 0.271 (187s)
  [pruned d=0.005 fg lr=0.003 s2] step 7035/7035 acc 0.9175 loss 0.604 (188s)
  -> results\p3\h2v2\pruned_d0.005\fg\seed2_try0.json final 0.9175 alive 820/2048 active 9,308 (188s)
[v2] pruned_d0.005/fg s2: lr 0.003 (attempt 0) final 0.9175
  [pruned d=0.005 wp lr=0.003 s2] step 1000/7035 acc 0.1135 loss 2.290 (15s)
  [pruned d=0.005 wp lr=0.003 s2] step 2000/7035 acc 0.6503 loss 1.371 (29s)
  [pruned d=0.005 wp lr=0.003 s2] step 3000/7035 acc 0.8557 loss 0.620 (44s)
  [pruned d=0.005 wp lr=0.003 s2] step 4000/7035 acc 0.8980 loss 0.237 (59s)
  [pruned d=0.005 wp lr=0.003 s2] step 5000/7035 acc 0.9109 loss 0.249 (74s)
  [pruned d=0.005 wp lr=0.003 s2] step 6000/7035 acc 0.9166 loss 0.251 (88s)
  [pruned d=0.005 wp lr=0.003 s2] step 7000/7035 acc 0.9169 loss 0.267 (103s)
  [pruned d=0.005 wp lr=0.003 s2] step 7035/7035 acc 0.9169 loss 0.597 (104s)
  -> results\p3\h2v2\pruned_d0.005\wp\seed2_try0.json final 0.9169 alive 820/2048 active 9,308 (104s)
[v2] pruned_d0.005/wp s2: lr 0.003 (attempt 0) final 0.9169
  [dense_small d=0.005 bp lr=0.01 s2] step 1000/7035 acc 0.9283 loss 0.252 (2s)
  [dense_small d=0.005 bp lr=0.01 s2] step 2000/7035 acc 0.9373 loss 0.199 (3s)
  [dense_small d=0.005 bp lr=0.01 s2] step 3000/7035 acc 0.9444 loss 0.379 (5s)
  [dense_small d=0.005 bp lr=0.01 s2] step 4000/7035 acc 0.9465 loss 0.233 (6s)
  [dense_small d=0.005 bp lr=0.01 s2] step 5000/7035 acc 0.9492 loss 0.164 (8s)
  [dense_small d=0.005 bp lr=0.01 s2] step 6000/7035 acc 0.9501 loss 0.100 (9s)
  [dense_small d=0.005 bp lr=0.01 s2] step 7000/7035 acc 0.9507 loss 0.099 (11s)
  [dense_small d=0.005 bp lr=0.01 s2] step 7035/7035 acc 0.9506 loss 0.047 (11s)
  -> results\p3\h2v2\dense_small_d0.005\bp\seed2_try0.json final 0.9506 alive 24/24 active 9,672 (11s)
[v2] dense_small_d0.005/bp s2: lr 0.01 (attempt 0) final 0.9506
  [dense_small d=0.005 dfa lr=0.003 s2] step 1000/7035 acc 0.8887 loss 0.492 (1s)
  [dense_small d=0.005 dfa lr=0.003 s2] step 2000/7035 acc 0.8890 loss 0.390 (2s)
  [dense_small d=0.005 dfa lr=0.003 s2] step 3000/7035 acc 0.9048 loss 0.562 (4s)
  [dense_small d=0.005 dfa lr=0.003 s2] step 4000/7035 acc 0.8890 loss 0.428 (5s)
  [dense_small d=0.005 dfa lr=0.003 s2] step 5000/7035 acc 0.9031 loss 0.204 (6s)
  [dense_small d=0.005 dfa lr=0.003 s2] step 6000/7035 acc 0.9117 loss 0.336 (7s)
  [dense_small d=0.005 dfa lr=0.003 s2] step 7000/7035 acc 0.9121 loss 0.279 (8s)
  [dense_small d=0.005 dfa lr=0.003 s2] step 7035/7035 acc 0.9121 loss 0.248 (8s)
  -> results\p3\h2v2\dense_small_d0.005\dfa\seed2_try0.json final 0.9121 alive 24/24 active 9,672 (8s)
[v2] dense_small_d0.005/dfa s2: lr 0.003 (attempt 0) final 0.9121
  [dense_small d=0.005 np lr=0.001 s2] step 1000/7035 acc 0.7420 loss 0.671 (2s)
  [dense_small d=0.005 np lr=0.001 s2] step 2000/7035 acc 0.8625 loss 0.544 (3s)
  [dense_small d=0.005 np lr=0.001 s2] step 3000/7035 acc 0.8841 loss 0.421 (5s)
  [dense_small d=0.005 np lr=0.001 s2] step 4000/7035 acc 0.8932 loss 0.137 (7s)
  [dense_small d=0.005 np lr=0.001 s2] step 5000/7035 acc 0.9020 loss 0.464 (8s)
  [dense_small d=0.005 np lr=0.001 s2] step 6000/7035 acc 0.9023 loss 0.390 (10s)
  [dense_small d=0.005 np lr=0.001 s2] step 7000/7035 acc 0.9033 loss 0.358 (12s)
  [dense_small d=0.005 np lr=0.001 s2] step 7035/7035 acc 0.9033 loss 0.321 (12s)
  -> results\p3\h2v2\dense_small_d0.005\np\seed2_try0.json final 0.9033 alive 24/24 active 9,672 (12s)
[v2] dense_small_d0.005/np s2: lr 0.001 (attempt 0) final 0.9033
  [dense_small d=0.005 fg lr=0.0003 s2] step 1000/7035 acc 0.4973 loss 1.506 (14s)
  [dense_small d=0.005 fg lr=0.0003 s2] step 2000/7035 acc 0.7718 loss 0.758 (29s)
  [dense_small d=0.005 fg lr=0.0003 s2] step 3000/7035 acc 0.8123 loss 0.524 (43s)
  [dense_small d=0.005 fg lr=0.0003 s2] step 4000/7035 acc 0.8260 loss 0.647 (57s)
  [dense_small d=0.005 fg lr=0.0003 s2] step 5000/7035 acc 0.8372 loss 0.637 (71s)
  [dense_small d=0.005 fg lr=0.0003 s2] step 6000/7035 acc 0.8407 loss 0.456 (85s)
  [dense_small d=0.005 fg lr=0.0003 s2] step 7000/7035 acc 0.8416 loss 0.507 (99s)
  [dense_small d=0.005 fg lr=0.0003 s2] step 7035/7035 acc 0.8416 loss 0.637 (100s)
  -> results\p3\h2v2\dense_small_d0.005\fg\seed2_try0.json final 0.8416 alive 24/24 active 9,672 (100s)
[v2] dense_small_d0.005/fg s2: lr 0.0003 (attempt 0) final 0.8416
  [dense_small d=0.005 wp lr=0.0003 s2] step 1000/7035 acc 0.4985 loss 1.504 (13s)
  [dense_small d=0.005 wp lr=0.0003 s2] step 2000/7035 acc 0.7701 loss 0.756 (26s)
  [dense_small d=0.005 wp lr=0.0003 s2] step 3000/7035 acc 0.8111 loss 0.522 (40s)
  [dense_small d=0.005 wp lr=0.0003 s2] step 4000/7035 acc 0.8255 loss 0.648 (54s)
  [dense_small d=0.005 wp lr=0.0003 s2] step 5000/7035 acc 0.8374 loss 0.631 (68s)
  [dense_small d=0.005 wp lr=0.0003 s2] step 6000/7035 acc 0.8408 loss 0.456 (82s)
  [dense_small d=0.005 wp lr=0.0003 s2] step 7000/7035 acc 0.8423 loss 0.508 (96s)
  [dense_small d=0.005 wp lr=0.0003 s2] step 7035/7035 acc 0.8423 loss 0.636 (96s)
  -> results\p3\h2v2\dense_small_d0.005\wp\seed2_try0.json final 0.8423 alive 24/24 active 9,672 (96s)
[v2] dense_small_d0.005/wp s2: lr 0.0003 (attempt 0) final 0.8423
  [random_mask d=0.005 bp lr=0.3 s2] step 1000/7035 acc 0.8598 loss 0.579 (2s)
  [random_mask d=0.005 bp lr=0.3 s2] step 2000/7035 acc 0.8877 loss 0.379 (3s)
  [random_mask d=0.005 bp lr=0.3 s2] step 3000/7035 acc 0.9017 loss 0.403 (5s)
  [random_mask d=0.005 bp lr=0.3 s2] step 4000/7035 acc 0.9156 loss 0.352 (7s)
  [random_mask d=0.005 bp lr=0.3 s2] step 5000/7035 acc 0.9148 loss 0.244 (8s)
  [random_mask d=0.005 bp lr=0.3 s2] step 6000/7035 acc 0.9247 loss 0.234 (10s)
  [random_mask d=0.005 bp lr=0.3 s2] step 7000/7035 acc 0.9270 loss 0.198 (12s)
  [random_mask d=0.005 bp lr=0.3 s2] step 7035/7035 acc 0.9270 loss 0.106 (12s)
  -> results\p3\h2v2\random_mask_d0.005\bp\seed2_try0.json final 0.9270 alive 1524/2048 active 9,308 (12s)
[v2] random_mask_d0.005/bp s2: lr 0.3 (attempt 0) final 0.9270
  [random_mask d=0.005 dfa lr=0.003 s2] step 1000/7035 acc 0.5417 loss 1.506 (1s)
  [random_mask d=0.005 dfa lr=0.003 s2] step 2000/7035 acc 0.5663 loss 17.318 (3s)
  [random_mask d=0.005 dfa lr=0.003 s2] step 3000/7035 acc 0.5359 loss 6.176 (4s)
  [random_mask d=0.005 dfa lr=0.003 s2] step 4000/7035 acc 0.6982 loss 1.188 (6s)
  [random_mask d=0.005 dfa lr=0.003 s2] step 5000/7035 acc 0.7334 loss 0.924 (7s)
  [random_mask d=0.005 dfa lr=0.003 s2] step 6000/7035 acc 0.7756 loss 1.652 (9s)
  [random_mask d=0.005 dfa lr=0.003 s2] step 7000/7035 acc 0.7789 loss 1.248 (10s)
  [random_mask d=0.005 dfa lr=0.003 s2] step 7035/7035 acc 0.7789 loss 1.134 (10s)
  -> results\p3\h2v2\random_mask_d0.005\dfa\seed2_try0.json final 0.7789 alive 1524/2048 active 9,308 (10s)
[v2] random_mask_d0.005/dfa s2: lr 0.003 (attempt 0) final 0.7789
  [random_mask d=0.005 np lr=0.01 s2] step 1000/7035 acc 0.4530 loss 1.627 (2s)
  [random_mask d=0.005 np lr=0.01 s2] step 2000/7035 acc 0.0873 loss 686.546 (4s)
  [random_mask d=0.005 np lr=0.01 s2] step 2009/7035 acc 0.0000 loss nan (4s) DIVERGED
  -> results\p3\h2v2\random_mask_d0.005\np\seed2_try0.json final 0.0000 alive 1524/2048 active 9,308 (4s)
  [random_mask d=0.005 np lr=0.00333333 s2] step 1000/7035 acc 0.1135 loss 2.295 (2s)
  [random_mask d=0.005 np lr=0.00333333 s2] step 2000/7035 acc 0.1135 loss 2.288 (4s)
  [random_mask d=0.005 np lr=0.00333333 s2] step 3000/7035 acc 0.2790 loss 2.144 (6s)
  [random_mask d=0.005 np lr=0.00333333 s2] step 4000/7035 acc 0.3417 loss 1.824 (7s)
  [random_mask d=0.005 np lr=0.00333333 s2] step 5000/7035 acc 0.4474 loss 1.646 (9s)
  [random_mask d=0.005 np lr=0.00333333 s2] step 6000/7035 acc 0.4867 loss 1.657 (11s)
  [random_mask d=0.005 np lr=0.00333333 s2] step 7000/7035 acc 0.4923 loss 1.538 (13s)
  [random_mask d=0.005 np lr=0.00333333 s2] step 7035/7035 acc 0.4923 loss 1.463 (14s)
  -> results\p3\h2v2\random_mask_d0.005\np\seed2_try1.json final 0.4923 alive 1524/2048 active 9,308 (14s)
[v2] random_mask_d0.005/np s2: lr 0.00333333 (attempt 1) final 0.4923
  [random_mask d=0.005 fg lr=0.01 s2] step 1000/7035 acc 0.1342 loss 2.293 (27s)
  [random_mask d=0.005 fg lr=0.01 s2] step 2000/7035 acc 0.6888 loss 0.980 (54s)
  [random_mask d=0.005 fg lr=0.01 s2] step 2570/7035 acc 0.0000 loss nan (70s) DIVERGED
  -> results\p3\h2v2\random_mask_d0.005\fg\seed2_try0.json final 0.0000 alive 1524/2048 active 9,308 (70s)
  [random_mask d=0.005 fg lr=0.00333333 s2] step 1000/7035 acc 0.1135 loss 2.306 (27s)
  [random_mask d=0.005 fg lr=0.00333333 s2] step 2000/7035 acc 0.1135 loss 2.305 (55s)
  [random_mask d=0.005 fg lr=0.00333333 s2] step 3000/7035 acc 0.1135 loss 2.293 (83s)
  [random_mask d=0.005 fg lr=0.00333333 s2] step 4000/7035 acc 0.1162 loss 2.284 (111s)
  [random_mask d=0.005 fg lr=0.00333333 s2] step 5000/7035 acc 0.1921 loss 2.247 (139s)
  [random_mask d=0.005 fg lr=0.00333333 s2] step 6000/7035 acc 0.2048 loss 2.227 (167s)
  [random_mask d=0.005 fg lr=0.00333333 s2] step 7000/7035 acc 0.2069 loss 2.210 (194s)
  [random_mask d=0.005 fg lr=0.00333333 s2] step 7035/7035 acc 0.2069 loss 2.201 (195s)
  -> results\p3\h2v2\random_mask_d0.005\fg\seed2_try1.json final 0.2069 alive 1524/2048 active 9,308 (195s)
[v2] random_mask_d0.005/fg s2: lr 0.00333333 (attempt 1) final 0.2069
  [random_mask d=0.005 wp lr=0.01 s2] step 1000/7035 acc 0.1297 loss 2.293 (16s)
  [random_mask d=0.005 wp lr=0.01 s2] step 2000/7035 acc 0.6975 loss 1.000 (31s)
  [random_mask d=0.005 wp lr=0.01 s2] step 3000/7035 acc 0.1201 loss 837828777973736076738560.000 (46s)
  [random_mask d=0.005 wp lr=0.01 s2] step 4000/7035 acc 0.1201 loss 761627800221033246490624.000 (62s)
  [random_mask d=0.005 wp lr=0.01 s2] step 4654/7035 acc 0.0000 loss nan (72s) DIVERGED
  -> results\p3\h2v2\random_mask_d0.005\wp\seed2_try0.json final 0.0000 alive 1524/2048 active 9,308 (72s)
  [random_mask d=0.005 wp lr=0.00333333 s2] step 1000/7035 acc 0.1135 loss 2.306 (16s)
  [random_mask d=0.005 wp lr=0.00333333 s2] step 2000/7035 acc 0.1135 loss 2.305 (31s)
  [random_mask d=0.005 wp lr=0.00333333 s2] step 3000/7035 acc 0.1135 loss 2.293 (46s)
  [random_mask d=0.005 wp lr=0.00333333 s2] step 4000/7035 acc 0.1189 loss 2.283 (62s)
  [random_mask d=0.005 wp lr=0.00333333 s2] step 5000/7035 acc 0.1952 loss 2.243 (78s)
  [random_mask d=0.005 wp lr=0.00333333 s2] step 6000/7035 acc 0.2063 loss 2.222 (93s)
  [random_mask d=0.005 wp lr=0.00333333 s2] step 7000/7035 acc 0.2088 loss 2.204 (109s)
  [random_mask d=0.005 wp lr=0.00333333 s2] step 7035/7035 acc 0.2088 loss 2.194 (109s)
  -> results\p3\h2v2\random_mask_d0.005\wp\seed2_try1.json final 0.2088 alive 1524/2048 active 9,308 (109s)
[v2] random_mask_d0.005/wp s2: lr 0.00333333 (attempt 1) final 0.2088
  [dense d=1 bp lr=0.03 s2] step 1000/7035 acc 0.9729 loss 0.103 (1s)
  [dense d=1 bp lr=0.03 s2] step 2000/7035 acc 0.9796 loss 0.006 (3s)
  [dense d=1 bp lr=0.03 s2] step 3000/7035 acc 0.9830 loss 0.010 (4s)
  [dense d=1 bp lr=0.03 s2] step 4000/7035 acc 0.9850 loss 0.004 (6s)
  [dense d=1 bp lr=0.03 s2] step 5000/7035 acc 0.9854 loss 0.002 (7s)
  [dense d=1 bp lr=0.03 s2] step 6000/7035 acc 0.9856 loss 0.001 (8s)
  [dense d=1 bp lr=0.03 s2] step 7000/7035 acc 0.9855 loss 0.001 (10s)
  [dense d=1 bp lr=0.03 s2] step 7035/7035 acc 0.9855 loss 0.000 (10s)
  -> results\p3\h2v2\dense_d1\bp\seed2_try0.json final 0.9855 alive 2048/2048 active 1,861,632 (10s)
[v2] dense_d1/bp s2: lr 0.03 (attempt 0) final 0.9855
  [dense d=1 dfa lr=0.001 s2] step 1000/7035 acc 0.9406 loss 0.230 (1s)
  [dense d=1 dfa lr=0.001 s2] step 2000/7035 acc 0.9589 loss 0.062 (3s)
  [dense d=1 dfa lr=0.001 s2] step 3000/7035 acc 0.9681 loss 0.240 (4s)
  [dense d=1 dfa lr=0.001 s2] step 4000/7035 acc 0.9718 loss 0.104 (5s)
  [dense d=1 dfa lr=0.001 s2] step 5000/7035 acc 0.9732 loss 0.084 (6s)
  [dense d=1 dfa lr=0.001 s2] step 6000/7035 acc 0.9739 loss 0.035 (7s)
  [dense d=1 dfa lr=0.001 s2] step 7000/7035 acc 0.9754 loss 0.046 (8s)
  [dense d=1 dfa lr=0.001 s2] step 7035/7035 acc 0.9754 loss 0.006 (9s)
  -> results\p3\h2v2\dense_d1\dfa\seed2_try0.json final 0.9754 alive 2048/2048 active 1,861,632 (9s)
[v2] dense_d1/dfa s2: lr 0.001 (attempt 0) final 0.9754
  [dense d=1 np lr=0.0001 s2] step 1000/7035 acc 0.7097 loss 1.682 (2s)
  [dense d=1 np lr=0.0001 s2] step 2000/7035 acc 0.8145 loss 0.984 (4s)
  [dense d=1 np lr=0.0001 s2] step 3000/7035 acc 0.8355 loss 0.701 (6s)
  [dense d=1 np lr=0.0001 s2] step 4000/7035 acc 0.8649 loss 0.452 (7s)
  [dense d=1 np lr=0.0001 s2] step 5000/7035 acc 0.8687 loss 0.621 (9s)
  [dense d=1 np lr=0.0001 s2] step 6000/7035 acc 0.8702 loss 0.569 (11s)
  [dense d=1 np lr=0.0001 s2] step 7000/7035 acc 0.8725 loss 0.459 (12s)
  [dense d=1 np lr=0.0001 s2] step 7035/7035 acc 0.8725 loss 0.496 (12s)
  -> results\p3\h2v2\dense_d1\np\seed2_try0.json final 0.8725 alive 2048/2048 active 1,861,632 (12s)
[v2] dense_d1/np s2: lr 0.0001 (attempt 0) final 0.8725
  [dense d=1 fg lr=0.0001 s2] step 1000/7035 acc 0.7261 loss 1.689 (15s)
  [dense d=1 fg lr=0.0001 s2] step 2000/7035 acc 0.8425 loss 0.728 (30s)
  [dense d=1 fg lr=0.0001 s2] step 3000/7035 acc 0.8752 loss 0.590 (45s)
  [dense d=1 fg lr=0.0001 s2] step 4000/7035 acc 0.8864 loss 0.306 (60s)
  [dense d=1 fg lr=0.0001 s2] step 5000/7035 acc 0.8954 loss 0.398 (75s)
  [dense d=1 fg lr=0.0001 s2] step 6000/7035 acc 0.8986 loss 0.349 (90s)
  [dense d=1 fg lr=0.0001 s2] step 7000/7035 acc 0.8986 loss 0.401 (105s)
  [dense d=1 fg lr=0.0001 s2] step 7035/7035 acc 0.8986 loss 0.646 (106s)
  -> results\p3\h2v2\dense_d1\fg\seed2_try0.json final 0.8986 alive 2048/2048 active 1,861,632 (106s)
[v2] dense_d1/fg s2: lr 0.0001 (attempt 0) final 0.8986
  [dense d=1 wp lr=0.0001 s2] step 1000/7035 acc 0.7257 loss 1.693 (14s)
  [dense d=1 wp lr=0.0001 s2] step 2000/7035 acc 0.8456 loss 0.728 (28s)
  [dense d=1 wp lr=0.0001 s2] step 3000/7035 acc 0.8768 loss 0.601 (41s)
  [dense d=1 wp lr=0.0001 s2] step 4000/7035 acc 0.8870 loss 0.302 (55s)
  [dense d=1 wp lr=0.0001 s2] step 5000/7035 acc 0.8952 loss 0.401 (68s)
  [dense d=1 wp lr=0.0001 s2] step 6000/7035 acc 0.8978 loss 0.353 (82s)
  [dense d=1 wp lr=0.0001 s2] step 7000/7035 acc 0.8986 loss 0.398 (95s)
  [dense d=1 wp lr=0.0001 s2] step 7035/7035 acc 0.8986 loss 0.628 (96s)
  -> results\p3\h2v2\dense_d1\wp\seed2_try0.json final 0.8986 alive 2048/2048 active 1,861,632 (96s)
[v2] dense_d1/wp s2: lr 0.0001 (attempt 0) final 0.8986
  [pruned d=0.01 bp lr=0.1 s2] step 1000/7035 acc 0.9774 loss 0.079 (2s)
  [pruned d=0.01 bp lr=0.1 s2] step 2000/7035 acc 0.9818 loss 0.012 (4s)
  [pruned d=0.01 bp lr=0.1 s2] step 3000/7035 acc 0.9833 loss 0.040 (5s)
  [pruned d=0.01 bp lr=0.1 s2] step 4000/7035 acc 0.9835 loss 0.012 (7s)
  [pruned d=0.01 bp lr=0.1 s2] step 5000/7035 acc 0.9836 loss 0.005 (9s)
  [pruned d=0.01 bp lr=0.1 s2] step 6000/7035 acc 0.9835 loss 0.002 (11s)
  [pruned d=0.01 bp lr=0.1 s2] step 7000/7035 acc 0.9838 loss 0.002 (12s)
  [pruned d=0.01 bp lr=0.1 s2] step 7035/7035 acc 0.9838 loss 0.000 (12s)
  -> results\p3\h2v2\pruned_d0.01\bp\seed2_try0.json final 0.9838 alive 1089/2048 active 18,616 (12s)
[v2] pruned_d0.01/bp s2: lr 0.1 (attempt 0) final 0.9838
  [pruned d=0.01 dfa lr=0.01 s2] step 1000/7035 acc 0.9337 loss 0.219 (1s)
  [pruned d=0.01 dfa lr=0.01 s2] step 2000/7035 acc 0.9485 loss 0.113 (3s)
  [pruned d=0.01 dfa lr=0.01 s2] step 3000/7035 acc 0.9589 loss 0.382 (4s)
  [pruned d=0.01 dfa lr=0.01 s2] step 4000/7035 acc 0.9614 loss 0.197 (5s)
  [pruned d=0.01 dfa lr=0.01 s2] step 5000/7035 acc 0.9629 loss 0.183 (7s)
  [pruned d=0.01 dfa lr=0.01 s2] step 6000/7035 acc 0.9647 loss 0.105 (8s)
  [pruned d=0.01 dfa lr=0.01 s2] step 7000/7035 acc 0.9652 loss 0.103 (10s)
  [pruned d=0.01 dfa lr=0.01 s2] step 7035/7035 acc 0.9652 loss 0.040 (10s)
  -> results\p3\h2v2\pruned_d0.01\dfa\seed2_try0.json final 0.9652 alive 1089/2048 active 18,616 (10s)
[v2] pruned_d0.01/dfa s2: lr 0.01 (attempt 0) final 0.9652
  [pruned d=0.01 np lr=0.003 s2] step 1000/7035 acc 0.6276 loss 1.253 (2s)
  [pruned d=0.01 np lr=0.003 s2] step 2000/7035 acc 0.8500 loss 0.468 (4s)
  [pruned d=0.01 np lr=0.003 s2] step 3000/7035 acc 0.8600 loss 0.429 (6s)
  [pruned d=0.01 np lr=0.003 s2] step 4000/7035 acc 0.8898 loss 0.161 (8s)
  [pruned d=0.01 np lr=0.003 s2] step 5000/7035 acc 0.8976 loss 0.341 (10s)
  [pruned d=0.01 np lr=0.003 s2] step 6000/7035 acc 0.9121 loss 0.337 (12s)
  [pruned d=0.01 np lr=0.003 s2] step 7000/7035 acc 0.9156 loss 0.328 (14s)
  [pruned d=0.01 np lr=0.003 s2] step 7035/7035 acc 0.9156 loss 0.236 (14s)
  -> results\p3\h2v2\pruned_d0.01\np\seed2_try0.json final 0.9156 alive 1089/2048 active 18,616 (14s)
[v2] pruned_d0.01/np s2: lr 0.003 (attempt 0) final 0.9156
  [pruned d=0.01 fg lr=0.003 s2] step 1000/7035 acc 0.4721 loss 2.156 (27s)
  [pruned d=0.01 fg lr=0.003 s2] step 2000/7035 acc 0.8600 loss 0.455 (54s)
  [pruned d=0.01 fg lr=0.003 s2] step 3000/7035 acc 0.8424 loss 0.442 (82s)
  [pruned d=0.01 fg lr=0.003 s2] step 4000/7035 acc 0.8136 loss 0.888 (110s)
  [pruned d=0.01 fg lr=0.003 s2] step 5000/7035 acc 0.7970 loss 2.389 (138s)
  [pruned d=0.01 fg lr=0.003 s2] step 6000/7035 acc 0.8282 loss 1.432 (165s)
  [pruned d=0.01 fg lr=0.003 s2] step 7000/7035 acc 0.8378 loss 1.087 (193s)
  [pruned d=0.01 fg lr=0.003 s2] step 7035/7035 acc 0.8378 loss 2.322 (194s)
  -> results\p3\h2v2\pruned_d0.01\fg\seed2_try0.json final 0.8378 alive 1089/2048 active 18,616 (194s)
[v2] pruned_d0.01/fg s2: lr 0.003 (attempt 0) final 0.8378
  [pruned d=0.01 wp lr=0.003 s2] step 1000/7035 acc 0.4745 loss 2.156 (16s)
  [pruned d=0.01 wp lr=0.003 s2] step 2000/7035 acc 0.8574 loss 0.477 (31s)
  [pruned d=0.01 wp lr=0.003 s2] step 3000/7035 acc 0.8254 loss 0.608 (46s)
  [pruned d=0.01 wp lr=0.003 s2] step 4000/7035 acc 0.5259 loss 17.065 (61s)
  [pruned d=0.01 wp lr=0.003 s2] step 5000/7035 acc 0.0754 loss 16781452723240375775395840.000 (75s)
  [pruned d=0.01 wp lr=0.003 s2] step 5214/7035 acc 0.0000 loss nan (78s) DIVERGED
  -> results\p3\h2v2\pruned_d0.01\wp\seed2_try0.json final 0.0000 alive 1089/2048 active 18,616 (78s)
  [pruned d=0.01 wp lr=0.001 s2] step 1000/7035 acc 0.1135 loss 2.290 (15s)
  [pruned d=0.01 wp lr=0.001 s2] step 2000/7035 acc 0.2397 loss 2.257 (30s)
  [pruned d=0.01 wp lr=0.001 s2] step 3000/7035 acc 0.5764 loss 2.096 (45s)
  [pruned d=0.01 wp lr=0.001 s2] step 4000/7035 acc 0.6548 loss 1.557 (59s)
  [pruned d=0.01 wp lr=0.001 s2] step 5000/7035 acc 0.7613 loss 1.209 (74s)
  [pruned d=0.01 wp lr=0.001 s2] step 6000/7035 acc 0.7946 loss 1.092 (88s)
  [pruned d=0.01 wp lr=0.001 s2] step 7000/7035 acc 0.7988 loss 1.042 (103s)
  [pruned d=0.01 wp lr=0.001 s2] step 7035/7035 acc 0.7988 loss 1.077 (104s)
  -> results\p3\h2v2\pruned_d0.01\wp\seed2_try1.json final 0.7988 alive 1089/2048 active 18,616 (104s)
[v2] pruned_d0.01/wp s2: lr 0.001 (attempt 1) final 0.7988
  [dense_small d=0.01 bp lr=0.03 s2] step 1000/7035 acc 0.9526 loss 0.234 (1s)
  [dense_small d=0.01 bp lr=0.03 s2] step 2000/7035 acc 0.9594 loss 0.058 (3s)
  [dense_small d=0.01 bp lr=0.03 s2] step 3000/7035 acc 0.9645 loss 0.140 (4s)
  [dense_small d=0.01 bp lr=0.03 s2] step 4000/7035 acc 0.9663 loss 0.131 (5s)
  [dense_small d=0.01 bp lr=0.03 s2] step 5000/7035 acc 0.9705 loss 0.048 (7s)
  [dense_small d=0.01 bp lr=0.03 s2] step 6000/7035 acc 0.9710 loss 0.037 (8s)
  [dense_small d=0.01 bp lr=0.03 s2] step 7000/7035 acc 0.9712 loss 0.025 (10s)
  [dense_small d=0.01 bp lr=0.03 s2] step 7035/7035 acc 0.9712 loss 0.002 (10s)
  -> results\p3\h2v2\dense_small_d0.01\bp\seed2_try0.json final 0.9712 alive 46/46 active 18,791 (10s)
[v2] dense_small_d0.01/bp s2: lr 0.03 (attempt 0) final 0.9712
  [dense_small d=0.01 dfa lr=0.003 s2] step 1000/7035 acc 0.9066 loss 0.309 (1s)
  [dense_small d=0.01 dfa lr=0.003 s2] step 2000/7035 acc 0.9222 loss 0.192 (2s)
  [dense_small d=0.01 dfa lr=0.003 s2] step 3000/7035 acc 0.9368 loss 0.407 (4s)
  [dense_small d=0.01 dfa lr=0.003 s2] step 4000/7035 acc 0.9415 loss 0.236 (5s)
  [dense_small d=0.01 dfa lr=0.003 s2] step 5000/7035 acc 0.9432 loss 0.180 (6s)
  [dense_small d=0.01 dfa lr=0.003 s2] step 6000/7035 acc 0.9458 loss 0.172 (7s)
  [dense_small d=0.01 dfa lr=0.003 s2] step 7000/7035 acc 0.9463 loss 0.154 (8s)
  [dense_small d=0.01 dfa lr=0.003 s2] step 7035/7035 acc 0.9463 loss 0.071 (8s)
  -> results\p3\h2v2\dense_small_d0.01\dfa\seed2_try0.json final 0.9463 alive 46/46 active 18,791 (8s)
[v2] dense_small_d0.01/dfa s2: lr 0.003 (attempt 0) final 0.9463
  [dense_small d=0.01 np lr=0.001 s2] step 1000/7035 acc 0.8096 loss 0.551 (2s)
  [dense_small d=0.01 np lr=0.001 s2] step 2000/7035 acc 0.8641 loss 0.540 (4s)
  [dense_small d=0.01 np lr=0.001 s2] step 3000/7035 acc 0.8967 loss 0.364 (5s)
  [dense_small d=0.01 np lr=0.001 s2] step 4000/7035 acc 0.9020 loss 0.138 (7s)
  [dense_small d=0.01 np lr=0.001 s2] step 5000/7035 acc 0.9127 loss 0.411 (9s)
  [dense_small d=0.01 np lr=0.001 s2] step 6000/7035 acc 0.9175 loss 0.384 (11s)
  [dense_small d=0.01 np lr=0.001 s2] step 7000/7035 acc 0.9167 loss 0.244 (12s)
  [dense_small d=0.01 np lr=0.001 s2] step 7035/7035 acc 0.9167 loss 0.214 (12s)
  -> results\p3\h2v2\dense_small_d0.01\np\seed2_try0.json final 0.9167 alive 46/46 active 18,791 (12s)
[v2] dense_small_d0.01/np s2: lr 0.001 (attempt 0) final 0.9167
  [dense_small d=0.01 fg lr=0.0003 s2] step 1000/7035 acc 0.5830 loss 1.489 (15s)
  [dense_small d=0.01 fg lr=0.0003 s2] step 2000/7035 acc 0.8272 loss 0.637 (29s)
  [dense_small d=0.01 fg lr=0.0003 s2] step 3000/7035 acc 0.8663 loss 0.401 (43s)
  [dense_small d=0.01 fg lr=0.0003 s2] step 4000/7035 acc 0.8758 loss 0.512 (58s)
  [dense_small d=0.01 fg lr=0.0003 s2] step 5000/7035 acc 0.8822 loss 0.477 (73s)
  [dense_small d=0.01 fg lr=0.0003 s2] step 6000/7035 acc 0.8850 loss 0.301 (88s)
  [dense_small d=0.01 fg lr=0.0003 s2] step 7000/7035 acc 0.8852 loss 0.431 (102s)
  [dense_small d=0.01 fg lr=0.0003 s2] step 7035/7035 acc 0.8852 loss 0.479 (103s)
  -> results\p3\h2v2\dense_small_d0.01\fg\seed2_try0.json final 0.8852 alive 46/46 active 18,791 (103s)
[v2] dense_small_d0.01/fg s2: lr 0.0003 (attempt 0) final 0.8852
  [dense_small d=0.01 wp lr=0.0003 s2] step 1000/7035 acc 0.5834 loss 1.487 (14s)
  [dense_small d=0.01 wp lr=0.0003 s2] step 2000/7035 acc 0.8282 loss 0.637 (27s)
  [dense_small d=0.01 wp lr=0.0003 s2] step 3000/7035 acc 0.8669 loss 0.402 (41s)
  [dense_small d=0.01 wp lr=0.0003 s2] step 4000/7035 acc 0.8771 loss 0.508 (55s)
  [dense_small d=0.01 wp lr=0.0003 s2] step 5000/7035 acc 0.8825 loss 0.476 (69s)
  [dense_small d=0.01 wp lr=0.0003 s2] step 6000/7035 acc 0.8849 loss 0.303 (83s)
  [dense_small d=0.01 wp lr=0.0003 s2] step 7000/7035 acc 0.8853 loss 0.432 (96s)
  [dense_small d=0.01 wp lr=0.0003 s2] step 7035/7035 acc 0.8853 loss 0.484 (97s)
  -> results\p3\h2v2\dense_small_d0.01\wp\seed2_try0.json final 0.8853 alive 46/46 active 18,791 (97s)
[v2] dense_small_d0.01/wp s2: lr 0.0003 (attempt 0) final 0.8853
  [random_mask d=0.01 bp lr=0.3 s2] step 1000/7035 acc 0.9142 loss 0.324 (2s)
  [random_mask d=0.01 bp lr=0.3 s2] step 2000/7035 acc 0.9377 loss 0.074 (4s)
  [random_mask d=0.01 bp lr=0.3 s2] step 3000/7035 acc 0.9487 loss 0.285 (6s)
  [random_mask d=0.01 bp lr=0.3 s2] step 4000/7035 acc 0.9578 loss 0.149 (8s)
  [random_mask d=0.01 bp lr=0.3 s2] step 5000/7035 acc 0.9615 loss 0.054 (10s)
  [random_mask d=0.01 bp lr=0.3 s2] step 6000/7035 acc 0.9617 loss 0.044 (12s)
  [random_mask d=0.01 bp lr=0.3 s2] step 7000/7035 acc 0.9628 loss 0.029 (14s)
  [random_mask d=0.01 bp lr=0.3 s2] step 7035/7035 acc 0.9628 loss 0.015 (14s)
  -> results\p3\h2v2\random_mask_d0.01\bp\seed2_try0.json final 0.9628 alive 1707/2048 active 18,616 (14s)
[v2] random_mask_d0.01/bp s2: lr 0.3 (attempt 0) final 0.9628
  [random_mask d=0.01 dfa lr=0.01 s2] step 1000/7035 acc 0.8348 loss 0.532 (1s)
  [random_mask d=0.01 dfa lr=0.01 s2] step 2000/7035 acc 0.8612 loss 0.645 (3s)
  [random_mask d=0.01 dfa lr=0.01 s2] step 3000/7035 acc 0.8613 loss 0.949 (4s)
  [random_mask d=0.01 dfa lr=0.01 s2] step 4000/7035 acc 0.8694 loss 0.542 (6s)
  [random_mask d=0.01 dfa lr=0.01 s2] step 5000/7035 acc 0.8779 loss 0.432 (7s)
  [random_mask d=0.01 dfa lr=0.01 s2] step 6000/7035 acc 0.9001 loss 0.278 (8s)
  [random_mask d=0.01 dfa lr=0.01 s2] step 7000/7035 acc 0.9053 loss 0.313 (10s)
  [random_mask d=0.01 dfa lr=0.01 s2] step 7035/7035 acc 0.9054 loss 0.229 (10s)
  -> results\p3\h2v2\random_mask_d0.01\dfa\seed2_try0.json final 0.9054 alive 1707/2048 active 18,616 (10s)
[v2] random_mask_d0.01/dfa s2: lr 0.01 (attempt 0) final 0.9054
  [random_mask d=0.01 np lr=0.003 s2] step 1000/7035 acc 0.1135 loss 2.292 (2s)
  [random_mask d=0.01 np lr=0.003 s2] step 2000/7035 acc 0.3543 loss 2.109 (4s)
  [random_mask d=0.01 np lr=0.003 s2] step 3000/7035 acc 0.6003 loss 1.222 (6s)
  [random_mask d=0.01 np lr=0.003 s2] step 4000/7035 acc 0.7072 loss 0.737 (8s)
  [random_mask d=0.01 np lr=0.003 s2] step 5000/7035 acc 0.7443 loss 0.895 (10s)
  [random_mask d=0.01 np lr=0.003 s2] step 6000/7035 acc 0.7585 loss 0.868 (12s)
  [random_mask d=0.01 np lr=0.003 s2] step 7000/7035 acc 0.7618 loss 0.803 (14s)
  [random_mask d=0.01 np lr=0.003 s2] step 7035/7035 acc 0.7618 loss 0.713 (14s)
  -> results\p3\h2v2\random_mask_d0.01\np\seed2_try0.json final 0.7618 alive 1707/2048 active 18,616 (14s)
[v2] random_mask_d0.01/np s2: lr 0.003 (attempt 0) final 0.7618
  [random_mask d=0.01 fg lr=0.003 s2] step 1000/7035 acc 0.1135 loss 2.306 (27s)
  [random_mask d=0.01 fg lr=0.003 s2] step 2000/7035 acc 0.1135 loss 2.301 (54s)
  [random_mask d=0.01 fg lr=0.003 s2] step 3000/7035 acc 0.2137 loss 2.226 (81s)
  [random_mask d=0.01 fg lr=0.003 s2] step 4000/7035 acc 0.3649 loss 1.919 (107s)
  [random_mask d=0.01 fg lr=0.003 s2] step 5000/7035 acc 0.4619 loss 1.654 (134s)
  [random_mask d=0.01 fg lr=0.003 s2] step 6000/7035 acc 0.4940 loss 1.655 (161s)
  [random_mask d=0.01 fg lr=0.003 s2] step 7000/7035 acc 0.4987 loss 1.543 (187s)
  [random_mask d=0.01 fg lr=0.003 s2] step 7035/7035 acc 0.4987 loss 1.682 (188s)
  -> results\p3\h2v2\random_mask_d0.01\fg\seed2_try0.json final 0.4987 alive 1707/2048 active 18,616 (188s)
[v2] random_mask_d0.01/fg s2: lr 0.003 (attempt 0) final 0.4987
  [random_mask d=0.01 wp lr=0.03 s2] step 1000/7035 acc 0.1110 loss 13982995630091021087609454592.000 (15s)
  [random_mask d=0.01 wp lr=0.03 s2] step 2000/7035 acc 0.1110 loss 15219599239661749252913102848.000 (29s)
  [random_mask d=0.01 wp lr=0.03 s2] step 3000/7035 acc 0.1110 loss 15392045896516700087181639680.000 (44s)
  [random_mask d=0.01 wp lr=0.03 s2] step 4000/7035 acc 0.1110 loss 12538833388273585558462136320.000 (59s)
  [random_mask d=0.01 wp lr=0.03 s2] step 5000/7035 acc 0.1110 loss 15382537411603442056543862784.000 (73s)
  [random_mask d=0.01 wp lr=0.03 s2] step 6000/7035 acc 0.1110 loss 13423671460310216004031479808.000 (87s)
  [random_mask d=0.01 wp lr=0.03 s2] step 7000/7035 acc 0.1110 loss 15338114110099087304018624512.000 (102s)
  [random_mask d=0.01 wp lr=0.03 s2] step 7035/7035 acc 0.1110 loss 14774210425421519381994668032.000 (103s)
  -> results\p3\h2v2\random_mask_d0.01\wp\seed2_try0.json final 0.1110 alive 1707/2048 active 18,616 (103s)
[deadline] skip C:\Users\KDI\Downloads\Projects\subtractive-intelligence\results\p3\h2v2\random_mask_d0.01\wp\seed2_try1.json
==== stage h2v2 end 08:06:08
P3_CHAIN2_DONE 2026-10-07  8:06:09.33 
