==== p3 chain5 waiting for _done4 2026-10-07 15:02:00.47 
==== p3 chain5 start 2026-10-07 18:58:31.77 
W1007 18:58:33.526000 94740 .venv\Lib\site-packages\torch\utils\flop_counter.py:29] triton not found; flop counting will not work for triton kernels
  [h1cnn dense s0] epoch 5/20 acc 0.7866 (37s)
  [h1cnn dense s0] epoch 10/20 acc 0.8476 (58s)
  [h1cnn dense s0] epoch 15/20 acc 0.8966 (78s)
  [h1cnn dense s0] epoch 20/20 acc 0.9140 (99s)
  [h1cnn s0] dense acc 0.9140
  [h1cnn s0] U D=0.5: magnitude=0.899 magnitude_row=0.898 wanda_row=0.901 wanda_layer=0.903 prepost_layer=0.900 prepost_row=0.900 conn_drive=0.718 coincidence_w=0.606 ria_row=0.899 ria_layer=0.901 rates_only=0.685 random=0.790 (32s)
  [h1cnn s0] U D=0.3: magnitude=0.882 magnitude_row=0.878 wanda_row=0.879 wanda_layer=0.884 prepost_layer=0.875 prepost_row=0.876 conn_drive=0.393 coincidence_w=0.285 ria_row=0.881 ria_layer=0.883 rates_only=0.424 random=0.493 (42s)
  [h1cnn s0] U D=0.2: magnitude=0.855 magnitude_row=0.849 wanda_row=0.840 wanda_layer=0.858 prepost_layer=0.833 prepost_row=0.825 conn_drive=0.224 coincidence_w=0.174 ria_row=0.848 ria_layer=0.860 rates_only=0.276 random=0.248 (52s)
  [h1cnn s0] U D=0.1: magnitude=0.764 magnitude_row=0.731 wanda_row=0.665 wanda_layer=0.709 prepost_layer=0.660 prepost_row=0.612 conn_drive=0.141 coincidence_w=0.142 ria_row=0.727 ria_layer=0.743 rates_only=0.158 random=0.105 (62s)
  [h1cnn s0] U D=0.05: magnitude=0.551 magnitude_row=0.464 wanda_row=0.361 wanda_layer=0.438 prepost_layer=0.436 prepost_row=0.325 conn_drive=0.134 coincidence_w=0.138 ria_row=0.475 ria_layer=0.498 rates_only=0.113 random=0.100 (72s)
  [h1cnn s0] U D=0.02: magnitude=0.215 magnitude_row=0.166 wanda_row=0.175 wanda_layer=0.217 prepost_layer=0.217 prepost_row=0.164 conn_drive=0.127 coincidence_w=0.129 ria_row=0.163 ria_layer=0.184 rates_only=0.125 random=0.100 (82s)
  [h1cnn s0] U D=0.01: magnitude=0.127 magnitude_row=0.121 wanda_row=0.134 wanda_layer=0.151 prepost_layer=0.148 prepost_row=0.128 conn_drive=0.126 coincidence_w=0.136 ria_row=0.109 ria_layer=0.133 rates_only=0.108 random=0.100 (92s)
  [h1cnn s0] transplant D=0.1: deg(prepost)+sel(wanda)=0.696 deg(prepost)+sel(magnitude)=0.708 deg(magnitude)+sel(prepost)=0.666 deg(prepost)+sel(prepost)=0.660
  [h1cnn s0] transplant D=0.05: deg(prepost)+sel(wanda)=0.420 deg(prepost)+sel(magnitude)=0.451 deg(magnitude)+sel(prepost)=0.407 deg(prepost)+sel(prepost)=0.436
  [h1cnn s0] transplant D=0.02: deg(prepost)+sel(wanda)=0.191 deg(prepost)+sel(magnitude)=0.194 deg(magnitude)+sel(prepost)=0.186 deg(prepost)+sel(prepost)=0.217
  [h1cnn s0] transplant D=0.01: deg(prepost)+sel(wanda)=0.139 deg(prepost)+sel(magnitude)=0.134 deg(magnitude)+sel(prepost)=0.153 deg(prepost)+sel(prepost)=0.148
  [h1cnn s0] L D=0.1: magnitude=0.847 magnitude_row=0.787 wanda_row=0.768 wanda_layer=0.844 prepost_layer=0.831 prepost_row=0.747 conn_drive=0.261 coincidence_w=0.194 ria_row=0.787 ria_layer=0.849 rates_only=0.206 random=0.100
  [h1cnn s0] L D=0.03: magnitude=0.572 magnitude_row=0.414 wanda_row=0.374 wanda_layer=0.497 prepost_layer=0.497 prepost_row=0.334 conn_drive=0.142 coincidence_w=0.123 ria_row=0.410 ria_layer=0.556 rates_only=0.113 random=0.100
  [h1cnn s0] L D=0.01: magnitude=0.200 magnitude_row=0.141 wanda_row=0.153 wanda_layer=0.210 prepost_layer=0.181 prepost_row=0.133 conn_drive=0.141 coincidence_w=0.111 ria_row=0.146 ria_layer=0.197 rates_only=0.100 random=0.100
  [h1cnn dense s1] epoch 5/20 acc 0.7920 (20s)
  [h1cnn dense s1] epoch 10/20 acc 0.8565 (41s)
  [h1cnn dense s1] epoch 15/20 acc 0.8942 (62s)
  [h1cnn dense s1] epoch 20/20 acc 0.9126 (83s)
  [h1cnn s1] dense acc 0.9126
  [h1cnn s1] U D=0.5: magnitude=0.894 magnitude_row=0.895 wanda_row=0.899 wanda_layer=0.900 prepost_layer=0.902 prepost_row=0.901 conn_drive=0.718 coincidence_w=0.626 ria_row=0.898 ria_layer=0.898 rates_only=0.674 random=0.764 (26s)
  [h1cnn s1] U D=0.3: magnitude=0.884 magnitude_row=0.880 wanda_row=0.876 wanda_layer=0.882 prepost_layer=0.876 prepost_row=0.866 conn_drive=0.435 coincidence_w=0.358 ria_row=0.885 ria_layer=0.886 rates_only=0.370 random=0.532 (35s)
  [h1cnn s1] U D=0.2: magnitude=0.861 magnitude_row=0.847 wanda_row=0.822 wanda_layer=0.846 prepost_layer=0.824 prepost_row=0.810 conn_drive=0.266 coincidence_w=0.216 ria_row=0.851 ria_layer=0.866 rates_only=0.209 random=0.211 (45s)
  [h1cnn s1] U D=0.1: magnitude=0.739 magnitude_row=0.676 wanda_row=0.603 wanda_layer=0.671 prepost_layer=0.640 prepost_row=0.576 conn_drive=0.146 coincidence_w=0.134 ria_row=0.670 ria_layer=0.729 rates_only=0.152 random=0.104 (55s)
  [h1cnn s1] U D=0.05: magnitude=0.444 magnitude_row=0.370 wanda_row=0.319 wanda_layer=0.405 prepost_layer=0.390 prepost_row=0.298 conn_drive=0.135 coincidence_w=0.114 ria_row=0.357 ria_layer=0.410 rates_only=0.105 random=0.100 (65s)
  [h1cnn s1] U D=0.02: magnitude=0.194 magnitude_row=0.153 wanda_row=0.147 wanda_layer=0.201 prepost_layer=0.175 prepost_row=0.137 conn_drive=0.106 coincidence_w=0.136 ria_row=0.133 ria_layer=0.169 rates_only=0.119 random=0.100 (75s)
  [h1cnn s1] U D=0.01: magnitude=0.152 magnitude_row=0.123 wanda_row=0.118 wanda_layer=0.141 prepost_layer=0.128 prepost_row=0.101 conn_drive=0.112 coincidence_w=0.133 ria_row=0.105 ria_layer=0.138 rates_only=0.123 random=0.100 (85s)
  [h1cnn s1] transplant D=0.1: deg(prepost)+sel(wanda)=0.630 deg(prepost)+sel(magnitude)=0.671 deg(magnitude)+sel(prepost)=0.635 deg(prepost)+sel(prepost)=0.640
  [h1cnn s1] transplant D=0.05: deg(prepost)+sel(wanda)=0.380 deg(prepost)+sel(magnitude)=0.335 deg(magnitude)+sel(prepost)=0.377 deg(prepost)+sel(prepost)=0.390
  [h1cnn s1] transplant D=0.02: deg(prepost)+sel(wanda)=0.156 deg(prepost)+sel(magnitude)=0.161 deg(magnitude)+sel(prepost)=0.184 deg(prepost)+sel(prepost)=0.175
  [h1cnn s1] transplant D=0.01: deg(prepost)+sel(wanda)=0.138 deg(prepost)+sel(magnitude)=0.114 deg(magnitude)+sel(prepost)=0.133 deg(prepost)+sel(prepost)=0.128
  [h1cnn s1] L D=0.1: magnitude=0.852 magnitude_row=0.751 wanda_row=0.734 wanda_layer=0.838 prepost_layer=0.817 prepost_row=0.725 conn_drive=0.245 coincidence_w=0.195 ria_row=0.767 ria_layer=0.855 rates_only=0.217 random=0.100
  [h1cnn s1] L D=0.03: magnitude=0.511 magnitude_row=0.314 wanda_row=0.304 wanda_layer=0.439 prepost_layer=0.431 prepost_row=0.247 conn_drive=0.141 coincidence_w=0.140 ria_row=0.324 ria_layer=0.475 rates_only=0.127 random=0.100
  [h1cnn s1] L D=0.01: magnitude=0.155 magnitude_row=0.120 wanda_row=0.121 wanda_layer=0.163 prepost_layer=0.146 prepost_row=0.122 conn_drive=0.127 coincidence_w=0.130 ria_row=0.129 ria_layer=0.160 rates_only=0.104 random=0.100
  [h1cnn dense s2] epoch 5/20 acc 0.7950 (21s)
  [h1cnn dense s2] epoch 10/20 acc 0.8413 (41s)
  [h1cnn dense s2] epoch 15/20 acc 0.9029 (62s)
  [h1cnn dense s2] epoch 20/20 acc 0.9105 (82s)
  [h1cnn s2] dense acc 0.9105
  [h1cnn s2] U D=0.5: magnitude=0.897 magnitude_row=0.897 wanda_row=0.899 wanda_layer=0.900 prepost_layer=0.899 prepost_row=0.899 conn_drive=0.684 coincidence_w=0.566 ria_row=0.897 ria_layer=0.897 rates_only=0.665 random=0.791 (26s)
  [h1cnn s2] U D=0.3: magnitude=0.887 magnitude_row=0.882 wanda_row=0.873 wanda_layer=0.882 prepost_layer=0.876 prepost_row=0.870 conn_drive=0.405 coincidence_w=0.313 ria_row=0.881 ria_layer=0.889 rates_only=0.384 random=0.523 (35s)
  [h1cnn s2] U D=0.2: magnitude=0.862 magnitude_row=0.845 wanda_row=0.825 wanda_layer=0.856 prepost_layer=0.833 prepost_row=0.808 conn_drive=0.245 coincidence_w=0.205 ria_row=0.844 ria_layer=0.863 rates_only=0.226 random=0.200 (45s)
  [h1cnn s2] U D=0.1: magnitude=0.750 magnitude_row=0.689 wanda_row=0.611 wanda_layer=0.684 prepost_layer=0.678 prepost_row=0.588 conn_drive=0.139 coincidence_w=0.112 ria_row=0.683 ria_layer=0.740 rates_only=0.123 random=0.101 (55s)
  [h1cnn s2] U D=0.05: magnitude=0.525 magnitude_row=0.394 wanda_row=0.326 wanda_layer=0.409 prepost_layer=0.405 prepost_row=0.299 conn_drive=0.115 coincidence_w=0.109 ria_row=0.425 ria_layer=0.475 rates_only=0.105 random=0.100 (65s)
  [h1cnn s2] U D=0.02: magnitude=0.215 magnitude_row=0.138 wanda_row=0.141 wanda_layer=0.201 prepost_layer=0.209 prepost_row=0.131 conn_drive=0.123 coincidence_w=0.145 ria_row=0.146 ria_layer=0.176 rates_only=0.090 random=0.100 (75s)
  [h1cnn s2] U D=0.01: magnitude=0.135 magnitude_row=0.120 wanda_row=0.114 wanda_layer=0.148 prepost_layer=0.150 prepost_row=0.118 conn_drive=0.131 coincidence_w=0.135 ria_row=0.120 ria_layer=0.138 rates_only=0.108 random=0.100 (85s)
  [h1cnn s2] transplant D=0.1: deg(prepost)+sel(wanda)=0.682 deg(prepost)+sel(magnitude)=0.685 deg(magnitude)+sel(prepost)=0.653 deg(prepost)+sel(prepost)=0.678
  [h1cnn s2] transplant D=0.05: deg(prepost)+sel(wanda)=0.410 deg(prepost)+sel(magnitude)=0.425 deg(magnitude)+sel(prepost)=0.367 deg(prepost)+sel(prepost)=0.405
  [h1cnn s2] transplant D=0.02: deg(prepost)+sel(wanda)=0.194 deg(prepost)+sel(magnitude)=0.163 deg(magnitude)+sel(prepost)=0.186 deg(prepost)+sel(prepost)=0.209
  [h1cnn s2] transplant D=0.01: deg(prepost)+sel(wanda)=0.155 deg(prepost)+sel(magnitude)=0.139 deg(magnitude)+sel(prepost)=0.131 deg(prepost)+sel(prepost)=0.150
  [h1cnn s2] L D=0.1: magnitude=0.849 magnitude_row=0.734 wanda_row=0.733 wanda_layer=0.841 prepost_layer=0.818 prepost_row=0.716 conn_drive=0.232 coincidence_w=0.152 ria_row=0.760 ria_layer=0.852 rates_only=0.193 random=0.100
  [h1cnn s2] L D=0.03: magnitude=0.504 magnitude_row=0.274 wanda_row=0.318 wanda_layer=0.467 prepost_layer=0.440 prepost_row=0.284 conn_drive=0.145 coincidence_w=0.138 ria_row=0.338 ria_layer=0.522 rates_only=0.113 random=0.100
  [h1cnn s2] L D=0.01: magnitude=0.159 magnitude_row=0.119 wanda_row=0.120 wanda_layer=0.153 prepost_layer=0.190 prepost_row=0.123 conn_drive=0.126 coincidence_w=0.115 ria_row=0.126 ria_layer=0.148 rates_only=0.107 random=0.100
## H1 CNN 밀도 스윕 (CIFAR-10 SmallCNN, 첫 합성곱·출력 머리 유지, 나머지 6 층 균일 D, BN 재보정, 미세조정 없음; 시험 정확도 %, 시드 3; 밀집 91.2)

| 기준 | 50% | 30% | 20% | 10% | 5% | 2% | 1% |
|---|---|---|---|---|---|---|---|
| 크기 (층 순위) | 89.7±0.2 | 88.4±0.2 | 85.9±0.3 | 75.1±1.0 | 50.7±4.5 | 20.8±1.0 | 13.8±1.1 |
| 크기 (행별) | 89.7±0.1 | 88.0±0.2 | 84.7±0.2 | 69.9±2.3 | 40.9±4.0 | 15.2±1.2 | 12.1±0.2 |
| Wanda (행별, 원본) | 90.0±0.1 | 87.6±0.2 | 82.9±0.8 | 62.7±2.8 | 33.5±1.9 | 15.4±1.5 | 12.2±0.8 |
| Wanda 점수 (층 순위) | 90.1±0.1 | 88.3±0.1 | 85.3±0.5 | 68.8±1.6 | 41.7±1.5 | 20.7±0.8 | 14.7±0.4 |
| 보내는×받는 흐름 (층 순위) | 90.1±0.1 | 87.6±0.0 | 83.0±0.4 | 65.9±1.5 | 41.0±1.9 | 20.0±1.8 | 14.2±1.0 |
| 보내는×받는 흐름 (행별) | 90.0±0.1 | 87.1±0.4 | 81.5±0.8 | 59.2±1.5 | 30.7±1.3 | 14.4±1.4 | 11.6±1.1 |
| 연결 단위 구동 흔적 | 70.6±1.6 | 41.1±1.8 | 24.5±1.7 | 14.2±0.3 | 12.8±1.0 | 11.9±0.9 | 12.3±0.8 |
| 동시 발화×abs(w) | 59.9±2.5 | 31.9±3.0 | 19.8±1.8 | 12.9±1.3 | 12.0±1.3 | 13.7±0.7 | 13.5±0.1 |
| RIA (행별) | 89.8±0.1 | 88.2±0.2 | 84.7±0.3 | 69.3±2.4 | 41.9±4.8 | 14.7±1.3 | 11.1±0.6 |
| RIA (층 순위) | 89.9±0.2 | 88.6±0.2 | 86.3±0.3 | 73.7±0.6 | 46.1±3.7 | 17.6±0.6 | 13.6±0.2 |
| 흐름만 (가중치 없음) | 67.5±0.8 | 39.3±2.3 | 23.7±2.8 | 14.4±1.5 | 10.8±0.4 | 11.1±1.5 | 11.3±0.7 |
| 무작위 | 78.2±1.3 | 51.6±1.6 | 22.0±2.1 | 10.3±0.2 | 10.0±0.0 | 10.0±0.0 | 10.0±0.0 |

## H1 CNN 허브·경로 지표 (균일 배분; 살아 있는 은닉 단위 / 층 평균 입력 수 지니 / 층 평균 입력 수-받는 활동 상관 / 낭비 연결 %)

| 기준 | 10% | 5% | 2% | 1% |
|---|---|---|---|---|
| Wanda (행별, 원본) | 1135/1152 / 0.00 / -0.01 / 0.2 | 1122/1152 / 0.00 / -0.01 / 0.8 | 1091/1152 / 0.00 / -0.01 / 3.0 | 1021/1152 / 0.00 / -0.01 / 8.4 |
| Wanda 점수 (층 순위) | 1087/1152 / 0.29 / 0.16 / 0.4 | 996/1152 / 0.36 / 0.17 / 1.8 | 915/1152 / 0.45 / 0.17 / 6.0 | 843/1152 / 0.52 / 0.16 / 12.7 |
| 보내는×받는 흐름 (층 순위) | 945/1152 / 0.41 / 0.79 / 1.0 | 919/1152 / 0.49 / 0.77 / 2.4 | 852/1152 / 0.59 / 0.75 / 7.1 | 769/1152 / 0.65 / 0.69 / 14.7 |
| 크기 (층 순위) | 1018/1152 / 0.31 / 0.16 / 0.6 | 976/1152 / 0.38 / 0.16 / 1.6 | 943/1152 / 0.47 / 0.15 / 4.7 | 899/1152 / 0.54 / 0.14 / 10.5 |
| 연결 단위 구동 흔적 | 870/1152 / 0.66 / 0.04 / 13.4 | 773/1152 / 0.73 / 0.04 / 22.2 | 642/1152 / 0.79 / 0.04 / 33.8 | 523/1152 / 0.83 / 0.05 / 45.8 |
| RIA (행별) | 1152/1152 / 0.00 / -0.01 / 0.0 | 1151/1152 / 0.00 / -0.01 / 0.0 | 1145/1152 / 0.00 / -0.01 / 0.4 | 1133/1152 / 0.00 / -0.01 / 1.5 |
| RIA (층 순위) | 1031/1152 / 0.29 / 0.16 / 0.5 | 979/1152 / 0.36 / 0.17 / 1.5 | 946/1152 / 0.45 / 0.16 / 4.7 | 909/1152 / 0.52 / 0.15 / 10.5 |

## H1 CNN 차수 이식 (균일 배분, BN 재보정)

| 이식 | 10% | 5% | 2% | 1% |
|---|---|---|---|---|
| deg(prepost)+sel(wanda) | 66.9±2.8 | 40.3±1.7 | 18.1±1.7 | 14.4±0.8 |
| deg(prepost)+sel(magnitude) | 68.8±1.5 | 40.4±5.0 | 17.3±1.5 | 12.9±1.1 |
| deg(magnitude)+sel(prepost) | 65.1±1.3 | 38.4±1.7 | 18.6±0.1 | 13.9±1.0 |
| deg(prepost)+sel(prepost) [항등 점검] | 65.9±1.5 | 41.0±1.9 | 20.0±1.8 | 14.2±1.0 |

## H1 CNN 학습 배분 (논문 1 학습 중 가지치기 마스크의 층별 밀도, 전 층; 정확도 % / 낭비 연결 % / 살아 있는 은닉 단위)

| 기준 | 10% | 3% | 1% |
|---|---|---|---|
| 크기 (층 순위) | 84.9±0.2 / 0.2 / 973 | 52.9±3.0 / 0.1 / 961 | 17.1±2.0 / 1.1 / 924 |
| 크기 (행별) | 75.7±2.2 / 3.7 / 1105 | 33.4±5.9 / 12.7 / 1002 | 12.7±1.0 / 14.7 / 975 |
| Wanda (행별, 원본) | 74.5±1.6 / 10.5 / 1021 | 33.2±3.0 / 17.2 / 943 | 13.1±1.5 / 24.2 / 842 |
| Wanda 점수 (층 순위) | 84.1±0.3 / 0.2 / 990 | 46.7±2.4 / 0.5 / 953 | 17.5±2.5 / 3.8 / 870 |
| 보내는×받는 흐름 (층 순위) | 82.2±0.6 / 0.2 / 957 | 45.6±2.9 / 0.6 / 916 | 17.2±1.9 / 3.6 / 800 |
| 보내는×받는 흐름 (행별) | 73.0±1.3 / 11.2 / 1011 | 28.8±3.6 / 18.4 / 925 | 12.6±0.5 / 27.9 / 802 |
| 연결 단위 구동 흔적 | 24.6±1.2 / 8.3 / 892 | 14.3±0.2 / 16.3 / 761 | 13.2±0.7 / 28.8 / 593 |
| 동시 발화×abs(w) | 18.0±2.0 / 12.2 / 830 | 13.3±0.7 / 24.3 / 652 | 11.9±0.8 / 38.7 / 466 |
| RIA (행별) | 77.1±1.2 / 8.8 / 1042 | 35.7±3.8 / 13.6 / 991 | 13.4±0.8 / 14.7 / 974 |
| RIA (층 순위) | 85.2±0.2 / 0.2 / 975 | 51.8±3.3 / 0.1 / 963 | 16.8±2.1 / 1.1 / 937 |
| 흐름만 (가중치 없음) | 20.6±1.0 / 6.6 / 734 | 11.8±0.7 / 18.1 / 445 | 10.4±0.3 / 29.5 / 237 |
| 무작위 | 10.0±0.0 / 0.2 / 1150 | 10.0±0.0 / 1.5 / 1134 | 10.0±0.0 / 3.5 / 1109 |

## BN 재보정 전 정확도 (균일 배분, 참고)

| 기준 | 50% | 30% | 20% | 10% | 5% | 2% | 1% |
|---|---|---|---|---|---|---|---|
| Wanda (행별, 원본) | 88.7 | 57.8 | 21.3 | 13.5 | 10.2 | 10.0 | 10.0 |
| 보내는×받는 흐름 (층 순위) | 87.4 | 49.0 | 20.4 | 11.7 | 10.0 | 10.0 | 10.0 |
| 크기 (층 순위) | 89.6 | 70.0 | 33.4 | 13.1 | 12.6 | 11.6 | 10.0 |
W1007 19:09:23.165000 86748 .venv\Lib\site-packages\torch\utils\flop_counter.py:29] triton not found; flop counting will not work for triton kernels
  [h1c extra s0] done
  [h1c extra s1] done
  [h1c extra s2] done

## H1c 추가: RIA (Zhang 등 2024, 행합·열합 정규화 — 허브 반대 방향) — 정확도 % ± 표준편차 / 살아 있는 은닉 뉴런

| 기준 | 50% | 30% | 20% | 10% | 5% | 2% | 1% | 0.5% | 학습 배분 1% | 학습 배분 0.5% |
|---|---|---|---|---|---|---|---|---|---|---|
| ria_row | 98.0±0.1 / 1876 | 97.3±0.1 / 1742 | 96.9±0.1 / 1666 | 96.1±0.6 / 1564 | 92.8±0.6 / 1490 | 62.4±5.1 / 1395 | 32.8±7.5 / 1327 | 11.1±1.2 / 1269 | 25.0±6.5 / 905 | 10.0±0.4 / 724 |
| ria_layer | 98.1±0.1 / 1880 | 97.5±0.2 / 1747 | 97.0±0.2 / 1665 | 96.6±0.3 / 1569 | 95.4±0.6 / 1494 | 83.8±1.4 / 1391 | 57.0±3.4 / 1301 | 36.1±3.3 / 1201 | 46.4±4.5 / 908 | 23.7±3.7 / 702 |
P3_CHAIN5_DONE 2026-10-07 19:09:28.36 
